Archive member included to satisfy reference by file (symbol)

/usr/local/Caskroom/gcc-arm-embedded/9-2019-q4-major/gcc-arm-none-eabi-9-2019-q4-major/bin/../lib/gcc/arm-none-eabi/9.2.1/../../../../arm-none-eabi/lib/thumb/v7-m/nofp/libc_nano.a(lib_a-exit.o)
                              /usr/local/Caskroom/gcc-arm-embedded/9-2019-q4-major/gcc-arm-none-eabi-9-2019-q4-major/bin/../lib/gcc/arm-none-eabi/9.2.1/../../../../arm-none-eabi/lib/thumb/v7-m/nofp/crt0.o (exit)
/usr/local/Caskroom/gcc-arm-embedded/9-2019-q4-major/gcc-arm-none-eabi-9-2019-q4-major/bin/../lib/gcc/arm-none-eabi/9.2.1/../../../../arm-none-eabi/lib/thumb/v7-m/nofp/libc_nano.a(lib_a-impure.o)
                              /usr/local/Caskroom/gcc-arm-embedded/9-2019-q4-major/gcc-arm-none-eabi-9-2019-q4-major/bin/../lib/gcc/arm-none-eabi/9.2.1/../../../../arm-none-eabi/lib/thumb/v7-m/nofp/libc_nano.a(lib_a-exit.o) (_global_impure_ptr)
/usr/local/Caskroom/gcc-arm-embedded/9-2019-q4-major/gcc-arm-none-eabi-9-2019-q4-major/bin/../lib/gcc/arm-none-eabi/9.2.1/../../../../arm-none-eabi/lib/thumb/v7-m/nofp/libc_nano.a(lib_a-init.o)
                              /usr/local/Caskroom/gcc-arm-embedded/9-2019-q4-major/gcc-arm-none-eabi-9-2019-q4-major/bin/../lib/gcc/arm-none-eabi/9.2.1/../../../../arm-none-eabi/lib/thumb/v7-m/nofp/crt0.o (__libc_init_array)
/usr/local/Caskroom/gcc-arm-embedded/9-2019-q4-major/gcc-arm-none-eabi-9-2019-q4-major/bin/../lib/gcc/arm-none-eabi/9.2.1/../../../../arm-none-eabi/lib/thumb/v7-m/nofp/libc_nano.a(lib_a-memcpy-stub.o)
                              build/queue.o (memcpy)
/usr/local/Caskroom/gcc-arm-embedded/9-2019-q4-major/gcc-arm-none-eabi-9-2019-q4-major/bin/../lib/gcc/arm-none-eabi/9.2.1/../../../../arm-none-eabi/lib/thumb/v7-m/nofp/libc_nano.a(lib_a-memset.o)
                              /usr/local/Caskroom/gcc-arm-embedded/9-2019-q4-major/gcc-arm-none-eabi-9-2019-q4-major/bin/../lib/gcc/arm-none-eabi/9.2.1/../../../../arm-none-eabi/lib/thumb/v7-m/nofp/crt0.o (memset)
/usr/local/Caskroom/gcc-arm-embedded/9-2019-q4-major/gcc-arm-none-eabi-9-2019-q4-major/bin/../lib/gcc/arm-none-eabi/9.2.1/../../../../arm-none-eabi/lib/thumb/v7-m/nofp/libc_nano.a(lib_a-strlen.o)
                              build/main.o (strlen)
/usr/local/Caskroom/gcc-arm-embedded/9-2019-q4-major/gcc-arm-none-eabi-9-2019-q4-major/bin/../lib/gcc/arm-none-eabi/9.2.1/../../../../arm-none-eabi/lib/thumb/v7-m/nofp/libc_nano.a(lib_a-vsnprintf.o)
                              build/main.o (vsnprintf)
/usr/local/Caskroom/gcc-arm-embedded/9-2019-q4-major/gcc-arm-none-eabi-9-2019-q4-major/bin/../lib/gcc/arm-none-eabi/9.2.1/../../../../arm-none-eabi/lib/thumb/v7-m/nofp/libc_nano.a(lib_a-nano-svfprintf.o)
                              /usr/local/Caskroom/gcc-arm-embedded/9-2019-q4-major/gcc-arm-none-eabi-9-2019-q4-major/bin/../lib/gcc/arm-none-eabi/9.2.1/../../../../arm-none-eabi/lib/thumb/v7-m/nofp/libc_nano.a(lib_a-vsnprintf.o) (_svfprintf_r)
/usr/local/Caskroom/gcc-arm-embedded/9-2019-q4-major/gcc-arm-none-eabi-9-2019-q4-major/bin/../lib/gcc/arm-none-eabi/9.2.1/../../../../arm-none-eabi/lib/thumb/v7-m/nofp/libc_nano.a(lib_a-nano-vfprintf_i.o)
                              /usr/local/Caskroom/gcc-arm-embedded/9-2019-q4-major/gcc-arm-none-eabi-9-2019-q4-major/bin/../lib/gcc/arm-none-eabi/9.2.1/../../../../arm-none-eabi/lib/thumb/v7-m/nofp/libc_nano.a(lib_a-nano-svfprintf.o) (_printf_i)
/usr/local/Caskroom/gcc-arm-embedded/9-2019-q4-major/gcc-arm-none-eabi-9-2019-q4-major/bin/../lib/gcc/arm-none-eabi/9.2.1/../../../../arm-none-eabi/lib/thumb/v7-m/nofp/libc_nano.a(lib_a-memchr-stub.o)
                              /usr/local/Caskroom/gcc-arm-embedded/9-2019-q4-major/gcc-arm-none-eabi-9-2019-q4-major/bin/../lib/gcc/arm-none-eabi/9.2.1/../../../../arm-none-eabi/lib/thumb/v7-m/nofp/libc_nano.a(lib_a-nano-svfprintf.o) (memchr)
/usr/local/Caskroom/gcc-arm-embedded/9-2019-q4-major/gcc-arm-none-eabi-9-2019-q4-major/bin/../lib/gcc/arm-none-eabi/9.2.1/../../../../arm-none-eabi/lib/thumb/v7-m/nofp/libc_nano.a(lib_a-memmove.o)
                              /usr/local/Caskroom/gcc-arm-embedded/9-2019-q4-major/gcc-arm-none-eabi-9-2019-q4-major/bin/../lib/gcc/arm-none-eabi/9.2.1/../../../../arm-none-eabi/lib/thumb/v7-m/nofp/libc_nano.a(lib_a-nano-svfprintf.o) (memmove)
/usr/local/Caskroom/gcc-arm-embedded/9-2019-q4-major/gcc-arm-none-eabi-9-2019-q4-major/bin/../lib/gcc/arm-none-eabi/9.2.1/../../../../arm-none-eabi/lib/thumb/v7-m/nofp/libc_nano.a(lib_a-nano-freer.o)
                              /usr/local/Caskroom/gcc-arm-embedded/9-2019-q4-major/gcc-arm-none-eabi-9-2019-q4-major/bin/../lib/gcc/arm-none-eabi/9.2.1/../../../../arm-none-eabi/lib/thumb/v7-m/nofp/libc_nano.a(lib_a-nano-svfprintf.o) (_free_r)
/usr/local/Caskroom/gcc-arm-embedded/9-2019-q4-major/gcc-arm-none-eabi-9-2019-q4-major/bin/../lib/gcc/arm-none-eabi/9.2.1/../../../../arm-none-eabi/lib/thumb/v7-m/nofp/libc_nano.a(lib_a-nano-mallocr.o)
[...]
Memory Configuration

Name             Origin             Length             Attributes
RAM              0x0000000020000000 0x0000000000005000 xrw
FLASH            0x0000000008000000 0x0000000000010000 xr
*default*        0x0000000000000000 0xffffffffffffffff

Linker script and memory map

LOAD /usr/local/Caskroom/gcc-arm-embedded/9-2019-q4-major/gcc-arm-none-eabi-9-2019-q4-major/bin/../lib/gcc/arm-none-eabi/9.2.1/thumb/v7-m/nofp/crti.o
LOAD /usr/local/Caskroom/gcc-arm-embedded/9-2019-q4-major/gcc-arm-none-eabi-9-2019-q4-major/bin/../lib/gcc/arm-none-eabi/9.2.1/thumb/v7-m/nofp/crtbegin.o
LOAD /usr/local/Caskroom/gcc-arm-embedded/9-2019-q4-major/gcc-arm-none-eabi-9-2019-q4-major/bin/../lib/gcc/arm-none-eabi/9.2.1/../../../../arm-none-eabi/lib/thumb/v7-m/nofp/crt0.o
LOAD build/main.o
LOAD build/freertos.o
LOAD build/stm32f1xx_it.o
LOAD build/stm32f1xx_hal_msp.o
LOAD build/stm32f1xx_hal_timebase_tim.o
LOAD build/stm32f1xx_hal_gpio_ex.o
LOAD build/stm32f1xx_hal.o
LOAD build/stm32f1xx_hal_rcc.o
LOAD build/stm32f1xx_hal_rcc_ex.o
LOAD build/stm32f1xx_hal_gpio.o
LOAD build/stm32f1xx_hal_dma.o
LOAD build/stm32f1xx_hal_cortex.o
LOAD build/stm32f1xx_hal_pwr.o
LOAD build/stm32f1xx_hal_flash.o
LOAD build/stm32f1xx_hal_flash_ex.o
LOAD build/stm32f1xx_hal_exti.o
LOAD build/stm32f1xx_hal_tim.o
LOAD build/stm32f1xx_hal_tim_ex.o
LOAD build/stm32f1xx_hal_uart.o
LOAD build/system_stm32f1xx.o
LOAD build/croutine.o
LOAD build/event_groups.o
LOAD build/list.o
LOAD build/queue.o
LOAD build/stream_buffer.o
LOAD build/tasks.o
LOAD build/timers.o
LOAD build/cmsis_os2.o
LOAD build/heap_4.o
LOAD build/port.o
LOAD build/startup_stm32f103xb.o
LOAD /usr/local/Caskroom/gcc-arm-embedded/9-2019-q4-major/gcc-arm-none-eabi-9-2019-q4-major/bin/../lib/gcc/arm-none-eabi/9.2.1/../../../../arm-none-eabi/lib/thumb/v7-m/nofp/libc_nano.a
LOAD /usr/local/Caskroom/gcc-arm-embedded/9-2019-q4-major/gcc-arm-none-eabi-9-2019-q4-major/bin/../lib/gcc/arm-none-eabi/9.2.1/../../../../arm-none-eabi/lib/thumb/v7-m/nofp/libm.a
LOAD /usr/local/Caskroom/gcc-arm-embedded/9-2019-q4-major/gcc-arm-none-eabi-9-2019-q4-major/bin/../lib/gcc/arm-none-eabi/9.2.1/../../../../arm-none-eabi/lib/thumb/v7-m/nofp/libnosys.a
START GROUP
LOAD /usr/local/Caskroom/gcc-arm-embedded/9-2019-q4-major/gcc-arm-none-eabi-9-2019-q4-major/bin/../lib/gcc/arm-none-eabi/9.2.1/thumb/v7-m/nofp/libgcc.a
LOAD /usr/local/Caskroom/gcc-arm-embedded/9-2019-q4-major/gcc-arm-none-eabi-9-2019-q4-major/bin/../lib/gcc/arm-none-eabi/9.2.1/../../../../arm-none-eabi/lib/thumb/v7-m/nofp/libc_nano.a
END GROUP
START GROUP
LOAD /usr/local/Caskroom/gcc-arm-embedded/9-2019-q4-major/gcc-arm-none-eabi-9-2019-q4-major/bin/../lib/gcc/arm-none-eabi/9.2.1/thumb/v7-m/nofp/libgcc.a
LOAD /usr/local/Caskroom/gcc-arm-embedded/9-2019-q4-major/gcc-arm-none-eabi-9-2019-q4-major/bin/../lib/gcc/arm-none-eabi/9.2.1/../../../../arm-none-eabi/lib/thumb/v7-m/nofp/libc_nano.a
END GROUP
LOAD /usr/local/Caskroom/gcc-arm-embedded/9-2019-q4-major/gcc-arm-none-eabi-9-2019-q4-major/bin/../lib/gcc/arm-none-eabi/9.2.1/thumb/v7-m/nofp/crtend.o
LOAD /usr/local/Caskroom/gcc-arm-embedded/9-2019-q4-major/gcc-arm-none-eabi-9-2019-q4-major/bin/../lib/gcc/arm-none-eabi/9.2.1/thumb/v7-m/nofp/crtn.o
                0x0000000020005000                _estack = 0x20005000
                0x0000000000000200                _Min_Heap_Size = 0x200
                0x0000000000000400                _Min_Stack_Size = 0x400

.isr_vector     0x0000000008000000      0x10c
                0x0000000008000000                . = ALIGN (0x4)
 *(.isr_vector)
 .isr_vector    0x0000000008000000      0x10c build/startup_stm32f103xb.o
                0x0000000008000000                g_pfnVectors
                0x000000000800010c                . = ALIGN (0x4)

.text           0x0000000008000110     0x3eec
                0x0000000008000110                . = ALIGN (0x4)
 *(.text)
 .text          0x0000000008000110       0x40 /usr/local/Caskroom/gcc-arm-embedded/9-2019-q4-major/gcc-arm-none-eabi-9-2019-q4-major/bin/../lib/gcc/arm-none-eabi/9.2.1/thumb/v7-m/nofp/crtbegin.o
 .text          0x0000000008000150       0x10 /usr/local/Caskroom/gcc-arm-embedded/9-2019-q4-major/gcc-arm-none-eabi-9-2019-q4-major/bin/../lib/gcc/arm-none-eabi/9.2.1/../../../../arm-none-eabi/lib/thumb/v7-m/nofp/libc_nano.a(lib_a-strlen.o)
                0x0000000008000150                strlen
 *(.text*)
 .text.MX_GPIO_Init
                0x0000000008000160       0x44 build/main.o
 .text.MX_DMA_Init
                0x00000000080001a4       0x44 build/main.o
 .text.MX_USART1_UART_Init
                0x00000000080001e8       0x2c build/main.o
 .text.Println  0x0000000008000214       0x6c build/main.o
 .text.StartDefaultTask
                0x0000000008000280       0x1c build/main.o
                0x0000000008000280                StartDefaultTask
 .text.SystemClock_Config
                0x000000000800029c       0x4a build/main.o
                0x000000000800029c                SystemClock_Config
 *fill*         0x00000000080002e6        0x2 
 .text.main     0x00000000080002e8       0x64 build/main.o
                0x00000000080002e8                main
 .text.HAL_UART_RxCpltCallback
                0x000000000800034c        0x4 build/main.o
                0x000000000800034c                HAL_UART_RxCpltCallback
 .text.HAL_UART_TxCpltCallback
                0x0000000008000350        0x2 build/main.o
                0x0000000008000350                HAL_UART_TxCpltCallback
 *fill*         0x0000000008000352        0x2 
 .text.HAL_TIM_PeriodElapsedCallback
                0x0000000008000354       0x18 build/main.o
                0x0000000008000354                HAL_TIM_PeriodElapsedCallback
 .text.Error_Handler
                0x000000000800036c        0x2 build/main.o
                0x000000000800036c                Error_Handler
 .text.NMI_Handler
                0x000000000800036e        0x2 build/stm32f1xx_it.o
                0x000000000800036e                NMI_Handler
 .text.HardFault_Handler
                0x0000000008000370        0x2 build/stm32f1xx_it.o
                0x0000000008000370                HardFault_Handler
 .text.MemManage_Handler
                0x0000000008000372        0x2 build/stm32f1xx_it.o
                0x0000000008000372                MemManage_Handler
 .text.BusFault_Handler
                0x0000000008000374        0x2 build/stm32f1xx_it.o
                0x0000000008000374                BusFault_Handler
 .text.UsageFault_Handler
                0x0000000008000376        0x2 build/stm32f1xx_it.o
                0x0000000008000376                UsageFault_Handler
 .text.DebugMon_Handler
                0x0000000008000378        0x2 build/stm32f1xx_it.o
                0x0000000008000378                DebugMon_Handler
 .text.RCC_IRQHandler
                0x000000000800037a        0x2 build/stm32f1xx_it.o
                0x000000000800037a                RCC_IRQHandler
 .text.DMA1_Channel4_IRQHandler
                0x000000000800037c       0x10 build/stm32f1xx_it.o
                0x000000000800037c                DMA1_Channel4_IRQHandler
 .text.DMA1_Channel5_IRQHandler
                0x000000000800038c       0x10 build/stm32f1xx_it.o
                0x000000000800038c                DMA1_Channel5_IRQHandler
 .text.TIM4_IRQHandler
                0x000000000800039c       0x10 build/stm32f1xx_it.o
                0x000000000800039c                TIM4_IRQHandler
 .text.USART1_IRQHandler
                0x00000000080003ac       0x10 build/stm32f1xx_it.o
                0x00000000080003ac                USART1_IRQHandler
 .text.HAL_MspInit
                0x00000000080003bc       0x64 build/stm32f1xx_hal_msp.o
                0x00000000080003bc                HAL_MspInit
 .text.HAL_UART_MspInit
                0x0000000008000420       0xf0 build/stm32f1xx_hal_msp.o
                0x0000000008000420                HAL_UART_MspInit
 .text.HAL_InitTick
                0x0000000008000510       0x78 build/stm32f1xx_hal_timebase_tim.o
                0x0000000008000510                HAL_InitTick
 .text.HAL_Init
                0x0000000008000588       0x24 build/stm32f1xx_hal.o
                0x0000000008000588                HAL_Init
 .text.HAL_IncTick
                0x00000000080005ac       0x18 build/stm32f1xx_hal.o
                0x00000000080005ac                HAL_IncTick
 .text.HAL_GetTick
                0x00000000080005c4        0xc build/stm32f1xx_hal.o
                0x00000000080005c4                HAL_GetTick
 .text.RCC_Delay
                0x00000000080005d0       0x2c build/stm32f1xx_hal_rcc.o
 .text.HAL_RCC_OscConfig
                0x00000000080005fc      0x410 build/stm32f1xx_hal_rcc.o
                0x00000000080005fc                HAL_RCC_OscConfig
 .text.HAL_RCC_GetSysClockFreq
                0x0000000008000a0c       0x6c build/stm32f1xx_hal_rcc.o
                0x0000000008000a0c                HAL_RCC_GetSysClockFreq
 .text.HAL_RCC_ClockConfig
                0x0000000008000a78      0x16c build/stm32f1xx_hal_rcc.o
                0x0000000008000a78                HAL_RCC_ClockConfig
 .text.HAL_RCC_GetHCLKFreq
                0x0000000008000be4        0xc build/stm32f1xx_hal_rcc.o
                0x0000000008000be4                HAL_RCC_GetHCLKFreq
 .text.HAL_RCC_GetPCLK1Freq
                0x0000000008000bf0       0x20 build/stm32f1xx_hal_rcc.o
                0x0000000008000bf0                HAL_RCC_GetPCLK1Freq
 .text.HAL_RCC_GetPCLK2Freq
                0x0000000008000c10       0x20 build/stm32f1xx_hal_rcc.o
                0x0000000008000c10                HAL_RCC_GetPCLK2Freq
 .text.HAL_RCC_GetClockConfig
                0x0000000008000c30       0x3c build/stm32f1xx_hal_rcc.o
                0x0000000008000c30                HAL_RCC_GetClockConfig
 .text.HAL_GPIO_Init
                0x0000000008000c6c      0x220 build/stm32f1xx_hal_gpio.o
                0x0000000008000c6c                HAL_GPIO_Init
 .text.DMA_SetConfig
                0x0000000008000e8c       0x2c build/stm32f1xx_hal_dma.o
 .text.HAL_DMA_Init
                0x0000000008000eb8       0x6c build/stm32f1xx_hal_dma.o
                0x0000000008000eb8                HAL_DMA_Init
 .text.HAL_DMA_Start_IT
                0x0000000008000f24       0x74 build/stm32f1xx_hal_dma.o
                0x0000000008000f24                HAL_DMA_Start_IT
 .text.HAL_DMA_Abort_IT
                0x0000000008000f98       0x98 build/stm32f1xx_hal_dma.o
                0x0000000008000f98                HAL_DMA_Abort_IT
 .text.HAL_DMA_IRQHandler
                0x0000000008001030      0x144 build/stm32f1xx_hal_dma.o
                0x0000000008001030                HAL_DMA_IRQHandler
 .text.HAL_NVIC_SetPriorityGrouping
                0x0000000008001174       0x24 build/stm32f1xx_hal_cortex.o
                0x0000000008001174                HAL_NVIC_SetPriorityGrouping
 .text.HAL_NVIC_SetPriority
                0x0000000008001198       0x68 build/stm32f1xx_hal_cortex.o
                0x0000000008001198                HAL_NVIC_SetPriority
 .text.HAL_NVIC_EnableIRQ
                0x0000000008001200       0x1c build/stm32f1xx_hal_cortex.o
                0x0000000008001200                HAL_NVIC_EnableIRQ
 .text.HAL_TIM_Base_MspInit
                0x000000000800121c        0x2 build/stm32f1xx_hal_tim.o
                0x000000000800121c                HAL_TIM_Base_MspInit
 .text.HAL_TIM_Base_Start_IT
                0x000000000800121e       0x22 build/stm32f1xx_hal_tim.o
                0x000000000800121e                HAL_TIM_Base_Start_IT
 .text.HAL_TIM_OC_DelayElapsedCallback
                0x0000000008001240        0x2 build/stm32f1xx_hal_tim.o
                0x0000000008001240                HAL_TIM_OC_DelayElapsedCallback
 .text.HAL_TIM_IC_CaptureCallback
                0x0000000008001242        0x2 build/stm32f1xx_hal_tim.o
                0x0000000008001242                HAL_TIM_IC_CaptureCallback
 .text.HAL_TIM_PWM_PulseFinishedCallback
                0x0000000008001244        0x2 build/stm32f1xx_hal_tim.o
                0x0000000008001244                HAL_TIM_PWM_PulseFinishedCallback
 .text.HAL_TIM_TriggerCallback
                0x0000000008001246        0x2 build/stm32f1xx_hal_tim.o
                0x0000000008001246                HAL_TIM_TriggerCallback
 .text.HAL_TIM_IRQHandler
                0x0000000008001248      0x17a build/stm32f1xx_hal_tim.o
                0x0000000008001248                HAL_TIM_IRQHandler
 *fill*         0x00000000080013c2        0x2 
 .text.TIM_Base_SetConfig
                0x00000000080013c4       0x74 build/stm32f1xx_hal_tim.o
                0x00000000080013c4                TIM_Base_SetConfig
 .text.HAL_TIM_Base_Init
                0x0000000008001438       0x34 build/stm32f1xx_hal_tim.o
                0x0000000008001438                HAL_TIM_Base_Init
 .text.HAL_TIMEx_CommutCallback
                0x000000000800146c        0x2 build/stm32f1xx_hal_tim_ex.o
                0x000000000800146c                HAL_TIMEx_CommutCallback
 .text.HAL_TIMEx_BreakCallback
                0x000000000800146e        0x2 build/stm32f1xx_hal_tim_ex.o
                0x000000000800146e                HAL_TIMEx_BreakCallback
 .text.UART_EndTxTransfer
                0x0000000008001470       0x12 build/stm32f1xx_hal_uart.o
 .text.UART_EndRxTransfer
                0x0000000008001482       0x1c build/stm32f1xx_hal_uart.o
 .text.UART_Transmit_IT
                0x000000000800149e       0x66 build/stm32f1xx_hal_uart.o
 .text.UART_SetConfig
                0x0000000008001504       0xcc build/stm32f1xx_hal_uart.o
 .text.HAL_UART_Init
                0x00000000080015d0       0x5e build/stm32f1xx_hal_uart.o
                0x00000000080015d0                HAL_UART_Init
 *fill*         0x000000000800162e        0x2 
 .text.HAL_UART_Transmit_DMA
                0x0000000008001630       0x8c build/stm32f1xx_hal_uart.o
                0x0000000008001630                HAL_UART_Transmit_DMA
 .text.HAL_UART_Receive_DMA
                0x00000000080016bc       0xa8 build/stm32f1xx_hal_uart.o
                0x00000000080016bc                HAL_UART_Receive_DMA
 .text.UART_DMATransmitCplt
                0x0000000008001764       0x30 build/stm32f1xx_hal_uart.o
 .text.UART_EndTransmit_IT
                0x0000000008001794       0x1a build/stm32f1xx_hal_uart.o
 .text.HAL_UART_TxHalfCpltCallback
                0x00000000080017ae        0x2 build/stm32f1xx_hal_uart.o
                0x00000000080017ae                HAL_UART_TxHalfCpltCallback
 .text.UART_DMATxHalfCplt
                0x00000000080017b0        0xa build/stm32f1xx_hal_uart.o
 .text.UART_DMAReceiveCplt
                0x00000000080017ba       0x3e build/stm32f1xx_hal_uart.o
 .text.UART_Receive_IT
                0x00000000080017f8       0x9e build/stm32f1xx_hal_uart.o
 .text.HAL_UART_RxHalfCpltCallback
                0x0000000008001896        0x2 build/stm32f1xx_hal_uart.o
                0x0000000008001896                HAL_UART_RxHalfCpltCallback
 .text.UART_DMARxHalfCplt
                0x0000000008001898        0xa build/stm32f1xx_hal_uart.o
 .text.HAL_UART_ErrorCallback
                0x00000000080018a2        0x2 build/stm32f1xx_hal_uart.o
                0x00000000080018a2                HAL_UART_ErrorCallback
 .text.UART_DMAError
                0x00000000080018a4       0x58 build/stm32f1xx_hal_uart.o
 .text.HAL_UART_IRQHandler
                0x00000000080018fc      0x120 build/stm32f1xx_hal_uart.o
                0x00000000080018fc                HAL_UART_IRQHandler
 .text.UART_DMAAbortOnError
                0x0000000008001a1c       0x10 build/stm32f1xx_hal_uart.o
 .text.SystemInit
                0x0000000008001a2c       0x4c build/system_stm32f1xx.o
                0x0000000008001a2c                SystemInit
 .text.vListInitialise
                0x0000000008001a78       0x16 build/list.o
                0x0000000008001a78                vListInitialise
 .text.vListInitialiseItem
                0x0000000008001a8e        0x6 build/list.o
                0x0000000008001a8e                vListInitialiseItem
 .text.vListInsertEnd
                0x0000000008001a94       0x16 build/list.o
                0x0000000008001a94                vListInsertEnd
 .text.vListInsert
                0x0000000008001aaa       0x32 build/list.o
                0x0000000008001aaa                vListInsert
 .text.uxListRemove
                0x0000000008001adc       0x26 build/list.o
                0x0000000008001adc                uxListRemove
 .text.prvIsQueueFull
                0x0000000008001b02       0x1e build/queue.o
 .text.prvIsQueueEmpty
                0x0000000008001b20       0x1a build/queue.o
 .text.prvCopyDataToQueue
                0x0000000008001b3a       0x76 build/queue.o
 .text.prvCopyDataFromQueue
                0x0000000008001bb0       0x24 build/queue.o
 .text.prvUnlockQueue
                0x0000000008001bd4       0x6e build/queue.o
 *fill*         0x0000000008001c42        0x2 
 .text.xQueueGenericReset
                0x0000000008001c44       0x84 build/queue.o
                0x0000000008001c44                xQueueGenericReset
 .text.prvInitialiseNewQueue
                0x0000000008001cc8       0x22 build/queue.o
 .text.xQueueGenericCreateStatic
                0x0000000008001cea       0x92 build/queue.o
                0x0000000008001cea                xQueueGenericCreateStatic
 .text.xQueueGenericSend
                0x0000000008001d7c      0x180 build/queue.o
                0x0000000008001d7c                xQueueGenericSend
 .text.xQueueGenericSendFromISR
                0x0000000008001efc       0xce build/queue.o
                0x0000000008001efc                xQueueGenericSendFromISR
 *fill*         0x0000000008001fca        0x2 
 .text.xQueueReceive
                0x0000000008001fcc      0x15c build/queue.o
                0x0000000008001fcc                xQueueReceive
 .text.vQueueAddToRegistry
                0x0000000008002128       0x28 build/queue.o
                0x0000000008002128                vQueueAddToRegistry
 .text.vQueueWaitForMessageRestricted
                0x0000000008002150       0x52 build/queue.o
                0x0000000008002150                vQueueWaitForMessageRestricted
 *fill*         0x00000000080021a2        0x2 
 .text.prvResetNextTaskUnblockTime
                0x00000000080021a4       0x2c build/tasks.o
 .text.prvInitialiseNewTask
                0x00000000080021d0       0x90 build/tasks.o
 .text.prvInitialiseTaskLists
                0x0000000008002260       0x68 build/tasks.o
 .text.prvAddNewTaskToReadyList
                0x00000000080022c8       0xac build/tasks.o
 .text.prvDeleteTCB
                0x0000000008002374       0x38 build/tasks.o
 .text.prvCheckTasksWaitingTermination
                0x00000000080023ac       0x4c build/tasks.o
 .text.prvIdleTask
                0x00000000080023f8       0x28 build/tasks.o
 .text.prvAddCurrentTaskToDelayedList
                0x0000000008002420       0x7c build/tasks.o
 .text.xTaskCreateStatic
                0x000000000800249c       0x72 build/tasks.o
                0x000000000800249c                xTaskCreateStatic
 .text.xTaskCreate
                0x000000000800250e       0x68 build/tasks.o
                0x000000000800250e                xTaskCreate
 *fill*         0x0000000008002576        0x2 
 .text.vTaskStartScheduler
                0x0000000008002578       0x94 build/tasks.o
                0x0000000008002578                vTaskStartScheduler
 .text.vTaskSuspendAll
                0x000000000800260c       0x10 build/tasks.o
                0x000000000800260c                vTaskSuspendAll
 .text.xTaskGetTickCount
                0x000000000800261c        0xc build/tasks.o
                0x000000000800261c                xTaskGetTickCount
 .text.xTaskIncrementTick
                0x0000000008002628      0x118 build/tasks.o
                0x0000000008002628                xTaskIncrementTick
 .text.xTaskResumeAll
                0x0000000008002740       0xf8 build/tasks.o
                0x0000000008002740                xTaskResumeAll
 .text.vTaskDelay
                0x0000000008002838       0x4c build/tasks.o
                0x0000000008002838                vTaskDelay
 .text.vTaskSwitchContext
                0x0000000008002884       0x94 build/tasks.o
                0x0000000008002884                vTaskSwitchContext
 .text.vTaskPlaceOnEventList
                0x0000000008002918       0x30 build/tasks.o
                0x0000000008002918                vTaskPlaceOnEventList
 .text.vTaskPlaceOnEventListRestricted
                0x0000000008002948       0x38 build/tasks.o
                0x0000000008002948                vTaskPlaceOnEventListRestricted
 .text.xTaskRemoveFromEventList
                0x0000000008002980       0x8c build/tasks.o
                0x0000000008002980                xTaskRemoveFromEventList
 .text.vTaskInternalSetTimeOutState
                0x0000000008002a0c       0x18 build/tasks.o
                0x0000000008002a0c                vTaskInternalSetTimeOutState
 .text.xTaskCheckForTimeOut
                0x0000000008002a24       0x84 build/tasks.o
                0x0000000008002a24                xTaskCheckForTimeOut
 .text.vTaskMissedYield
                0x0000000008002aa8        0xc build/tasks.o
                0x0000000008002aa8                vTaskMissedYield
 .text.xTaskGetSchedulerState
                0x0000000008002ab4       0x20 build/tasks.o
                0x0000000008002ab4                xTaskGetSchedulerState
 .text.xTaskPriorityDisinherit
                0x0000000008002ad4       0x90 build/tasks.o
                0x0000000008002ad4                xTaskPriorityDisinherit
 .text.prvGetNextExpireTime
                0x0000000008002b64       0x20 build/timers.o
 .text.prvInsertTimerInActiveList
                0x0000000008002b84       0x48 build/timers.o
 .text.prvCheckForValidListAndQueue
                0x0000000008002bcc       0x70 build/timers.o
 .text.xTimerCreateTimerTask
                0x0000000008002c3c       0x64 build/timers.o
                0x0000000008002c3c                xTimerCreateTimerTask
 .text.xTimerGenericCommand
                0x0000000008002ca0       0x6c build/timers.o
                0x0000000008002ca0                xTimerGenericCommand
 .text.prvSwitchTimerLists
                0x0000000008002d0c       0x78 build/timers.o
 .text.prvSampleTimeNow
                0x0000000008002d84       0x2c build/timers.o
 .text.prvProcessExpiredTimer
                0x0000000008002db0       0x60 build/timers.o
 .text.prvProcessTimerOrBlockTask
                0x0000000008002e10       0x74 build/timers.o
 .text.prvProcessReceivedCommands
                0x0000000008002e84       0xf8 build/timers.o
 .text.prvTimerTask
                0x0000000008002f7c       0x16 build/timers.o
 *fill*         0x0000000008002f92        0x2 
 .text.osKernelInitialize
                0x0000000008002f94       0x44 build/cmsis_os2.o
                0x0000000008002f94                osKernelInitialize
 .text.osKernelStart
                0x0000000008002fd8       0x4c build/cmsis_os2.o
                0x0000000008002fd8                osKernelStart
 .text.osThreadNew
                0x0000000008003024       0xec build/cmsis_os2.o
                0x0000000008003024                osThreadNew
 .text.osDelay  0x0000000008003110       0x44 build/cmsis_os2.o
                0x0000000008003110                osDelay
 .text.vApplicationGetIdleTaskMemory
                0x0000000008003154       0x18 build/cmsis_os2.o
                0x0000000008003154                vApplicationGetIdleTaskMemory
 .text.vApplicationGetTimerTaskMemory
                0x000000000800316c       0x18 build/cmsis_os2.o
                0x000000000800316c                vApplicationGetTimerTaskMemory
 .text.prvHeapInit
                0x0000000008003184       0x64 build/heap_4.o
 .text.prvInsertBlockIntoFreeList
                0x00000000080031e8       0x54 build/heap_4.o
 .text.pvPortMalloc
                0x000000000800323c       0xf0 build/heap_4.o
                0x000000000800323c                pvPortMalloc
 .text.vPortFree
                0x000000000800332c       0x70 build/heap_4.o
                0x000000000800332c                vPortFree
 .text.prvTaskExitError
                0x000000000800339c       0x40 build/port.o
 .text.prvPortStartFirstTask
                0x00000000080033dc       0x20 build/port.o
 .text.pxPortInitialiseStack
                0x00000000080033fc       0x24 build/port.o
                0x00000000080033fc                pxPortInitialiseStack
 .text.SVC_Handler
                0x0000000008003420       0x24 build/port.o
                0x0000000008003420                SVC_Handler
 .text.vPortEnterCritical
                0x0000000008003444       0x44 build/port.o
                0x0000000008003444                vPortEnterCritical
 .text.vPortExitCritical
                0x0000000008003488       0x2c build/port.o
                0x0000000008003488                vPortExitCritical
 *fill*         0x00000000080034b4        0xc 
 .text.PendSV_Handler
                0x00000000080034c0       0x44 build/port.o
                0x00000000080034c0                PendSV_Handler
 .text.SysTick_Handler
                0x0000000008003504       0x2c build/port.o
                0x0000000008003504                SysTick_Handler
 .text.vPortSetupTimerInterrupt
                0x0000000008003530       0x38 build/port.o
                0x0000000008003530                vPortSetupTimerInterrupt
 .text.xPortStartScheduler
                0x0000000008003568       0xb8 build/port.o
                0x0000000008003568                xPortStartScheduler
 .text.vPortValidateInterruptPriority
                0x0000000008003620       0x5c build/port.o
                0x0000000008003620                vPortValidateInterruptPriority
 .text.Reset_Handler
                0x000000000800367c       0x48 build/startup_stm32f103xb.o
                0x000000000800367c                Reset_Handler
 .text.Default_Handler
                0x00000000080036c4        0x2 build/startup_stm32f103xb.o
                0x00000000080036c4                USBWakeUp_IRQHandler
                0x00000000080036c4                EXTI2_IRQHandler
                0x00000000080036c4                TIM1_CC_IRQHandler
                0x00000000080036c4                PVD_IRQHandler
                0x00000000080036c4                EXTI3_IRQHandler
                0x00000000080036c4                EXTI0_IRQHandler
                0x00000000080036c4                I2C2_EV_IRQHandler
                0x00000000080036c4                ADC1_2_IRQHandler
                0x00000000080036c4                SPI1_IRQHandler
                0x00000000080036c4                TAMPER_IRQHandler
                0x00000000080036c4                USART3_IRQHandler
                0x00000000080036c4                RTC_IRQHandler
                0x00000000080036c4                DMA1_Channel7_IRQHandler
                0x00000000080036c4                CAN1_RX1_IRQHandler
                0x00000000080036c4                I2C1_EV_IRQHandler
                0x00000000080036c4                DMA1_Channel6_IRQHandler
                0x00000000080036c4                TIM3_IRQHandler
                0x00000000080036c4                TIM1_TRG_COM_IRQHandler
                0x00000000080036c4                DMA1_Channel1_IRQHandler
                0x00000000080036c4                Default_Handler
                0x00000000080036c4                EXTI15_10_IRQHandler
                0x00000000080036c4                EXTI9_5_IRQHandler
                0x00000000080036c4                SPI2_IRQHandler
                0x00000000080036c4                EXTI4_IRQHandler
                0x00000000080036c4                USB_LP_CAN1_RX0_IRQHandler
                0x00000000080036c4                USB_HP_CAN1_TX_IRQHandler
                0x00000000080036c4                DMA1_Channel3_IRQHandler
                0x00000000080036c4                TIM1_UP_IRQHandler
                0x00000000080036c4                WWDG_IRQHandler
                0x00000000080036c4                TIM2_IRQHandler
                0x00000000080036c4                TIM1_BRK_IRQHandler
                0x00000000080036c4                EXTI1_IRQHandler
                0x00000000080036c4                USART2_IRQHandler
                0x00000000080036c4                I2C2_ER_IRQHandler
                0x00000000080036c4                DMA1_Channel2_IRQHandler
                0x00000000080036c4                CAN1_SCE_IRQHandler
                0x00000000080036c4                FLASH_IRQHandler
                0x00000000080036c4                I2C1_ER_IRQHandler
                0x00000000080036c4                RTC_Alarm_IRQHandler
 *fill*         0x00000000080036c6        0x2 
 .text.__libc_init_array
                0x00000000080036c8       0x48 /usr/local/Caskroom/gcc-arm-embedded/9-2019-q4-major/gcc-arm-none-eabi-9-2019-q4-major/bin/../lib/gcc/arm-none-eabi/9.2.1/../../../../arm-none-eabi/lib/thumb/v7-m/nofp/libc_nano.a(lib_a-init.o)
                0x00000000080036c8                __libc_init_array
 .text.memcpy   0x0000000008003710       0x1c /usr/local/Caskroom/gcc-arm-embedded/9-2019-q4-major/gcc-arm-none-eabi-9-2019-q4-major/bin/../lib/gcc/arm-none-eabi/9.2.1/../../../../arm-none-eabi/lib/thumb/v7-m/nofp/libc_nano.a(lib_a-memcpy-stub.o)
                0x0000000008003710                memcpy
 .text.memset   0x000000000800372c       0x10 /usr/local/Caskroom/gcc-arm-embedded/9-2019-q4-major/gcc-arm-none-eabi-9-2019-q4-major/bin/../lib/gcc/arm-none-eabi/9.2.1/../../../../arm-none-eabi/lib/thumb/v7-m/nofp/libc_nano.a(lib_a-memset.o)
                0x000000000800372c                memset
 .text._vsnprintf_r
                0x000000000800373c       0x58 /usr/local/Caskroom/gcc-arm-embedded/9-2019-q4-major/gcc-arm-none-eabi-9-2019-q4-major/bin/../lib/gcc/arm-none-eabi/9.2.1/../../../../arm-none-eabi/lib/thumb/v7-m/nofp/libc_nano.a(lib_a-vsnprintf.o)
                0x000000000800373c                _vsnprintf_r
                0x000000000800373c                _vsniprintf_r
 .text.vsnprintf
                0x0000000008003794       0x1c /usr/local/Caskroom/gcc-arm-embedded/9-2019-q4-major/gcc-arm-none-eabi-9-2019-q4-major/bin/../lib/gcc/arm-none-eabi/9.2.1/../../../../arm-none-eabi/lib/thumb/v7-m/nofp/libc_nano.a(lib_a-vsnprintf.o)
                0x0000000008003794                vsnprintf
                0x0000000008003794                vsniprintf
 .text.__ssputs_r
                0x00000000080037b0       0xb6 /usr/local/Caskroom/gcc-arm-embedded/9-2019-q4-major/gcc-arm-none-eabi-9-2019-q4-major/bin/../lib/gcc/arm-none-eabi/9.2.1/../../../../arm-none-eabi/lib/thumb/v7-m/nofp/libc_nano.a(lib_a-nano-svfprintf.o)
                0x00000000080037b0                __ssputs_r
 *fill*         0x0000000008003866        0x2 
 .text._svfprintf_r
                0x0000000008003868      0x200 /usr/local/Caskroom/gcc-arm-embedded/9-2019-q4-major/gcc-arm-none-eabi-9-2019-q4-major/bin/../lib/gcc/arm-none-eabi/9.2.1/../../../../arm-none-eabi/lib/thumb/v7-m/nofp/libc_nano.a(lib_a-nano-svfprintf.o)
                0x0000000008003868                _svfprintf_r
                0x0000000008003868                _svfiprintf_r
 .text._printf_common
                0x0000000008003a68       0xde /usr/local/Caskroom/gcc-arm-embedded/9-2019-q4-major/gcc-arm-none-eabi-9-2019-q4-major/bin/../lib/gcc/arm-none-eabi/9.2.1/../../../../arm-none-eabi/lib/thumb/v7-m/nofp/libc_nano.a(lib_a-nano-vfprintf_i.o)
                0x0000000008003a68                _printf_common
 *fill*         0x0000000008003b46        0x2 
 .text._printf_i
                0x0000000008003b48      0x24c /usr/local/Caskroom/gcc-arm-embedded/9-2019-q4-major/gcc-arm-none-eabi-9-2019-q4-major/bin/../lib/gcc/arm-none-eabi/9.2.1/../../../../arm-none-eabi/lib/thumb/v7-m/nofp/libc_nano.a(lib_a-nano-vfprintf_i.o)
                0x0000000008003b48                _printf_i
 .text.memchr   0x0000000008003d94       0x1c /usr/local/Caskroom/gcc-arm-embedded/9-2019-q4-major/gcc-arm-none-eabi-9-2019-q4-major/bin/../lib/gcc/arm-none-eabi/9.2.1/../../../../arm-none-eabi/lib/thumb/v7-m/nofp/libc_nano.a(lib_a-memchr-stub.o)
                0x0000000008003d94                memchr
 .text.memmove  0x0000000008003db0       0x34 /usr/local/Caskroom/gcc-arm-embedded/9-2019-q4-major/gcc-arm-none-eabi-9-2019-q4-major/bin/../lib/gcc/arm-none-eabi/9.2.1/../../../../arm-none-eabi/lib/thumb/v7-m/nofp/libc_nano.a(lib_a-memmove.o)
                0x0000000008003db0                memmove
 .text._free_r  0x0000000008003de4       0x98 /usr/local/Caskroom/gcc-arm-embedded/9-2019-q4-major/gcc-arm-none-eabi-9-2019-q4-major/bin/../lib/gcc/arm-none-eabi/9.2.1/../../../../arm-none-eabi/lib/thumb/v7-m/nofp/libc_nano.a(lib_a-nano-freer.o)
                0x0000000008003de4                _free_r
 .text._malloc_r
                0x0000000008003e7c       0xb4 /usr/local/Caskroom/gcc-arm-embedded/9-2019-q4-major/gcc-arm-none-eabi-9-2019-q4-major/bin/../lib/gcc/arm-none-eabi/9.2.1/../../../../arm-none-eabi/lib/thumb/v7-m/nofp/libc_nano.a(lib_a-nano-mallocr.o)
                0x0000000008003e7c                _malloc_r
 .text._realloc_r
                0x0000000008003f30       0x4c /usr/local/Caskroom/gcc-arm-embedded/9-2019-q4-major/gcc-arm-none-eabi-9-2019-q4-major/bin/../lib/gcc/arm-none-eabi/9.2.1/../../../../arm-none-eabi/lib/thumb/v7-m/nofp/libc_nano.a(lib_a-nano-reallocr.o)
                0x0000000008003f30                _realloc_r
 .text._sbrk_r  0x0000000008003f7c       0x20 /usr/local/Caskroom/gcc-arm-embedded/9-2019-q4-major/gcc-arm-none-eabi-9-2019-q4-major/bin/../lib/gcc/arm-none-eabi/9.2.1/../../../../arm-none-eabi/lib/thumb/v7-m/nofp/libc_nano.a(lib_a-sbrkr.o)
                0x0000000008003f7c                _sbrk_r
 .text.__malloc_lock
                0x0000000008003f9c        0xc /usr/local/Caskroom/gcc-arm-embedded/9-2019-q4-major/gcc-arm-none-eabi-9-2019-q4-major/bin/../lib/gcc/arm-none-eabi/9.2.1/../../../../arm-none-eabi/lib/thumb/v7-m/nofp/libc_nano.a(lib_a-mlock.o)
                0x0000000008003f9c                __malloc_lock
 .text.__malloc_unlock
                0x0000000008003fa8        0xc /usr/local/Caskroom/gcc-arm-embedded/9-2019-q4-major/gcc-arm-none-eabi-9-2019-q4-major/bin/../lib/gcc/arm-none-eabi/9.2.1/../../../../arm-none-eabi/lib/thumb/v7-m/nofp/libc_nano.a(lib_a-mlock.o)
                0x0000000008003fa8                __malloc_unlock
 .text._malloc_usable_size_r
                0x0000000008003fb4       0x10 /usr/local/Caskroom/gcc-arm-embedded/9-2019-q4-major/gcc-arm-none-eabi-9-2019-q4-major/bin/../lib/gcc/arm-none-eabi/9.2.1/../../../../arm-none-eabi/lib/thumb/v7-m/nofp/libc_nano.a(lib_a-nano-msizer.o)
                0x0000000008003fb4                _malloc_usable_size_r
 .text.__retarget_lock_acquire_recursive
                0x0000000008003fc4        0x2 /usr/local/Caskroom/gcc-arm-embedded/9-2019-q4-major/gcc-arm-none-eabi-9-2019-q4-major/bin/../lib/gcc/arm-none-eabi/9.2.1/../../../../arm-none-eabi/lib/thumb/v7-m/nofp/libc_nano.a(lib_a-lock.o)
                0x0000000008003fc4                __retarget_lock_acquire_recursive
 .text.__retarget_lock_release_recursive
                0x0000000008003fc6        0x2 /usr/local/Caskroom/gcc-arm-embedded/9-2019-q4-major/gcc-arm-none-eabi-9-2019-q4-major/bin/../lib/gcc/arm-none-eabi/9.2.1/../../../../arm-none-eabi/lib/thumb/v7-m/nofp/libc_nano.a(lib_a-lock.o)
                0x0000000008003fc6                __retarget_lock_release_recursive
 .text._sbrk    0x0000000008003fc8       0x1c /usr/local/Caskroom/gcc-arm-embedded/9-2019-q4-major/gcc-arm-none-eabi-9-2019-q4-major/bin/../lib/gcc/arm-none-eabi/9.2.1/../../../../arm-none-eabi/lib/thumb/v7-m/nofp/libnosys.a(sbrk.o)
                0x0000000008003fc8                _sbrk
 *(.glue_7)
 .glue_7        0x0000000008003fe4        0x0 linker stubs
 *(.glue_7t)
 .glue_7t       0x0000000008003fe4        0x0 linker stubs
 *(.eh_frame)
 .eh_frame      0x0000000008003fe4        0x0 /usr/local/Caskroom/gcc-arm-embedded/9-2019-q4-major/gcc-arm-none-eabi-9-2019-q4-major/bin/../lib/gcc/arm-none-eabi/9.2.1/thumb/v7-m/nofp/crtbegin.o
 *(.init)
 .init          0x0000000008003fe4        0x4 /usr/local/Caskroom/gcc-arm-embedded/9-2019-q4-major/gcc-arm-none-eabi-9-2019-q4-major/bin/../lib/gcc/arm-none-eabi/9.2.1/thumb/v7-m/nofp/crti.o
                0x0000000008003fe4                _init
 .init          0x0000000008003fe8        0x8 /usr/local/Caskroom/gcc-arm-embedded/9-2019-q4-major/gcc-arm-none-eabi-9-2019-q4-major/bin/../lib/gcc/arm-none-eabi/9.2.1/thumb/v7-m/nofp/crtn.o
 *(.fini)
 .fini          0x0000000008003ff0        0x4 /usr/local/Caskroom/gcc-arm-embedded/9-2019-q4-major/gcc-arm-none-eabi-9-2019-q4-major/bin/../lib/gcc/arm-none-eabi/9.2.1/thumb/v7-m/nofp/crti.o
                0x0000000008003ff0                _fini
 .fini          0x0000000008003ff4        0x8 /usr/local/Caskroom/gcc-arm-embedded/9-2019-q4-major/gcc-arm-none-eabi-9-2019-q4-major/bin/../lib/gcc/arm-none-eabi/9.2.1/thumb/v7-m/nofp/crtn.o
                0x0000000008003ffc                . = ALIGN (0x4)
                0x0000000008003ffc                _etext = .

.vfp11_veneer   0x0000000008003ffc        0x0
 .vfp11_veneer  0x0000000008003ffc        0x0 linker stubs

.v4_bx          0x0000000008003ffc        0x0
 .v4_bx         0x0000000008003ffc        0x0 linker stubs

.iplt           0x0000000008003ffc        0x0
 .iplt          0x0000000008003ffc        0x0 /usr/local/Caskroom/gcc-arm-embedded/9-2019-q4-major/gcc-arm-none-eabi-9-2019-q4-major/bin/../lib/gcc/arm-none-eabi/9.2.1/thumb/v7-m/nofp/crtbegin.o

.rodata         0x0000000008003ffc       0xb8
                0x0000000008003ffc                . = ALIGN (0x4)
 *(.rodata)
 *(.rodata*)
 .rodata.StartDefaultTask.str1.4
                0x0000000008003ffc        0xd build/main.o
 *fill*         0x0000000008004009        0x3 
 .rodata.str1.4
                0x000000000800400c        0xc build/main.o
 .rodata.defaultTask_attributes
                0x0000000008004018       0x24 build/main.o
                0x0000000008004018                defaultTask_attributes
 .rodata.HAL_RCC_GetSysClockFreq.str1.4
                0x000000000800403c       0x11 build/stm32f1xx_hal_rcc.o
 *fill*         0x000000000800404d        0x3 
 .rodata.AHBPrescTable
                0x0000000008004050       0x10 build/system_stm32f1xx.o
                0x0000000008004050                AHBPrescTable
 .rodata.APBPrescTable
                0x0000000008004060        0x8 build/system_stm32f1xx.o
                0x0000000008004060                APBPrescTable
 .rodata.vTaskStartScheduler.str1.4
                0x0000000008004068        0x5 build/tasks.o
 *fill*         0x000000000800406d        0x3 
 .rodata.prvCheckForValidListAndQueue.str1.4
                0x0000000008004070        0x5 build/timers.o
 *fill*         0x0000000008004075        0x3 
 .rodata.xTimerCreateTimerTask.str1.4
                0x0000000008004078        0x8 build/timers.o
 .rodata._svfprintf_r.str1.1
                0x0000000008004080       0x11 /usr/local/Caskroom/gcc-arm-embedded/9-2019-q4-major/gcc-arm-none-eabi-9-2019-q4-major/bin/../lib/gcc/arm-none-eabi/9.2.1/../../../../arm-none-eabi/lib/thumb/v7-m/nofp/libc_nano.a(lib_a-nano-svfprintf.o)
 .rodata._printf_i.str1.1
                0x0000000008004091       0x22 /usr/local/Caskroom/gcc-arm-embedded/9-2019-q4-major/gcc-arm-none-eabi-9-2019-q4-major/bin/../lib/gcc/arm-none-eabi/9.2.1/../../../../arm-none-eabi/lib/thumb/v7-m/nofp/libc_nano.a(lib_a-nano-vfprintf_i.o)
                0x00000000080040b4                . = ALIGN (0x4)
 *fill*         0x00000000080040b3        0x1 

.rel.dyn        0x00000000080040b4        0x0
 .rel.iplt      0x00000000080040b4        0x0 /usr/local/Caskroom/gcc-arm-embedded/9-2019-q4-major/gcc-arm-none-eabi-9-2019-q4-major/bin/../lib/gcc/arm-none-eabi/9.2.1/thumb/v7-m/nofp/crtbegin.o

.ARM.extab
 *(.ARM.extab* .gnu.linkonce.armextab.*)

.ARM            0x00000000080040b4        0x0
                0x00000000080040b4                __exidx_start = .
 *(.ARM.exidx*)
                0x00000000080040b4                __exidx_end = .

.preinit_array  0x00000000080040b4        0x0
                0x00000000080040b4                PROVIDE (__preinit_array_start = .)
 *(.preinit_array*)
                0x00000000080040b4                PROVIDE (__preinit_array_end = .)

.init_array     0x00000000080040b4        0x4
                0x00000000080040b4                PROVIDE (__init_array_start = .)
 *(SORT_BY_NAME(.init_array.*))
 *(.init_array*)
 .init_array    0x00000000080040b4        0x4 /usr/local/Caskroom/gcc-arm-embedded/9-2019-q4-major/gcc-arm-none-eabi-9-2019-q4-major/bin/../lib/gcc/arm-none-eabi/9.2.1/thumb/v7-m/nofp/crtbegin.o
                0x00000000080040b8                PROVIDE (__init_array_end = .)

.fini_array     0x00000000080040b8        0x4
                [!provide]                        PROVIDE (__fini_array_start = .)
 *(SORT_BY_NAME(.fini_array.*))
 *(.fini_array*)
 .fini_array    0x00000000080040b8        0x4 /usr/local/Caskroom/gcc-arm-embedded/9-2019-q4-major/gcc-arm-none-eabi-9-2019-q4-major/bin/../lib/gcc/arm-none-eabi/9.2.1/thumb/v7-m/nofp/crtbegin.o
                [!provide]                        PROVIDE (__fini_array_end = .)
                0x00000000080040bc                _sidata = LOADADDR (.data)

.data           0x0000000020000000       0x80 load address 0x00000000080040bc
                0x0000000020000000                . = ALIGN (0x4)
                0x0000000020000000                _sdata = .
 *(.data)
 *(.data*)
 .data.tx_buff  0x0000000020000000        0xf build/main.o
                0x0000000020000000                tx_buff
 .data.uwTickFreq
                0x000000002000000f        0x1 build/stm32f1xx_hal.o
                0x000000002000000f                uwTickFreq
 .data.uwTickPrio
                0x0000000020000010        0x4 build/stm32f1xx_hal.o
                0x0000000020000010                uwTickPrio
 .data.SystemCoreClock
                0x0000000020000014        0x4 build/system_stm32f1xx.o
                0x0000000020000014                SystemCoreClock
 .data.uxCriticalNesting
                0x0000000020000018        0x4 build/port.o
 .data._impure_ptr
                0x000000002000001c        0x4 /usr/local/Caskroom/gcc-arm-embedded/9-2019-q4-major/gcc-arm-none-eabi-9-2019-q4-major/bin/../lib/gcc/arm-none-eabi/9.2.1/../../../../arm-none-eabi/lib/thumb/v7-m/nofp/libc_nano.a(lib_a-impure.o)
                0x000000002000001c                _impure_ptr
 .data.impure_data
                0x0000000020000020       0x60 /usr/local/Caskroom/gcc-arm-embedded/9-2019-q4-major/gcc-arm-none-eabi-9-2019-q4-major/bin/../lib/gcc/arm-none-eabi/9.2.1/../../../../arm-none-eabi/lib/thumb/v7-m/nofp/libc_nano.a(lib_a-impure.o)
                0x0000000020000080                . = ALIGN (0x4)
                0x0000000020000080                _edata = .

.igot.plt       0x0000000020000080        0x0 load address 0x000000000800413c
 .igot.plt      0x0000000020000080        0x0 /usr/local/Caskroom/gcc-arm-embedded/9-2019-q4-major/gcc-arm-none-eabi-9-2019-q4-major/bin/../lib/gcc/arm-none-eabi/9.2.1/thumb/v7-m/nofp/crtbegin.o
                0x0000000020000080                . = ALIGN (0x4)

.bss            0x0000000020000080     0x1a98 load address 0x000000000800413c
                0x0000000020000080                _sbss = .
                0x0000000020000080                __bss_start__ = _sbss
 *(.bss)
 .bss           0x0000000020000080       0x1c /usr/local/Caskroom/gcc-arm-embedded/9-2019-q4-major/gcc-arm-none-eabi-9-2019-q4-major/bin/../lib/gcc/arm-none-eabi/9.2.1/thumb/v7-m/nofp/crtbegin.o
 *(.bss*)
 .bss.rx_buff   0x000000002000009c        0xa build/main.o
                0x000000002000009c                rx_buff
 *fill*         0x00000000200000a6        0x2 
 .bss.pxCurrentTCB
                0x00000000200000a8        0x4 build/tasks.o
                0x00000000200000a8                pxCurrentTCB
 .bss.pxDelayedTaskList
                0x00000000200000ac        0x4 build/tasks.o
 .bss.pxOverflowDelayedTaskList
                0x00000000200000b0        0x4 build/tasks.o
 .bss.pxReadyTasksLists
                0x00000000200000b4      0x460 build/tasks.o
 .bss.uxCurrentNumberOfTasks
                0x0000000020000514        0x4 build/tasks.o
 .bss.uxDeletedTasksWaitingCleanUp
                0x0000000020000518        0x4 build/tasks.o
 .bss.uxPendedTicks
                0x000000002000051c        0x4 build/tasks.o
 .bss.uxSchedulerSuspended
                0x0000000020000520        0x4 build/tasks.o
 .bss.uxTaskNumber
                0x0000000020000524        0x4 build/tasks.o
 .bss.uxTopReadyPriority
                0x0000000020000528        0x4 build/tasks.o
 .bss.xDelayedTaskList1
                0x000000002000052c       0x14 build/tasks.o
 .bss.xDelayedTaskList2
                0x0000000020000540       0x14 build/tasks.o
 .bss.xNextTaskUnblockTime
                0x0000000020000554        0x4 build/tasks.o
 .bss.xNumOfOverflows
                0x0000000020000558        0x4 build/tasks.o
 .bss.xPendingReadyList
                0x000000002000055c       0x14 build/tasks.o
 .bss.xSchedulerRunning
                0x0000000020000570        0x4 build/tasks.o
 .bss.xSuspendedTaskList
                0x0000000020000574       0x14 build/tasks.o
 .bss.xTasksWaitingTermination
                0x0000000020000588       0x14 build/tasks.o
 .bss.xTickCount
                0x000000002000059c        0x4 build/tasks.o
 .bss.xYieldPending
                0x00000000200005a0        0x4 build/tasks.o
 .bss.pxCurrentTimerList
                0x00000000200005a4        0x4 build/timers.o
 .bss.pxOverflowTimerList
                0x00000000200005a8        0x4 build/timers.o
 .bss.ucStaticTimerQueueStorage.5559
                0x00000000200005ac       0xa0 build/timers.o
 .bss.xActiveTimerList1
                0x000000002000064c       0x14 build/timers.o
 .bss.xActiveTimerList2
                0x0000000020000660       0x14 build/timers.o
 .bss.xLastTime.5508
                0x0000000020000674        0x4 build/timers.o
 .bss.xStaticTimerQueue.5558
                0x0000000020000678       0x50 build/timers.o
 .bss.xTimerQueue
                0x00000000200006c8        0x4 build/timers.o
 .bss.xTimerTaskHandle
                0x00000000200006cc        0x4 build/timers.o
 .bss.Idle_Stack
                0x00000000200006d0      0x200 build/cmsis_os2.o
 .bss.Idle_TCB  0x00000000200008d0       0x5c build/cmsis_os2.o
 .bss.KernelState
                0x000000002000092c        0x4 build/cmsis_os2.o
 .bss.Timer_Stack
                0x0000000020000930      0x400 build/cmsis_os2.o
 .bss.Timer_TCB
                0x0000000020000d30       0x5c build/cmsis_os2.o
 .bss.pxEnd     0x0000000020000d8c        0x4 build/heap_4.o
 .bss.ucHeap    0x0000000020000d90      0xc00 build/heap_4.o
 .bss.xBlockAllocatedBit
                0x0000000020001990        0x4 build/heap_4.o
 .bss.xFreeBytesRemaining
                0x0000000020001994        0x4 build/heap_4.o
 .bss.xMinimumEverFreeBytesRemaining
                0x0000000020001998        0x4 build/heap_4.o
 .bss.xStart    0x000000002000199c        0x8 build/heap_4.o
 .bss.ucMaxSysCallPriority
                0x00000000200019a4        0x1 build/port.o
 *fill*         0x00000000200019a5        0x3 
 .bss.ulMaxPRIGROUPValue
                0x00000000200019a8        0x4 build/port.o
 .bss.__malloc_free_list
                0x00000000200019ac        0x4 /usr/local/Caskroom/gcc-arm-embedded/9-2019-q4-major/gcc-arm-none-eabi-9-2019-q4-major/bin/../lib/gcc/arm-none-eabi/9.2.1/../../../../arm-none-eabi/lib/thumb/v7-m/nofp/libc_nano.a(lib_a-nano-mallocr.o)
                0x00000000200019ac                __malloc_free_list
 .bss.__malloc_sbrk_start
                0x00000000200019b0        0x4 /usr/local/Caskroom/gcc-arm-embedded/9-2019-q4-major/gcc-arm-none-eabi-9-2019-q4-major/bin/../lib/gcc/arm-none-eabi/9.2.1/../../../../arm-none-eabi/lib/thumb/v7-m/nofp/libc_nano.a(lib_a-nano-mallocr.o)
                0x00000000200019b0                __malloc_sbrk_start
 .bss.heap_end.4144
                0x00000000200019b4        0x4 /usr/local/Caskroom/gcc-arm-embedded/9-2019-q4-major/gcc-arm-none-eabi-9-2019-q4-major/bin/../lib/gcc/arm-none-eabi/9.2.1/../../../../arm-none-eabi/lib/thumb/v7-m/nofp/libnosys.a(sbrk.o)
 *(COMMON)
 COMMON         0x00000000200019b8       0xcc build/main.o
                0x00000000200019b8                defaultTaskHandle
                0x00000000200019bc                hdma_usart1_tx
                0x0000000020001a00                hdma_usart1_rx
                0x0000000020001a44                huart1
 COMMON         0x0000000020001a84       0x40 build/stm32f1xx_hal_timebase_tim.o
                0x0000000020001a84                htim4
 COMMON         0x0000000020001ac4        0x4 build/stm32f1xx_hal.o
                0x0000000020001ac4                uwTick
 COMMON         0x0000000020001ac8       0x40 build/queue.o
                0x0000000020001ac8                xQueueRegistry
 COMMON         0x0000000020001b08        0x4 /usr/local/Caskroom/gcc-arm-embedded/9-2019-q4-major/gcc-arm-none-eabi-9-2019-q4-major/bin/../lib/gcc/arm-none-eabi/9.2.1/../../../../arm-none-eabi/lib/thumb/v7-m/nofp/libc_nano.a(lib_a-reent.o)
                0x0000000020001b08                errno
 COMMON         0x0000000020001b0c        0x9 /usr/local/Caskroom/gcc-arm-embedded/9-2019-q4-major/gcc-arm-none-eabi-9-2019-q4-major/bin/../lib/gcc/arm-none-eabi/9.2.1/../../../../arm-none-eabi/lib/thumb/v7-m/nofp/libc_nano.a(lib_a-lock.o)
                0x0000000020001b0c                __lock___atexit_recursive_mutex
                0x0000000020001b0d                __lock___arc4random_mutex
                0x0000000020001b0e                __lock___env_recursive_mutex
                0x0000000020001b0f                __lock___sinit_recursive_mutex
                0x0000000020001b10                __lock___malloc_recursive_mutex
                0x0000000020001b11                __lock___at_quick_exit_mutex
                0x0000000020001b12                __lock___dd_hash_mutex
                0x0000000020001b13                __lock___tz_mutex
                0x0000000020001b14                __lock___sfp_recursive_mutex
                0x0000000020001b18                . = ALIGN (0x4)
 *fill*         0x0000000020001b15        0x3 
                0x0000000020001b18                _ebss = .
                0x0000000020001b18                __bss_end__ = _ebss

._user_heap_stack
                0x0000000020001b18      0x600 load address 0x000000000800413c
                0x0000000020001b18                . = ALIGN (0x8)
                0x0000000020001b18                PROVIDE (end = .)
                [!provide]                        PROVIDE (_end = .)
                0x0000000020001d18                . = (. + _Min_Heap_Size)
 *fill*         0x0000000020001b18      0x200 
                0x0000000020002118                . = (. + _Min_Stack_Size)
 *fill*         0x0000000020001d18      0x400 
                0x0000000020002118                . = ALIGN (0x8)

/DISCARD/
 libc.a(*)
 libm.a(*)
 libgcc.a(*)

.ARM.attributes
                0x0000000000000000       0x29
 *(.ARM.attributes)
 .ARM.attributes
                0x0000000000000000       0x1d /usr/local/Caskroom/gcc-arm-embedded/9-2019-q4-major/gcc-arm-none-eabi-9-2019-q4-major/bin/../lib/gcc/arm-none-eabi/9.2.1/thumb/v7-m/nofp/crti.o
 .ARM.attributes
                0x000000000000001d       0x2d /usr/local/Caskroom/gcc-arm-embedded/9-2019-q4-major/gcc-arm-none-eabi-9-2019-q4-major/bin/../lib/gcc/arm-none-eabi/9.2.1/thumb/v7-m/nofp/crtbegin.o
 .ARM.attributes
                0x000000000000004a       0x2d build/main.o
 .ARM.attributes
                0x0000000000000077       0x2d build/stm32f1xx_it.o
 .ARM.attributes
                0x00000000000000a4       0x2d build/stm32f1xx_hal_msp.o
 .ARM.attributes
                0x00000000000000d1       0x2d build/stm32f1xx_hal_timebase_tim.o
 .ARM.attributes
                0x00000000000000fe       0x2d build/stm32f1xx_hal.o
 .ARM.attributes
                0x000000000000012b       0x2d build/stm32f1xx_hal_rcc.o
 .ARM.attributes
                0x0000000000000158       0x2d build/stm32f1xx_hal_gpio.o
 .ARM.attributes
                0x0000000000000185       0x2d build/stm32f1xx_hal_dma.o
 .ARM.attributes
                0x00000000000001b2       0x2d build/stm32f1xx_hal_cortex.o
 .ARM.attributes
                0x00000000000001df       0x2d build/stm32f1xx_hal_tim.o
 .ARM.attributes
                0x000000000000020c       0x2d build/stm32f1xx_hal_tim_ex.o
 .ARM.attributes
                0x0000000000000239       0x2d build/stm32f1xx_hal_uart.o
 .ARM.attributes
                0x0000000000000266       0x2d build/system_stm32f1xx.o
 .ARM.attributes
                0x0000000000000293       0x2d build/list.o
 .ARM.attributes
                0x00000000000002c0       0x2d build/queue.o
 .ARM.attributes
                0x00000000000002ed       0x2d build/tasks.o
 .ARM.attributes
                0x000000000000031a       0x2d build/timers.o
 .ARM.attributes
                0x0000000000000347       0x2d build/cmsis_os2.o
 .ARM.attributes
                0x0000000000000374       0x2d build/heap_4.o
 .ARM.attributes
                0x00000000000003a1       0x2d build/port.o
 .ARM.attributes
                0x00000000000003ce       0x21 build/startup_stm32f103xb.o
 .ARM.attributes
                0x00000000000003ef       0x2d /usr/local/Caskroom/gcc-arm-embedded/9-2019-q4-major/gcc-arm-none-eabi-9-2019-q4-major/bin/../lib/gcc/arm-none-eabi/9.2.1/../../../../arm-none-eabi/lib/thumb/v7-m/nofp/libc_nano.a(lib_a-impure.o)
 .ARM.attributes
                0x000000000000041c       0x2d /usr/local/Caskroom/gcc-arm-embedded/9-2019-q4-major/gcc-arm-none-eabi-9-2019-q4-major/bin/../lib/gcc/arm-none-eabi/9.2.1/../../../../arm-none-eabi/lib/thumb/v7-m/nofp/libc_nano.a(lib_a-init.o)
 .ARM.attributes
                0x0000000000000449       0x2d /usr/local/Caskroom/gcc-arm-embedded/9-2019-q4-major/gcc-arm-none-eabi-9-2019-q4-major/bin/../lib/gcc/arm-none-eabi/9.2.1/../../../../arm-none-eabi/lib/thumb/v7-m/nofp/libc_nano.a(lib_a-memcpy-stub.o)
 .ARM.attributes
                0x0000000000000476       0x2d /usr/local/Caskroom/gcc-arm-embedded/9-2019-q4-major/gcc-arm-none-eabi-9-2019-q4-major/bin/../lib/gcc/arm-none-eabi/9.2.1/../../../../arm-none-eabi/lib/thumb/v7-m/nofp/libc_nano.a(lib_a-memset.o)
 .ARM.attributes
                0x00000000000004a3       0x17 /usr/local/Caskroom/gcc-arm-embedded/9-2019-q4-major/gcc-arm-none-eabi-9-2019-q4-major/bin/../lib/gcc/arm-none-eabi/9.2.1/../../../../arm-none-eabi/lib/thumb/v7-m/nofp/libc_nano.a(lib_a-strlen.o)
 .ARM.attributes
                0x00000000000004ba       0x2d /usr/local/Caskroom/gcc-arm-embedded/9-2019-q4-major/gcc-arm-none-eabi-9-2019-q4-major/bin/../lib/gcc/arm-none-eabi/9.2.1/../../../../arm-none-eabi/lib/thumb/v7-m/nofp/libc_nano.a(lib_a-vsnprintf.o)
 .ARM.attributes
                0x00000000000004e7       0x2d /usr/local/Caskroom/gcc-arm-embedded/9-2019-q4-major/gcc-arm-none-eabi-9-2019-q4-major/bin/../lib/gcc/arm-none-eabi/9.2.1/../../../../arm-none-eabi/lib/thumb/v7-m/nofp/libc_nano.a(lib_a-nano-svfprintf.o)
 .ARM.attributes
                0x0000000000000514       0x2d /usr/local/Caskroom/gcc-arm-embedded/9-2019-q4-major/gcc-arm-none-eabi-9-2019-q4-major/bin/../lib/gcc/arm-none-eabi/9.2.1/../../../../arm-none-eabi/lib/thumb/v7-m/nofp/libc_nano.a(lib_a-nano-vfprintf_i.o)
 .ARM.attributes
                0x0000000000000541       0x2d /usr/local/Caskroom/gcc-arm-embedded/9-2019-q4-major/gcc-arm-none-eabi-9-2019-q4-major/bin/../lib/gcc/arm-none-eabi/9.2.1/../../../../arm-none-eabi/lib/thumb/v7-m/nofp/libc_nano.a(lib_a-memchr-stub.o)
 .ARM.attributes
                0x000000000000056e       0x2d /usr/local/Caskroom/gcc-arm-embedded/9-2019-q4-major/gcc-arm-none-eabi-9-2019-q4-major/bin/../lib/gcc/arm-none-eabi/9.2.1/../../../../arm-none-eabi/lib/thumb/v7-m/nofp/libc_nano.a(lib_a-memmove.o)
 .ARM.attributes
                0x000000000000059b       0x2d /usr/local/Caskroom/gcc-arm-embedded/9-2019-q4-major/gcc-arm-none-eabi-9-2019-q4-major/bin/../lib/gcc/arm-none-eabi/9.2.1/../../../../arm-none-eabi/lib/thumb/v7-m/nofp/libc_nano.a(lib_a-nano-freer.o)
 .ARM.attributes
                0x00000000000005c8       0x2d /usr/local/Caskroom/gcc-arm-embedded/9-2019-q4-major/gcc-arm-none-eabi-9-2019-q4-major/bin/../lib/gcc/arm-none-eabi/9.2.1/../../../../arm-none-eabi/lib/thumb/v7-m/nofp/libc_nano.a(lib_a-nano-mallocr.o)
 .ARM.attributes
                0x00000000000005f5       0x2d /usr/local/Caskroom/gcc-arm-embedded/9-2019-q4-major/gcc-arm-none-eabi-9-2019-q4-major/bin/../lib/gcc/arm-none-eabi/9.2.1/../../../../arm-none-eabi/lib/thumb/v7-m/nofp/libc_nano.a(lib_a-nano-reallocr.o)
 .ARM.attributes
                0x0000000000000622       0x2d /usr/local/Caskroom/gcc-arm-embedded/9-2019-q4-major/gcc-arm-none-eabi-9-2019-q4-major/bin/../lib/gcc/arm-none-eabi/9.2.1/../../../../arm-none-eabi/lib/thumb/v7-m/nofp/libc_nano.a(lib_a-sbrkr.o)
 .ARM.attributes
                0x000000000000064f       0x2d /usr/local/Caskroom/gcc-arm-embedded/9-2019-q4-major/gcc-arm-none-eabi-9-2019-q4-major/bin/../lib/gcc/arm-none-eabi/9.2.1/../../../../arm-none-eabi/lib/thumb/v7-m/nofp/libc_nano.a(lib_a-mlock.o)
 .ARM.attributes
                0x000000000000067c       0x2d /usr/local/Caskroom/gcc-arm-embedded/9-2019-q4-major/gcc-arm-none-eabi-9-2019-q4-major/bin/../lib/gcc/arm-none-eabi/9.2.1/../../../../arm-none-eabi/lib/thumb/v7-m/nofp/libc_nano.a(lib_a-nano-msizer.o)
 .ARM.attributes
                0x00000000000006a9       0x2d /usr/local/Caskroom/gcc-arm-embedded/9-2019-q4-major/gcc-arm-none-eabi-9-2019-q4-major/bin/../lib/gcc/arm-none-eabi/9.2.1/../../../../arm-none-eabi/lib/thumb/v7-m/nofp/libc_nano.a(lib_a-reent.o)
 .ARM.attributes
                0x00000000000006d6       0x2d /usr/local/Caskroom/gcc-arm-embedded/9-2019-q4-major/gcc-arm-none-eabi-9-2019-q4-major/bin/../lib/gcc/arm-none-eabi/9.2.1/../../../../arm-none-eabi/lib/thumb/v7-m/nofp/libc_nano.a(lib_a-lock.o)
 .ARM.attributes
                0x0000000000000703       0x2d /usr/local/Caskroom/gcc-arm-embedded/9-2019-q4-major/gcc-arm-none-eabi-9-2019-q4-major/bin/../lib/gcc/arm-none-eabi/9.2.1/../../../../arm-none-eabi/lib/thumb/v7-m/nofp/libnosys.a(sbrk.o)
 .ARM.attributes
                0x0000000000000730       0x1d /usr/local/Caskroom/gcc-arm-embedded/9-2019-q4-major/gcc-arm-none-eabi-9-2019-q4-major/bin/../lib/gcc/arm-none-eabi/9.2.1/thumb/v7-m/nofp/crtn.o
OUTPUT(build/uart-dma.elf elf32-littlearm)

.debug_info     0x0000000000000000    0x1ee42
 .debug_info    0x0000000000000000     0x1e82 build/main.o
 .debug_info    0x0000000000001e82      0xac6 build/stm32f1xx_it.o
 .debug_info    0x0000000000002948      0xc96 build/stm32f1xx_hal_msp.o
 .debug_info    0x00000000000035de      0xb03 build/stm32f1xx_hal_timebase_tim.o
 .debug_info    0x00000000000040e1      0x8c6 build/stm32f1xx_hal.o
 .debug_info    0x00000000000049a7      0xb59 build/stm32f1xx_hal_rcc.o
 .debug_info    0x0000000000005500      0x7a8 build/stm32f1xx_hal_gpio.o
 .debug_info    0x0000000000005ca8      0x9a7 build/stm32f1xx_hal_dma.o
 .debug_info    0x000000000000664f      0xee9 build/stm32f1xx_hal_cortex.o
 .debug_info    0x0000000000007538     0x3948 build/stm32f1xx_hal_tim.o
 .debug_info    0x000000000000ae80     0x1813 build/stm32f1xx_hal_tim_ex.o
 .debug_info    0x000000000000c693     0x1a9a build/stm32f1xx_hal_uart.o
 .debug_info    0x000000000000e12d      0x4cf build/system_stm32f1xx.o
 .debug_info    0x000000000000e5fc      0xc9e build/list.o
 .debug_info    0x000000000000f29a     0x31e8 build/queue.o
 .debug_info    0x0000000000012482     0x3b29 build/tasks.o
 .debug_info    0x0000000000015fab     0x23f4 build/timers.o
 .debug_info    0x000000000001839f     0x56e8 build/cmsis_os2.o
 .debug_info    0x000000000001da87      0xe30 build/heap_4.o
 .debug_info    0x000000000001e8b7      0x569 build/port.o
 .debug_info    0x000000000001ee20       0x22 build/startup_stm32f103xb.o

.debug_abbrev   0x0000000000000000     0x3a4a
 .debug_abbrev  0x0000000000000000      0x3df build/main.o
 .debug_abbrev  0x00000000000003df      0x196 build/stm32f1xx_it.o
 .debug_abbrev  0x0000000000000575      0x1ff build/stm32f1xx_hal_msp.o
 .debug_abbrev  0x0000000000000774      0x21c build/stm32f1xx_hal_timebase_tim.o
 .debug_abbrev  0x0000000000000990      0x22f build/stm32f1xx_hal.o
 .debug_abbrev  0x0000000000000bbf      0x2ad build/stm32f1xx_hal_rcc.o
 .debug_abbrev  0x0000000000000e6c      0x24f build/stm32f1xx_hal_gpio.o
 .debug_abbrev  0x00000000000010bb      0x283 build/stm32f1xx_hal_dma.o
 .debug_abbrev  0x000000000000133e      0x37f build/stm32f1xx_hal_cortex.o
 .debug_abbrev  0x00000000000016bd      0x2c3 build/stm32f1xx_hal_tim.o
 .debug_abbrev  0x0000000000001980      0x2ab build/stm32f1xx_hal_tim_ex.o
 .debug_abbrev  0x0000000000001c2b      0x2ea build/stm32f1xx_hal_uart.o
 .debug_abbrev  0x0000000000001f15      0x153 build/system_stm32f1xx.o
 .debug_abbrev  0x0000000000002068      0x245 build/list.o
 .debug_abbrev  0x00000000000022ad      0x478 build/queue.o
 .debug_abbrev  0x0000000000002725      0x464 build/tasks.o
 .debug_abbrev  0x0000000000002b89      0x3de build/timers.o
 .debug_abbrev  0x0000000000002f67      0x4c7 build/cmsis_os2.o
 .debug_abbrev  0x000000000000342e      0x36d build/heap_4.o
 .debug_abbrev  0x000000000000379b      0x29d build/port.o
 .debug_abbrev  0x0000000000003a38       0x12 build/startup_stm32f103xb.o

.debug_loc      0x0000000000000000    0x16193
 .debug_loc     0x0000000000000000      0x233 build/main.o
 .debug_loc     0x0000000000000233       0x80 build/stm32f1xx_it.o
 .debug_loc     0x00000000000002b3      0x122 build/stm32f1xx_hal_msp.o
 .debug_loc     0x00000000000003d5       0xcd build/stm32f1xx_hal_timebase_tim.o
 .debug_loc     0x00000000000004a2      0x1bb build/stm32f1xx_hal.o
 .debug_loc     0x000000000000065d      0x7c0 build/stm32f1xx_hal_rcc.o
 .debug_loc     0x0000000000000e1d      0x50e build/stm32f1xx_hal_gpio.o
 .debug_loc     0x000000000000132b      0x901 build/stm32f1xx_hal_dma.o
 .debug_loc     0x0000000000001c2c      0x7af build/stm32f1xx_hal_cortex.o
 .debug_loc     0x00000000000023db     0x4619 build/stm32f1xx_hal_tim.o
 .debug_loc     0x00000000000069f4     0x15ad build/stm32f1xx_hal_tim_ex.o
 .debug_loc     0x0000000000007fa1     0x1d1b build/stm32f1xx_hal_uart.o
 .debug_loc     0x0000000000009cbc       0xff build/system_stm32f1xx.o
 .debug_loc     0x0000000000009dbb       0xe5 build/list.o
 .debug_loc     0x0000000000009ea0     0x1efb build/queue.o
 .debug_loc     0x000000000000bd9b     0x2a01 build/tasks.o
 .debug_loc     0x000000000000e79c     0x12e3 build/timers.o
 .debug_loc     0x000000000000fa7f     0x61f3 build/cmsis_os2.o
 .debug_loc     0x0000000000015c72      0x3b5 build/heap_4.o
 .debug_loc     0x0000000000016027      0x16c build/port.o

.debug_aranges  0x0000000000000000     0x1290
 .debug_aranges
                0x0000000000000000       0x70 build/main.o
 .debug_aranges
                0x0000000000000070       0x70 build/stm32f1xx_it.o
 .debug_aranges
                0x00000000000000e0       0x30 build/stm32f1xx_hal_msp.o
 .debug_aranges
                0x0000000000000110       0x30 build/stm32f1xx_hal_timebase_tim.o
 .debug_aranges
                0x0000000000000140       0xe0 build/stm32f1xx_hal.o
 .debug_aranges
                0x0000000000000220       0x90 build/stm32f1xx_hal_rcc.o
 .debug_aranges
                0x00000000000002b0       0x58 build/stm32f1xx_hal_gpio.o
 .debug_aranges
                0x0000000000000308       0x80 build/stm32f1xx_hal_dma.o
 .debug_aranges
                0x0000000000000388       0x90 build/stm32f1xx_hal_cortex.o
 .debug_aranges
                0x0000000000000418      0x3a8 build/stm32f1xx_hal_tim.o
 .debug_aranges
                0x00000000000007c0      0x150 build/stm32f1xx_hal_tim_ex.o
 .debug_aranges
                0x0000000000000910      0x1d0 build/stm32f1xx_hal_uart.o
 .debug_aranges
                0x0000000000000ae0       0x28 build/system_stm32f1xx.o
 .debug_aranges
                0x0000000000000b08       0x40 build/list.o
 .debug_aranges
                0x0000000000000b48      0x158 build/queue.o
 .debug_aranges
                0x0000000000000ca0      0x1f8 build/tasks.o
 .debug_aranges
                0x0000000000000e98       0xe0 build/timers.o
 .debug_aranges
                0x0000000000000f78      0x228 build/cmsis_os2.o
 .debug_aranges
                0x00000000000011a0       0x50 build/heap_4.o
 .debug_aranges
                0x00000000000011f0       0x78 build/port.o
 .debug_aranges
                0x0000000000001268       0x28 build/startup_stm32f103xb.o

.debug_ranges   0x0000000000000000     0x13d8
 .debug_ranges  0x0000000000000000       0x60 build/main.o
 .debug_ranges  0x0000000000000060       0x60 build/stm32f1xx_it.o
 .debug_ranges  0x00000000000000c0       0x20 build/stm32f1xx_hal_msp.o
 .debug_ranges  0x00000000000000e0       0x20 build/stm32f1xx_hal_timebase_tim.o
 .debug_ranges  0x0000000000000100       0xd0 build/stm32f1xx_hal.o
 .debug_ranges  0x00000000000001d0       0xa0 build/stm32f1xx_hal_rcc.o
 .debug_ranges  0x0000000000000270       0x48 build/stm32f1xx_hal_gpio.o
 .debug_ranges  0x00000000000002b8       0x70 build/stm32f1xx_hal_dma.o
 .debug_ranges  0x0000000000000328       0xe0 build/stm32f1xx_hal_cortex.o
 .debug_ranges  0x0000000000000408      0x398 build/stm32f1xx_hal_tim.o
 .debug_ranges  0x00000000000007a0      0x140 build/stm32f1xx_hal_tim_ex.o
 .debug_ranges  0x00000000000008e0      0x1c0 build/stm32f1xx_hal_uart.o
 .debug_ranges  0x0000000000000aa0       0x18 build/system_stm32f1xx.o
 .debug_ranges  0x0000000000000ab8       0x30 build/list.o
 .debug_ranges  0x0000000000000ae8      0x218 build/queue.o
 .debug_ranges  0x0000000000000d00      0x328 build/tasks.o
 .debug_ranges  0x0000000000001028       0xd0 build/timers.o
 .debug_ranges  0x00000000000010f8      0x218 build/cmsis_os2.o
 .debug_ranges  0x0000000000001310       0x40 build/heap_4.o
 .debug_ranges  0x0000000000001350       0x68 build/port.o
 .debug_ranges  0x00000000000013b8       0x20 build/startup_stm32f103xb.o

.debug_line     0x0000000000000000    0x14002
 .debug_line    0x0000000000000000      0x6de build/main.o
 .debug_line    0x00000000000006de      0x371 build/stm32f1xx_it.o
 .debug_line    0x0000000000000a4f      0x3eb build/stm32f1xx_hal_msp.o
 .debug_line    0x0000000000000e3a      0x312 build/stm32f1xx_hal_timebase_tim.o
 .debug_line    0x000000000000114c      0x556 build/stm32f1xx_hal.o
 .debug_line    0x00000000000016a2      0xc77 build/stm32f1xx_hal_rcc.o
 .debug_line    0x0000000000002319      0x65d build/stm32f1xx_hal_gpio.o
 .debug_line    0x0000000000002976      0xacf build/stm32f1xx_hal_dma.o
 .debug_line    0x0000000000003445      0x6b0 build/stm32f1xx_hal_cortex.o
 .debug_line    0x0000000000003af5     0x369d build/stm32f1xx_hal_tim.o
 .debug_line    0x0000000000007192     0x120b build/stm32f1xx_hal_tim_ex.o
 .debug_line    0x000000000000839d     0x1c19 build/stm32f1xx_hal_uart.o
 .debug_line    0x0000000000009fb6      0x300 build/system_stm32f1xx.o
 .debug_line    0x000000000000a2b6      0x4d9 build/list.o
 .debug_line    0x000000000000a78f     0x2112 build/queue.o
 .debug_line    0x000000000000c8a1     0x2ca0 build/tasks.o
 .debug_line    0x000000000000f541      0xee8 build/timers.o
 .debug_line    0x0000000000010429     0x2dc9 build/cmsis_os2.o
 .debug_line    0x00000000000131f2      0x757 build/heap_4.o
 .debug_line    0x0000000000013949      0x647 build/port.o
 .debug_line    0x0000000000013f90       0x72 build/startup_stm32f103xb.o

.debug_str      0x0000000000000000     0x6653
 .debug_str     0x0000000000000000     0x15ce build/main.o
                                       0x16be (size before relaxing)
 .debug_str     0x00000000000015ce      0x11b build/stm32f1xx_it.o
                                        0x902 (size before relaxing)
 .debug_str     0x00000000000016e9      0x10d build/stm32f1xx_hal_msp.o
                                        0xa84 (size before relaxing)
 .debug_str     0x00000000000017f6       0xf0 build/stm32f1xx_hal_timebase_tim.o
                                        0xaae (size before relaxing)
 .debug_str     0x00000000000018e6      0x239 build/stm32f1xx_hal.o
                                        0x852 (size before relaxing)
 .debug_str     0x0000000000001b1f      0x1bb build/stm32f1xx_hal_rcc.o
                                        0x6a7 (size before relaxing)
 .debug_str     0x0000000000001cda      0x145 build/stm32f1xx_hal_gpio.o
                                        0x4c5 (size before relaxing)
 .debug_str     0x0000000000001e1f      0x208 build/stm32f1xx_hal_dma.o
                                        0x6c2 (size before relaxing)
 .debug_str     0x0000000000002027      0x388 build/stm32f1xx_hal_cortex.o
                                        0x974 (size before relaxing)
 .debug_str     0x00000000000023af      0xdd1 build/stm32f1xx_hal_tim.o
                                       0x14f6 (size before relaxing)
 .debug_str     0x0000000000003180      0x545 build/stm32f1xx_hal_tim_ex.o
                                        0xd0e (size before relaxing)
 .debug_str     0x00000000000036c5      0x496 build/stm32f1xx_hal_uart.o
                                        0xc3e (size before relaxing)
 .debug_str     0x0000000000003b5b       0x4a build/system_stm32f1xx.o
                                        0x334 (size before relaxing)
 .debug_str     0x0000000000003ba5      0x14c build/list.o
                                        0x6d9 (size before relaxing)
 .debug_str     0x0000000000003cf1      0x9b2 build/queue.o
                                       0x1057 (size before relaxing)
 .debug_str     0x00000000000046a3      0xc4b build/tasks.o
                                       0x1653 (size before relaxing)
 .debug_str     0x00000000000052ee      0x5a9 build/timers.o
                                        0xfca (size before relaxing)
 .debug_str     0x0000000000005897      0xa46 build/cmsis_os2.o
                                       0x1cb5 (size before relaxing)
 .debug_str     0x00000000000062dd      0x1d5 build/heap_4.o
                                        0x7c2 (size before relaxing)
 .debug_str     0x00000000000064b2      0x17d build/port.o
                                        0x44f (size before relaxing)
 .debug_str     0x000000000000662f       0x24 build/startup_stm32f103xb.o
                                         0x3f (size before relaxing)

.comment        0x0000000000000000       0x79
 .comment       0x0000000000000000       0x79 build/main.o
                                         0x7a (size before relaxing)
 .comment       0x0000000000000079       0x7a build/stm32f1xx_it.o
 .comment       0x0000000000000079       0x7a build/stm32f1xx_hal_msp.o
 .comment       0x0000000000000079       0x7a build/stm32f1xx_hal_timebase_tim.o
 .comment       0x0000000000000079       0x7a build/stm32f1xx_hal.o
 .comment       0x0000000000000079       0x7a build/stm32f1xx_hal_rcc.o
 .comment       0x0000000000000079       0x7a build/stm32f1xx_hal_gpio.o
 .comment       0x0000000000000079       0x7a build/stm32f1xx_hal_dma.o
 .comment       0x0000000000000079       0x7a build/stm32f1xx_hal_cortex.o
 .comment       0x0000000000000079       0x7a build/stm32f1xx_hal_tim.o
 .comment       0x0000000000000079       0x7a build/stm32f1xx_hal_tim_ex.o
 .comment       0x0000000000000079       0x7a build/stm32f1xx_hal_uart.o
 .comment       0x0000000000000079       0x7a build/system_stm32f1xx.o
 .comment       0x0000000000000079       0x7a build/list.o
 .comment       0x0000000000000079       0x7a build/queue.o
 .comment       0x0000000000000079       0x7a build/tasks.o
 .comment       0x0000000000000079       0x7a build/timers.o
 .comment       0x0000000000000079       0x7a build/cmsis_os2.o
 .comment       0x0000000000000079       0x7a build/heap_4.o
 .comment       0x0000000000000079       0x7a build/port.o

.debug_frame    0x0000000000000000     0x3ea8
 .debug_frame   0x0000000000000000      0x154 build/main.o
 .debug_frame   0x0000000000000154       0xf0 build/stm32f1xx_it.o
 .debug_frame   0x0000000000000244       0x74 build/stm32f1xx_hal_msp.o
 .debug_frame   0x00000000000002b8       0x50 build/stm32f1xx_hal_timebase_tim.o
 .debug_frame   0x0000000000000308      0x1e0 build/stm32f1xx_hal.o
 .debug_frame   0x00000000000004e8      0x1c0 build/stm32f1xx_hal_rcc.o
 .debug_frame   0x00000000000006a8      0x104 build/stm32f1xx_hal_gpio.o
 .debug_frame   0x00000000000007ac      0x168 build/stm32f1xx_hal_dma.o
 .debug_frame   0x0000000000000914      0x13c build/stm32f1xx_hal_cortex.o
 .debug_frame   0x0000000000000a50      0xbe8 build/stm32f1xx_hal_tim.o
 .debug_frame   0x0000000000001638      0x430 build/stm32f1xx_hal_tim_ex.o
 .debug_frame   0x0000000000001a68      0x574 build/stm32f1xx_hal_uart.o
 .debug_frame   0x0000000000001fdc       0x30 build/system_stm32f1xx.o
 .debug_frame   0x000000000000200c       0x74 build/list.o
 .debug_frame   0x0000000000002080      0x4f8 build/queue.o
 .debug_frame   0x0000000000002578      0x738 build/tasks.o
 .debug_frame   0x0000000000002cb0      0x318 build/timers.o
 .debug_frame   0x0000000000002fc8      0x8e4 build/cmsis_os2.o
 .debug_frame   0x00000000000038ac       0xbc build/heap_4.o
 .debug_frame   0x0000000000003968       0xf4 build/port.o
 .debug_frame   0x0000000000003a5c       0x2c /usr/local/Caskroom/gcc-arm-embedded/9-2019-q4-major/gcc-arm-none-eabi-9-2019-q4-major/bin/../lib/gcc/arm-none-eabi/9.2.1/../../../../arm-none-eabi/lib/thumb/v7-m/nofp/libc_nano.a(lib_a-init.o)
 .debug_frame   0x0000000000003a88       0x28 /usr/local/Caskroom/gcc-arm-embedded/9-2019-q4-major/gcc-arm-none-eabi-9-2019-q4-major/bin/../lib/gcc/arm-none-eabi/9.2.1/../../../../arm-none-eabi/lib/thumb/v7-m/nofp/libc_nano.a(lib_a-memcpy-stub.o)
 .debug_frame   0x0000000000003ab0       0x20 /usr/local/Caskroom/gcc-arm-embedded/9-2019-q4-major/gcc-arm-none-eabi-9-2019-q4-major/bin/../lib/gcc/arm-none-eabi/9.2.1/../../../../arm-none-eabi/lib/thumb/v7-m/nofp/libc_nano.a(lib_a-memset.o)
 .debug_frame   0x0000000000003ad0       0x4c /usr/local/Caskroom/gcc-arm-embedded/9-2019-q4-major/gcc-arm-none-eabi-9-2019-q4-major/bin/../lib/gcc/arm-none-eabi/9.2.1/../../../../arm-none-eabi/lib/thumb/v7-m/nofp/libc_nano.a(lib_a-vsnprintf.o)
 .debug_frame   0x0000000000003b1c       0x90 /usr/local/Caskroom/gcc-arm-embedded/9-2019-q4-major/gcc-arm-none-eabi-9-2019-q4-major/bin/../lib/gcc/arm-none-eabi/9.2.1/../../../../arm-none-eabi/lib/thumb/v7-m/nofp/libc_nano.a(lib_a-nano-svfprintf.o)
 .debug_frame   0x0000000000003bac       0x60 /usr/local/Caskroom/gcc-arm-embedded/9-2019-q4-major/gcc-arm-none-eabi-9-2019-q4-major/bin/../lib/gcc/arm-none-eabi/9.2.1/../../../../arm-none-eabi/lib/thumb/v7-m/nofp/libc_nano.a(lib_a-nano-vfprintf_i.o)
 .debug_frame   0x0000000000003c0c       0x28 /usr/local/Caskroom/gcc-arm-embedded/9-2019-q4-major/gcc-arm-none-eabi-9-2019-q4-major/bin/../lib/gcc/arm-none-eabi/9.2.1/../../../../arm-none-eabi/lib/thumb/v7-m/nofp/libc_nano.a(lib_a-memchr-stub.o)
 .debug_frame   0x0000000000003c34       0x28 /usr/local/Caskroom/gcc-arm-embedded/9-2019-q4-major/gcc-arm-none-eabi-9-2019-q4-major/bin/../lib/gcc/arm-none-eabi/9.2.1/../../../../arm-none-eabi/lib/thumb/v7-m/nofp/libc_nano.a(lib_a-memmove.o)
 .debug_frame   0x0000000000003c5c       0x38 /usr/local/Caskroom/gcc-arm-embedded/9-2019-q4-major/gcc-arm-none-eabi-9-2019-q4-major/bin/../lib/gcc/arm-none-eabi/9.2.1/../../../../arm-none-eabi/lib/thumb/v7-m/nofp/libc_nano.a(lib_a-nano-freer.o)
 .debug_frame   0x0000000000003c94       0x30 /usr/local/Caskroom/gcc-arm-embedded/9-2019-q4-major/gcc-arm-none-eabi-9-2019-q4-major/bin/../lib/gcc/arm-none-eabi/9.2.1/../../../../arm-none-eabi/lib/thumb/v7-m/nofp/libc_nano.a(lib_a-nano-mallocr.o)
 .debug_frame   0x0000000000003cc4       0x3c /usr/local/Caskroom/gcc-arm-embedded/9-2019-q4-major/gcc-arm-none-eabi-9-2019-q4-major/bin/../lib/gcc/arm-none-eabi/9.2.1/../../../../arm-none-eabi/lib/thumb/v7-m/nofp/libc_nano.a(lib_a-nano-reallocr.o)
 .debug_frame   0x0000000000003d00       0x2c /usr/local/Caskroom/gcc-arm-embedded/9-2019-q4-major/gcc-arm-none-eabi-9-2019-q4-major/bin/../lib/gcc/arm-none-eabi/9.2.1/../../../../arm-none-eabi/lib/thumb/v7-m/nofp/libc_nano.a(lib_a-sbrkr.o)
 .debug_frame   0x0000000000003d2c       0x30 /usr/local/Caskroom/gcc-arm-embedded/9-2019-q4-major/gcc-arm-none-eabi-9-2019-q4-major/bin/../lib/gcc/arm-none-eabi/9.2.1/../../../../arm-none-eabi/lib/thumb/v7-m/nofp/libc_nano.a(lib_a-mlock.o)
 .debug_frame   0x0000000000003d5c       0x20 /usr/local/Caskroom/gcc-arm-embedded/9-2019-q4-major/gcc-arm-none-eabi-9-2019-q4-major/bin/../lib/gcc/arm-none-eabi/9.2.1/../../../../arm-none-eabi/lib/thumb/v7-m/nofp/libc_nano.a(lib_a-nano-msizer.o)
 .debug_frame   0x0000000000003d7c       0x5c /usr/local/Caskroom/gcc-arm-embedded/9-2019-q4-major/gcc-arm-none-eabi-9-2019-q4-major/bin/../lib/gcc/arm-none-eabi/9.2.1/../../../../arm-none-eabi/lib/thumb/v7-m/nofp/libc_nano.a(lib_a-reent.o)
 .debug_frame   0x0000000000003dd8       0xb0 /usr/local/Caskroom/gcc-arm-embedded/9-2019-q4-major/gcc-arm-none-eabi-9-2019-q4-major/bin/../lib/gcc/arm-none-eabi/9.2.1/../../../../arm-none-eabi/lib/thumb/v7-m/nofp/libc_nano.a(lib_a-lock.o)
 .debug_frame   0x0000000000003e88       0x20 /usr/local/Caskroom/gcc-arm-embedded/9-2019-q4-major/gcc-arm-none-eabi-9-2019-q4-major/bin/../lib/gcc/arm-none-eabi/9.2.1/../../../../arm-none-eabi/lib/thumb/v7-m/nofp/libnosys.a(sbrk.o)

Cross Reference Table

Symbol                                            File
ADC1_2_IRQHandler                                 build/startup_stm32f103xb.o
AHBPrescTable                                     build/system_stm32f1xx.o
                                                  build/stm32f1xx_hal_rcc.o
APBPrescTable                                     build/system_stm32f1xx.o
                                                  build/stm32f1xx_hal_rcc.o
BusFault_Handler                                  build/stm32f1xx_it.o
CAN1_RX1_IRQHandler                               build/startup_stm32f103xb.o
CAN1_SCE_IRQHandler                               build/startup_stm32f103xb.o
DMA1_Channel1_IRQHandler                          build/startup_stm32f103xb.o
DMA1_Channel2_IRQHandler                          build/startup_stm32f103xb.o
DMA1_Channel3_IRQHandler                          build/startup_stm32f103xb.o
DMA1_Channel4_IRQHandler                          build/stm32f1xx_it.o
DMA1_Channel5_IRQHandler                          build/stm32f1xx_it.o
DMA1_Channel6_IRQHandler                          build/startup_stm32f103xb.o
DMA1_Channel7_IRQHandler                          build/startup_stm32f103xb.o
DebugMon_Handler                                  build/stm32f1xx_it.o
Default_Handler                                   build/startup_stm32f103xb.o
EXTI0_IRQHandler                                  build/startup_stm32f103xb.o
EXTI15_10_IRQHandler                              build/startup_stm32f103xb.o
EXTI1_IRQHandler                                  build/startup_stm32f103xb.o
EXTI2_IRQHandler                                  build/startup_stm32f103xb.o
EXTI3_IRQHandler                                  build/startup_stm32f103xb.o
EXTI4_IRQHandler                                  build/startup_stm32f103xb.o
EXTI9_5_IRQHandler                                build/startup_stm32f103xb.o
Error_Handler                                     build/main.o
                                                  build/stm32f1xx_hal_msp.o
FLASH_IRQHandler                                  build/startup_stm32f103xb.o
FLASH_PageErase                                   build/stm32f1xx_hal_flash_ex.o
                                                  build/stm32f1xx_hal_flash.o
FLASH_WaitForLastOperation                        build/stm32f1xx_hal_flash.o
                                                  build/stm32f1xx_hal_flash_ex.o
HAL_DBGMCU_DisableDBGSleepMode                    build/stm32f1xx_hal.o
HAL_DBGMCU_DisableDBGStandbyMode                  build/stm32f1xx_hal.o
HAL_DBGMCU_DisableDBGStopMode                     build/stm32f1xx_hal.o
HAL_DBGMCU_EnableDBGSleepMode                     build/stm32f1xx_hal.o
HAL_DBGMCU_EnableDBGStandbyMode                   build/stm32f1xx_hal.o
HAL_DBGMCU_EnableDBGStopMode                      build/stm32f1xx_hal.o
HAL_DMA_Abort                                     build/stm32f1xx_hal_dma.o
                                                  build/stm32f1xx_hal_uart.o
HAL_DMA_Abort_IT                                  build/stm32f1xx_hal_dma.o
                                                  build/stm32f1xx_hal_uart.o
                                                  build/stm32f1xx_hal_tim_ex.o
                                                  build/stm32f1xx_hal_tim.o
HAL_DMA_DeInit                                    build/stm32f1xx_hal_dma.o
                                                  build/stm32f1xx_hal_msp.o
HAL_DMA_GetError                                  build/stm32f1xx_hal_dma.o
                                                  build/stm32f1xx_hal_uart.o
HAL_DMA_GetState                                  build/stm32f1xx_hal_dma.o
HAL_DMA_IRQHandler                                build/stm32f1xx_hal_dma.o
                                                  build/stm32f1xx_it.o
HAL_DMA_Init                                      build/stm32f1xx_hal_dma.o
                                                  build/stm32f1xx_hal_msp.o
HAL_DMA_PollForTransfer                           build/stm32f1xx_hal_dma.o
HAL_DMA_RegisterCallback                          build/stm32f1xx_hal_dma.o
HAL_DMA_Start                                     build/stm32f1xx_hal_dma.o
HAL_DMA_Start_IT                                  build/stm32f1xx_hal_dma.o
                                                  build/stm32f1xx_hal_uart.o
                                                  build/stm32f1xx_hal_tim_ex.o
                                                  build/stm32f1xx_hal_tim.o
HAL_DMA_UnRegisterCallback                        build/stm32f1xx_hal_dma.o
HAL_DeInit                                        build/stm32f1xx_hal.o
HAL_Delay                                         build/stm32f1xx_hal.o
HAL_EXTI_ClearConfigLine                          build/stm32f1xx_hal_exti.o
HAL_EXTI_ClearPending                             build/stm32f1xx_hal_exti.o
HAL_EXTI_GenerateSWI                              build/stm32f1xx_hal_exti.o
HAL_EXTI_GetConfigLine                            build/stm32f1xx_hal_exti.o
HAL_EXTI_GetHandle                                build/stm32f1xx_hal_exti.o
HAL_EXTI_GetPending                               build/stm32f1xx_hal_exti.o
HAL_EXTI_IRQHandler                               build/stm32f1xx_hal_exti.o
HAL_EXTI_RegisterCallback                         build/stm32f1xx_hal_exti.o
HAL_EXTI_SetConfigLine                            build/stm32f1xx_hal_exti.o
HAL_FLASHEx_Erase                                 build/stm32f1xx_hal_flash_ex.o
HAL_FLASHEx_Erase_IT                              build/stm32f1xx_hal_flash_ex.o
HAL_FLASHEx_OBErase                               build/stm32f1xx_hal_flash_ex.o
HAL_FLASHEx_OBGetConfig                           build/stm32f1xx_hal_flash_ex.o
HAL_FLASHEx_OBGetUserData                         build/stm32f1xx_hal_flash_ex.o
HAL_FLASHEx_OBProgram                             build/stm32f1xx_hal_flash_ex.o
HAL_FLASH_EndOfOperationCallback                  build/stm32f1xx_hal_flash.o
HAL_FLASH_GetError                                build/stm32f1xx_hal_flash.o
HAL_FLASH_IRQHandler                              build/stm32f1xx_hal_flash.o
HAL_FLASH_Lock                                    build/stm32f1xx_hal_flash.o
HAL_FLASH_OB_Launch                               build/stm32f1xx_hal_flash.o
HAL_FLASH_OB_Lock                                 build/stm32f1xx_hal_flash.o
HAL_FLASH_OB_Unlock                               build/stm32f1xx_hal_flash.o
HAL_FLASH_OperationErrorCallback                  build/stm32f1xx_hal_flash.o
HAL_FLASH_Program                                 build/stm32f1xx_hal_flash.o
HAL_FLASH_Program_IT                              build/stm32f1xx_hal_flash.o
HAL_FLASH_Unlock                                  build/stm32f1xx_hal_flash.o
HAL_GPIOEx_ConfigEventout                         build/stm32f1xx_hal_gpio_ex.o
HAL_GPIOEx_DisableEventout                        build/stm32f1xx_hal_gpio_ex.o
HAL_GPIOEx_EnableEventout                         build/stm32f1xx_hal_gpio_ex.o
HAL_GPIO_DeInit                                   build/stm32f1xx_hal_gpio.o
                                                  build/stm32f1xx_hal_msp.o
HAL_GPIO_EXTI_Callback                            build/stm32f1xx_hal_gpio.o
HAL_GPIO_EXTI_IRQHandler                          build/stm32f1xx_hal_gpio.o
HAL_GPIO_Init                                     build/stm32f1xx_hal_gpio.o
                                                  build/stm32f1xx_hal_rcc.o
                                                  build/stm32f1xx_hal_msp.o
HAL_GPIO_LockPin                                  build/stm32f1xx_hal_gpio.o
HAL_GPIO_ReadPin                                  build/stm32f1xx_hal_gpio.o
HAL_GPIO_TogglePin                                build/stm32f1xx_hal_gpio.o
HAL_GPIO_WritePin                                 build/stm32f1xx_hal_gpio.o
HAL_GetDEVID                                      build/stm32f1xx_hal.o
HAL_GetHalVersion                                 build/stm32f1xx_hal.o
HAL_GetREVID                                      build/stm32f1xx_hal.o
HAL_GetTick                                       build/stm32f1xx_hal.o
                                                  build/stm32f1xx_hal_uart.o
                                                  build/stm32f1xx_hal_flash.o
                                                  build/stm32f1xx_hal_dma.o
                                                  build/stm32f1xx_hal_rcc_ex.o
                                                  build/stm32f1xx_hal_rcc.o
HAL_GetTickFreq                                   build/stm32f1xx_hal.o
HAL_GetTickPrio                                   build/stm32f1xx_hal.o
HAL_GetUIDw0                                      build/stm32f1xx_hal.o
HAL_GetUIDw1                                      build/stm32f1xx_hal.o
HAL_GetUIDw2                                      build/stm32f1xx_hal.o
HAL_HalfDuplex_EnableReceiver                     build/stm32f1xx_hal_uart.o
HAL_HalfDuplex_EnableTransmitter                  build/stm32f1xx_hal_uart.o
HAL_HalfDuplex_Init                               build/stm32f1xx_hal_uart.o
HAL_IncTick                                       build/stm32f1xx_hal.o
                                                  build/main.o
HAL_Init                                          build/stm32f1xx_hal.o
                                                  build/main.o
HAL_InitTick                                      build/stm32f1xx_hal_timebase_tim.o
                                                  build/stm32f1xx_hal_rcc.o
HAL_LIN_Init                                      build/stm32f1xx_hal_uart.o
HAL_LIN_SendBreak                                 build/stm32f1xx_hal_uart.o
HAL_MspDeInit                                     build/stm32f1xx_hal.o
HAL_MspInit                                       build/stm32f1xx_hal_msp.o
HAL_MultiProcessor_EnterMuteMode                  build/stm32f1xx_hal_uart.o
HAL_MultiProcessor_ExitMuteMode                   build/stm32f1xx_hal_uart.o
HAL_MultiProcessor_Init                           build/stm32f1xx_hal_uart.o
HAL_NVIC_ClearPendingIRQ                          build/stm32f1xx_hal_cortex.o
HAL_NVIC_DisableIRQ                               build/stm32f1xx_hal_cortex.o
                                                  build/stm32f1xx_hal_msp.o
HAL_NVIC_EnableIRQ                                build/stm32f1xx_hal_cortex.o
                                                  build/stm32f1xx_hal_timebase_tim.o
                                                  build/stm32f1xx_hal_msp.o
                                                  build/main.o
HAL_NVIC_GetActive                                build/stm32f1xx_hal_cortex.o
HAL_NVIC_GetPendingIRQ                            build/stm32f1xx_hal_cortex.o
HAL_NVIC_GetPriority                              build/stm32f1xx_hal_cortex.o
HAL_NVIC_GetPriorityGrouping                      build/stm32f1xx_hal_cortex.o
HAL_NVIC_SetPendingIRQ                            build/stm32f1xx_hal_cortex.o
HAL_NVIC_SetPriority                              build/stm32f1xx_hal_cortex.o
                                                  build/stm32f1xx_hal.o
                                                  build/stm32f1xx_hal_timebase_tim.o
                                                  build/stm32f1xx_hal_msp.o
                                                  build/main.o
HAL_NVIC_SetPriorityGrouping                      build/stm32f1xx_hal_cortex.o
                                                  build/stm32f1xx_hal.o
HAL_NVIC_SystemReset                              build/stm32f1xx_hal_cortex.o
                                                  build/stm32f1xx_hal_flash.o
HAL_PWR_ConfigPVD                                 build/stm32f1xx_hal_pwr.o
HAL_PWR_DeInit                                    build/stm32f1xx_hal_pwr.o
HAL_PWR_DisableBkUpAccess                         build/stm32f1xx_hal_pwr.o
HAL_PWR_DisablePVD                                build/stm32f1xx_hal_pwr.o
HAL_PWR_DisableSEVOnPend                          build/stm32f1xx_hal_pwr.o
HAL_PWR_DisableSleepOnExit                        build/stm32f1xx_hal_pwr.o
HAL_PWR_DisableWakeUpPin                          build/stm32f1xx_hal_pwr.o
HAL_PWR_EnableBkUpAccess                          build/stm32f1xx_hal_pwr.o
HAL_PWR_EnablePVD                                 build/stm32f1xx_hal_pwr.o
HAL_PWR_EnableSEVOnPend                           build/stm32f1xx_hal_pwr.o
HAL_PWR_EnableSleepOnExit                         build/stm32f1xx_hal_pwr.o
HAL_PWR_EnableWakeUpPin                           build/stm32f1xx_hal_pwr.o
HAL_PWR_EnterSLEEPMode                            build/stm32f1xx_hal_pwr.o
HAL_PWR_EnterSTANDBYMode                          build/stm32f1xx_hal_pwr.o
HAL_PWR_EnterSTOPMode                             build/stm32f1xx_hal_pwr.o
HAL_PWR_PVDCallback                               build/stm32f1xx_hal_pwr.o
HAL_PWR_PVD_IRQHandler                            build/stm32f1xx_hal_pwr.o
HAL_RCCEx_GetPeriphCLKConfig                      build/stm32f1xx_hal_rcc_ex.o
HAL_RCCEx_GetPeriphCLKFreq                        build/stm32f1xx_hal_rcc_ex.o
HAL_RCCEx_PeriphCLKConfig                         build/stm32f1xx_hal_rcc_ex.o
HAL_RCC_CSSCallback                               build/stm32f1xx_hal_rcc.o
HAL_RCC_ClockConfig                               build/stm32f1xx_hal_rcc.o
                                                  build/main.o
HAL_RCC_DeInit                                    build/stm32f1xx_hal_rcc.o
HAL_RCC_DisableCSS                                build/stm32f1xx_hal_rcc.o
HAL_RCC_EnableCSS                                 build/stm32f1xx_hal_rcc.o
HAL_RCC_GetClockConfig                            build/stm32f1xx_hal_rcc.o
                                                  build/stm32f1xx_hal_timebase_tim.o
HAL_RCC_GetHCLKFreq                               build/stm32f1xx_hal_rcc.o
HAL_RCC_GetOscConfig                              build/stm32f1xx_hal_rcc.o
HAL_RCC_GetPCLK1Freq                              build/stm32f1xx_hal_rcc.o
                                                  build/stm32f1xx_hal_uart.o
                                                  build/stm32f1xx_hal_timebase_tim.o
HAL_RCC_GetPCLK2Freq                              build/stm32f1xx_hal_rcc.o
                                                  build/stm32f1xx_hal_uart.o
                                                  build/stm32f1xx_hal_rcc_ex.o
HAL_RCC_GetSysClockFreq                           build/stm32f1xx_hal_rcc.o
HAL_RCC_MCOConfig                                 build/stm32f1xx_hal_rcc.o
HAL_RCC_NMI_IRQHandler                            build/stm32f1xx_hal_rcc.o
HAL_RCC_OscConfig                                 build/stm32f1xx_hal_rcc.o
                                                  build/main.o
HAL_ResumeTick                                    build/stm32f1xx_hal_timebase_tim.o
HAL_SYSTICK_CLKSourceConfig                       build/stm32f1xx_hal_cortex.o
HAL_SYSTICK_Callback                              build/stm32f1xx_hal_cortex.o
HAL_SYSTICK_Config                                build/stm32f1xx_hal_cortex.o
                                                  build/stm32f1xx_hal.o
HAL_SYSTICK_IRQHandler                            build/stm32f1xx_hal_cortex.o
HAL_SetTickFreq                                   build/stm32f1xx_hal.o
HAL_SuspendTick                                   build/stm32f1xx_hal_timebase_tim.o
HAL_TIMEx_BreakCallback                           build/stm32f1xx_hal_tim_ex.o
                                                  build/stm32f1xx_hal_tim.o
HAL_TIMEx_CommutCallback                          build/stm32f1xx_hal_tim_ex.o
                                                  build/stm32f1xx_hal_tim.o
HAL_TIMEx_CommutHalfCpltCallback                  build/stm32f1xx_hal_tim_ex.o
HAL_TIMEx_ConfigBreakDeadTime                     build/stm32f1xx_hal_tim_ex.o
HAL_TIMEx_ConfigCommutEvent                       build/stm32f1xx_hal_tim_ex.o
HAL_TIMEx_ConfigCommutEvent_DMA                   build/stm32f1xx_hal_tim_ex.o
HAL_TIMEx_ConfigCommutEvent_IT                    build/stm32f1xx_hal_tim_ex.o
HAL_TIMEx_HallSensor_DeInit                       build/stm32f1xx_hal_tim_ex.o
HAL_TIMEx_HallSensor_GetState                     build/stm32f1xx_hal_tim_ex.o
HAL_TIMEx_HallSensor_Init                         build/stm32f1xx_hal_tim_ex.o
HAL_TIMEx_HallSensor_MspDeInit                    build/stm32f1xx_hal_tim_ex.o
HAL_TIMEx_HallSensor_MspInit                      build/stm32f1xx_hal_tim_ex.o
HAL_TIMEx_HallSensor_Start                        build/stm32f1xx_hal_tim_ex.o
HAL_TIMEx_HallSensor_Start_DMA                    build/stm32f1xx_hal_tim_ex.o
HAL_TIMEx_HallSensor_Start_IT                     build/stm32f1xx_hal_tim_ex.o