Archive member included to satisfy reference by file (symbol)

/usr/local/Caskroom/gcc-arm-embedded/9-2019-q4-major/gcc-arm-none-eabi-9-2019-q4-major/bin/../lib/gcc/arm-none-eabi/9.2.1/../../../../arm-none-eabi/lib/thumb/v7-m/nofp/libc_nano.a(lib_a-exit.o)
                              /usr/local/Caskroom/gcc-arm-embedded/9-2019-q4-major/gcc-arm-none-eabi-9-2019-q4-major/bin/../lib/gcc/arm-none-eabi/9.2.1/../../../../arm-none-eabi/lib/thumb/v7-m/nofp/crt0.o (exit)
/usr/local/Caskroom/gcc-arm-embedded/9-2019-q4-major/gcc-arm-none-eabi-9-2019-q4-major/bin/../lib/gcc/arm-none-eabi/9.2.1/../../../../arm-none-eabi/lib/thumb/v7-m/nofp/libc_nano.a(lib_a-impure.o)
                              /usr/local/Caskroom/gcc-arm-embedded/9-2019-q4-major/gcc-arm-none-eabi-9-2019-q4-major/bin/../lib/gcc/arm-none-eabi/9.2.1/../../../../arm-none-eabi/lib/thumb/v7-m/nofp/libc_nano.a(lib_a-exit.o) (_global_impure_ptr)
/usr/local/Caskroom/gcc-arm-embedded/9-2019-q4-major/gcc-arm-none-eabi-9-2019-q4-major/bin/../lib/gcc/arm-none-eabi/9.2.1/../../../../arm-none-eabi/lib/thumb/v7-m/nofp/libc_nano.a(lib_a-init.o)
                              /usr/local/Caskroom/gcc-arm-embedded/9-2019-q4-major/gcc-arm-none-eabi-9-2019-q4-major/bin/../lib/gcc/arm-none-eabi/9.2.1/../../../../arm-none-eabi/lib/thumb/v7-m/nofp/crt0.o (__libc_init_array)
/usr/local/Caskroom/gcc-arm-embedded/9-2019-q4-major/gcc-arm-none-eabi-9-2019-q4-major/bin/../lib/gcc/arm-none-eabi/9.2.1/../../../../arm-none-eabi/lib/thumb/v7-m/nofp/libc_nano.a(lib_a-memcpy-stub.o)
                              build/queue.o (memcpy)
/usr/local/Caskroom/gcc-arm-embedded/9-2019-q4-major/gcc-arm-none-eabi-9-2019-q4-major/bin/../lib/gcc/arm-none-eabi/9.2.1/../../../../arm-none-eabi/lib/thumb/v7-m/nofp/libc_nano.a(lib_a-memset.o)
                              /usr/local/Caskroom/gcc-arm-embedded/9-2019-q4-major/gcc-arm-none-eabi-9-2019-q4-major/bin/../lib/gcc/arm-none-eabi/9.2.1/../../../../arm-none-eabi/lib/thumb/v7-m/nofp/crt0.o (memset)
/usr/local/Caskroom/gcc-arm-embedded/9-2019-q4-major/gcc-arm-none-eabi-9-2019-q4-major/bin/../lib/gcc/arm-none-eabi/9.2.1/../../../../arm-none-eabi/lib/thumb/v7-m/nofp/libc_nano.a(lib_a-reent.o)
                              build/tasks.o (_reclaim_reent)
/usr/local/Caskroom/gcc-arm-embedded/9-2019-q4-major/gcc-arm-none-eabi-9-2019-q4-major/bin/../lib/gcc/arm-none-eabi/9.2.1/../../../../arm-none-eabi/lib/thumb/v7-m/nofp/libc_nano.a(lib_a-nano-freer.o)
                              /usr/local/Caskroom/gcc-arm-embedded/9-2019-q4-major/gcc-arm-none-eabi-9-2019-q4-major/bin/../lib/gcc/arm-none-eabi/9.2.1/../../../../arm-none-eabi/lib/thumb/v7-m/nofp/libc_nano.a(lib_a-reent.o) (_free_r)
/usr/local/Caskroom/gcc-arm-embedded/9-2019-q4-major/gcc-arm-none-eabi-9-2019-q4-major/bin/../lib/gcc/arm-none-eabi/9.2.1/../../../../arm-none-eabi/lib/thumb/v7-m/nofp/libc_nano.a(lib_a-nano-mallocr.o)
                              /usr/local/Caskroom/gcc-arm-embedded/9-2019-q4-major/gcc-arm-none-eabi-9-2019-q4-major/bin/../lib/gcc/arm-none-eabi/9.2.1/../../../../arm-none-eabi/lib/thumb/v7-m/nofp/libc_nano.a(lib_a-nano-freer.o) (__malloc_free_list)
/usr/local/Caskroom/gcc-arm-embedded/9-2019-q4-major/gcc-arm-none-eabi-9-2019-q4-major/bin/../lib/gcc/arm-none-eabi/9.2.1/../../../../arm-none-eabi/lib/thumb/v7-m/nofp/libc_nano.a(lib_a-sbrkr.o)
                              /usr/local/Caskroom/gcc-arm-embedded/9-2019-q4-major/gcc-arm-none-eabi-9-2019-q4-major/bin/../lib/gcc/arm-none-eabi/9.2.1/../../../../arm-none-eabi/lib/thumb/v7-m/nofp/libc_nano.a(lib_a-nano-mallocr.o) (_sbrk_r)
/usr/local/Caskroom/gcc-arm-embedded/9-2019-q4-major/gcc-arm-none-eabi-9-2019-q4-major/bin/../lib/gcc/arm-none-eabi/9.2.1/../../../../arm-none-eabi/lib/thumb/v7-m/nofp/libc_nano.a(lib_a-mlock.o)
                              /usr/local/Caskroom/gcc-arm-embedded/9-2019-q4-major/gcc-arm-none-eabi-9-2019-q4-major/bin/../lib/gcc/arm-none-eabi/9.2.1/../../../../arm-none-eabi/lib/thumb/v7-m/nofp/libc_nano.a(lib_a-nano-freer.o) (__malloc_lock)
/usr/local/Caskroom/gcc-arm-embedded/9-2019-q4-major/gcc-arm-none-eabi-9-2019-q4-major/bin/../lib/gcc/arm-none-eabi/9.2.1/../../../../arm-none-eabi/lib/thumb/v7-m/nofp/libc_nano.a(lib_a-lock.o)
                              /usr/local/Caskroom/gcc-arm-embedded/9-2019-q4-major/gcc-arm-none-eabi-9-2019-q4-major/bin/../lib/gcc/arm-none-eabi/9.2.1/../../../../arm-none-eabi/lib/thumb/v7-m/nofp/libc_nano.a(lib_a-mlock.o) (__retarget_lock_acquire_recursive)
/usr/local/Caskroom/gcc-arm-embedded/9-2019-q4-major/gcc-arm-none-eabi-9-2019-q4-major/bin/../lib/gcc/arm-none-eabi/9.2.1/../../../../arm-none-eabi/lib/thumb/v7-m/nofp/libnosys.a(sbrk.o)
                              /usr/local/Caskroom/gcc-arm-embedded/9-2019-q4-major/gcc-arm-none-eabi-9-2019-q4-major/bin/../lib/gcc/arm-none-eabi/9.2.1/../../../../arm-none-eabi/lib/thumb/v7-m/nofp/libc_nano.a(lib_a-sbrkr.o) (_sbrk)
[...]
Memory Configuration

Name             Origin             Length             Attributes
RAM              0x0000000020000000 0x0000000000005000 xrw
FLASH            0x0000000008000000 0x0000000000010000 xr
*default*        0x0000000000000000 0xffffffffffffffff

Linker script and memory map

LOAD /usr/local/Caskroom/gcc-arm-embedded/9-2019-q4-major/gcc-arm-none-eabi-9-2019-q4-major/bin/../lib/gcc/arm-none-eabi/9.2.1/thumb/v7-m/nofp/crti.o
LOAD /usr/local/Caskroom/gcc-arm-embedded/9-2019-q4-major/gcc-arm-none-eabi-9-2019-q4-major/bin/../lib/gcc/arm-none-eabi/9.2.1/thumb/v7-m/nofp/crtbegin.o
LOAD /usr/local/Caskroom/gcc-arm-embedded/9-2019-q4-major/gcc-arm-none-eabi-9-2019-q4-major/bin/../lib/gcc/arm-none-eabi/9.2.1/../../../../arm-none-eabi/lib/thumb/v7-m/nofp/crt0.o
LOAD build/main.o
LOAD build/freertos.o
LOAD build/stm32f1xx_it.o
LOAD build/stm32f1xx_hal_msp.o
LOAD build/stm32f1xx_hal_timebase_tim.o
LOAD build/stm32f1xx_hal_gpio_ex.o
LOAD build/stm32f1xx_hal.o
LOAD build/stm32f1xx_hal_rcc.o
LOAD build/stm32f1xx_hal_rcc_ex.o
LOAD build/stm32f1xx_hal_gpio.o
LOAD build/stm32f1xx_hal_dma.o
LOAD build/stm32f1xx_hal_cortex.o
LOAD build/stm32f1xx_hal_pwr.o
LOAD build/stm32f1xx_hal_flash.o
LOAD build/stm32f1xx_hal_flash_ex.o
LOAD build/stm32f1xx_hal_exti.o
LOAD build/stm32f1xx_hal_tim.o
LOAD build/stm32f1xx_hal_tim_ex.o
LOAD build/system_stm32f1xx.o
LOAD build/croutine.o
LOAD build/event_groups.o
LOAD build/list.o
LOAD build/queue.o
LOAD build/stream_buffer.o
LOAD build/tasks.o
LOAD build/timers.o
LOAD build/cmsis_os2.o
LOAD build/heap_4.o
LOAD build/port.o
LOAD build/startup_stm32f103xb.o
LOAD /usr/local/Caskroom/gcc-arm-embedded/9-2019-q4-major/gcc-arm-none-eabi-9-2019-q4-major/bin/../lib/gcc/arm-none-eabi/9.2.1/../../../../arm-none-eabi/lib/thumb/v7-m/nofp/libc_nano.a
LOAD /usr/local/Caskroom/gcc-arm-embedded/9-2019-q4-major/gcc-arm-none-eabi-9-2019-q4-major/bin/../lib/gcc/arm-none-eabi/9.2.1/../../../../arm-none-eabi/lib/thumb/v7-m/nofp/libm.a
LOAD /usr/local/Caskroom/gcc-arm-embedded/9-2019-q4-major/gcc-arm-none-eabi-9-2019-q4-major/bin/../lib/gcc/arm-none-eabi/9.2.1/../../../../arm-none-eabi/lib/thumb/v7-m/nofp/libnosys.a
START GROUP
LOAD /usr/local/Caskroom/gcc-arm-embedded/9-2019-q4-major/gcc-arm-none-eabi-9-2019-q4-major/bin/../lib/gcc/arm-none-eabi/9.2.1/thumb/v7-m/nofp/libgcc.a
LOAD /usr/local/Caskroom/gcc-arm-embedded/9-2019-q4-major/gcc-arm-none-eabi-9-2019-q4-major/bin/../lib/gcc/arm-none-eabi/9.2.1/../../../../arm-none-eabi/lib/thumb/v7-m/nofp/libc_nano.a
END GROUP
START GROUP
LOAD /usr/local/Caskroom/gcc-arm-embedded/9-2019-q4-major/gcc-arm-none-eabi-9-2019-q4-major/bin/../lib/gcc/arm-none-eabi/9.2.1/thumb/v7-m/nofp/libgcc.a
LOAD /usr/local/Caskroom/gcc-arm-embedded/9-2019-q4-major/gcc-arm-none-eabi-9-2019-q4-major/bin/../lib/gcc/arm-none-eabi/9.2.1/../../../../arm-none-eabi/lib/thumb/v7-m/nofp/libc_nano.a
END GROUP
LOAD /usr/local/Caskroom/gcc-arm-embedded/9-2019-q4-major/gcc-arm-none-eabi-9-2019-q4-major/bin/../lib/gcc/arm-none-eabi/9.2.1/thumb/v7-m/nofp/crtend.o
LOAD /usr/local/Caskroom/gcc-arm-embedded/9-2019-q4-major/gcc-arm-none-eabi-9-2019-q4-major/bin/../lib/gcc/arm-none-eabi/9.2.1/thumb/v7-m/nofp/crtn.o
                0x0000000020005000                _estack = 0x20005000
                0x0000000000000200                _Min_Heap_Size = 0x200
                0x0000000000000400                _Min_Stack_Size = 0x400

.isr_vector     0x0000000008000000      0x10c
                0x0000000008000000                . = ALIGN (0x4)
 *(.isr_vector)
 .isr_vector    0x0000000008000000      0x10c build/startup_stm32f103xb.o
                0x0000000008000000                g_pfnVectors
                0x000000000800010c                . = ALIGN (0x4)

.text           0x0000000008000110     0x2ccc
                0x0000000008000110                . = ALIGN (0x4)
 *(.text)
 .text          0x0000000008000110       0x40 /usr/local/Caskroom/gcc-arm-embedded/9-2019-q4-major/gcc-arm-none-eabi-9-2019-q4-major/bin/../lib/gcc/arm-none-eabi/9.2.1/thumb/v7-m/nofp/crtbegin.o
 *(.text*)
 .text.StartDefaultTask
                0x0000000008000150       0x5c build/main.o
                0x0000000008000150                StartDefaultTask
 .text.SystemClock_Config
                0x00000000080001ac       0x44 build/main.o
                0x00000000080001ac                SystemClock_Config
 .text.main     0x00000000080001f0       0x2c build/main.o
                0x00000000080001f0                main
 .text.HAL_TIM_PeriodElapsedCallback
                0x000000000800021c       0x12 build/main.o
                0x000000000800021c                HAL_TIM_PeriodElapsedCallback
 .text.NMI_Handler
                0x000000000800022e        0x2 build/stm32f1xx_it.o
                0x000000000800022e                NMI_Handler
 .text.HardFault_Handler
                0x0000000008000230        0x2 build/stm32f1xx_it.o
                0x0000000008000230                HardFault_Handler
 .text.MemManage_Handler
                0x0000000008000232        0x2 build/stm32f1xx_it.o
                0x0000000008000232                MemManage_Handler
 .text.BusFault_Handler
                0x0000000008000234        0x2 build/stm32f1xx_it.o
                0x0000000008000234                BusFault_Handler
 .text.UsageFault_Handler
                0x0000000008000236        0x2 build/stm32f1xx_it.o
                0x0000000008000236                UsageFault_Handler
 .text.DebugMon_Handler
                0x0000000008000238        0x2 build/stm32f1xx_it.o
                0x0000000008000238                DebugMon_Handler
 *fill*         0x000000000800023a        0x2 
 .text.TIM2_IRQHandler
                0x000000000800023c       0x10 build/stm32f1xx_it.o
                0x000000000800023c                TIM2_IRQHandler
 .text.HAL_MspInit
                0x000000000800024c       0x54 build/stm32f1xx_hal_msp.o
                0x000000000800024c                HAL_MspInit
 .text.HAL_TIM_Base_MspInit
                0x00000000080002a0       0x2c build/stm32f1xx_hal_msp.o
                0x00000000080002a0                HAL_TIM_Base_MspInit
 .text.HAL_InitTick
                0x00000000080002cc       0x78 build/stm32f1xx_hal_timebase_tim.o
                0x00000000080002cc                HAL_InitTick
 .text.HAL_Init
                0x0000000008000344       0x24 build/stm32f1xx_hal.o
                0x0000000008000344                HAL_Init
 .text.HAL_IncTick
                0x0000000008000368       0x18 build/stm32f1xx_hal.o
                0x0000000008000368                HAL_IncTick
 .text.HAL_GetTick
                0x0000000008000380        0xc build/stm32f1xx_hal.o
                0x0000000008000380                HAL_GetTick
 .text.RCC_Delay
                0x000000000800038c       0x2c build/stm32f1xx_hal_rcc.o
 .text.HAL_RCC_OscConfig
                0x00000000080003b8      0x410 build/stm32f1xx_hal_rcc.o
                0x00000000080003b8                HAL_RCC_OscConfig
 .text.HAL_RCC_GetSysClockFreq
                0x00000000080007c8       0x6c build/stm32f1xx_hal_rcc.o
                0x00000000080007c8                HAL_RCC_GetSysClockFreq
 .text.HAL_RCC_ClockConfig
                0x0000000008000834      0x16c build/stm32f1xx_hal_rcc.o
                0x0000000008000834                HAL_RCC_ClockConfig
 .text.HAL_RCC_GetHCLKFreq
                0x00000000080009a0        0xc build/stm32f1xx_hal_rcc.o
                0x00000000080009a0                HAL_RCC_GetHCLKFreq
 .text.HAL_RCC_GetPCLK1Freq
                0x00000000080009ac       0x20 build/stm32f1xx_hal_rcc.o
                0x00000000080009ac                HAL_RCC_GetPCLK1Freq
 .text.HAL_RCC_GetClockConfig
                0x00000000080009cc       0x3c build/stm32f1xx_hal_rcc.o
                0x00000000080009cc                HAL_RCC_GetClockConfig
 .text.HAL_GPIO_Init
                0x0000000008000a08      0x220 build/stm32f1xx_hal_gpio.o
                0x0000000008000a08                HAL_GPIO_Init
 .text.HAL_GPIO_WritePin
                0x0000000008000c28        0xc build/stm32f1xx_hal_gpio.o
                0x0000000008000c28                HAL_GPIO_WritePin
 .text.HAL_NVIC_SetPriorityGrouping
                0x0000000008000c34       0x24 build/stm32f1xx_hal_cortex.o
                0x0000000008000c34                HAL_NVIC_SetPriorityGrouping
 .text.HAL_NVIC_SetPriority
                0x0000000008000c58       0x68 build/stm32f1xx_hal_cortex.o
                0x0000000008000c58                HAL_NVIC_SetPriority
 .text.HAL_NVIC_EnableIRQ
                0x0000000008000cc0       0x1c build/stm32f1xx_hal_cortex.o
                0x0000000008000cc0                HAL_NVIC_EnableIRQ
 .text.HAL_TIM_Base_Start_IT
                0x0000000008000cdc       0x22 build/stm32f1xx_hal_tim.o
                0x0000000008000cdc                HAL_TIM_Base_Start_IT
 .text.HAL_TIM_OC_DelayElapsedCallback
                0x0000000008000cfe        0x2 build/stm32f1xx_hal_tim.o
                0x0000000008000cfe                HAL_TIM_OC_DelayElapsedCallback
 .text.HAL_TIM_IC_CaptureCallback
                0x0000000008000d00        0x2 build/stm32f1xx_hal_tim.o
                0x0000000008000d00                HAL_TIM_IC_CaptureCallback
 .text.HAL_TIM_PWM_PulseFinishedCallback
                0x0000000008000d02        0x2 build/stm32f1xx_hal_tim.o
                0x0000000008000d02                HAL_TIM_PWM_PulseFinishedCallback
 .text.HAL_TIM_TriggerCallback
                0x0000000008000d04        0x2 build/stm32f1xx_hal_tim.o
                0x0000000008000d04                HAL_TIM_TriggerCallback
 .text.HAL_TIM_IRQHandler
                0x0000000008000d06      0x17a build/stm32f1xx_hal_tim.o
                0x0000000008000d06                HAL_TIM_IRQHandler
 .text.TIM_Base_SetConfig
                0x0000000008000e80       0x74 build/stm32f1xx_hal_tim.o
                0x0000000008000e80                TIM_Base_SetConfig
 .text.HAL_TIM_Base_Init
                0x0000000008000ef4       0x34 build/stm32f1xx_hal_tim.o
                0x0000000008000ef4                HAL_TIM_Base_Init
 .text.HAL_TIMEx_CommutCallback
                0x0000000008000f28        0x2 build/stm32f1xx_hal_tim_ex.o
                0x0000000008000f28                HAL_TIMEx_CommutCallback
 .text.HAL_TIMEx_BreakCallback
                0x0000000008000f2a        0x2 build/stm32f1xx_hal_tim_ex.o
                0x0000000008000f2a                HAL_TIMEx_BreakCallback
 .text.SystemInit
                0x0000000008000f2c       0x4c build/system_stm32f1xx.o
                0x0000000008000f2c                SystemInit
 .text.vListInitialise
                0x0000000008000f78       0x16 build/list.o
                0x0000000008000f78                vListInitialise
 .text.vListInitialiseItem
                0x0000000008000f8e        0x6 build/list.o
                0x0000000008000f8e                vListInitialiseItem
 .text.vListInsertEnd
                0x0000000008000f94       0x16 build/list.o
                0x0000000008000f94                vListInsertEnd
 .text.vListInsert
                0x0000000008000faa       0x32 build/list.o
                0x0000000008000faa                vListInsert
 .text.uxListRemove
                0x0000000008000fdc       0x26 build/list.o
                0x0000000008000fdc                uxListRemove
 .text.prvIsQueueFull
                0x0000000008001002       0x1e build/queue.o
 .text.prvIsQueueEmpty
                0x0000000008001020       0x1a build/queue.o
 .text.prvCopyDataToQueue
                0x000000000800103a       0x76 build/queue.o
 .text.prvCopyDataFromQueue
                0x00000000080010b0       0x24 build/queue.o
 .text.prvUnlockQueue
                0x00000000080010d4       0x6e build/queue.o
 *fill*         0x0000000008001142        0x2 
 .text.xQueueGenericReset
                0x0000000008001144       0x84 build/queue.o
                0x0000000008001144                xQueueGenericReset
 .text.prvInitialiseNewQueue
                0x00000000080011c8       0x22 build/queue.o
 .text.xQueueGenericCreateStatic
                0x00000000080011ea       0x92 build/queue.o
                0x00000000080011ea                xQueueGenericCreateStatic
 .text.xQueueGenericSend
                0x000000000800127c      0x180 build/queue.o
                0x000000000800127c                xQueueGenericSend
 .text.xQueueGenericSendFromISR
                0x00000000080013fc       0xce build/queue.o
                0x00000000080013fc                xQueueGenericSendFromISR
 *fill*         0x00000000080014ca        0x2 
 .text.xQueueReceive
                0x00000000080014cc      0x15c build/queue.o
                0x00000000080014cc                xQueueReceive
 .text.vQueueAddToRegistry
                0x0000000008001628       0x28 build/queue.o
                0x0000000008001628                vQueueAddToRegistry
 .text.vQueueWaitForMessageRestricted
                0x0000000008001650       0x52 build/queue.o
                0x0000000008001650                vQueueWaitForMessageRestricted
 *fill*         0x00000000080016a2        0x2 
 .text.prvResetNextTaskUnblockTime
                0x00000000080016a4       0x2c build/tasks.o
 .text.prvInitialiseNewTask
                0x00000000080016d0       0xee build/tasks.o
 *fill*         0x00000000080017be        0x2 
 .text.prvInitialiseTaskLists
                0x00000000080017c0       0x68 build/tasks.o
 .text.prvAddNewTaskToReadyList
                0x0000000008001828       0xac build/tasks.o
 .text.prvDeleteTCB
                0x00000000080018d4       0x40 build/tasks.o
 .text.prvCheckTasksWaitingTermination
                0x0000000008001914       0x4c build/tasks.o
 .text.prvIdleTask
                0x0000000008001960       0x28 build/tasks.o
 .text.prvAddCurrentTaskToDelayedList
                0x0000000008001988       0x7c build/tasks.o
 .text.xTaskCreateStatic
                0x0000000008001a04       0x76 build/tasks.o
                0x0000000008001a04                xTaskCreateStatic
 .text.xTaskCreate
                0x0000000008001a7a       0x6a build/tasks.o
                0x0000000008001a7a                xTaskCreate
 .text.vTaskStartScheduler
                0x0000000008001ae4       0xa8 build/tasks.o
                0x0000000008001ae4                vTaskStartScheduler
 .text.vTaskSuspendAll
                0x0000000008001b8c       0x10 build/tasks.o
                0x0000000008001b8c                vTaskSuspendAll
 .text.xTaskGetTickCount
                0x0000000008001b9c        0xc build/tasks.o
                0x0000000008001b9c                xTaskGetTickCount
 .text.xTaskIncrementTick
                0x0000000008001ba8      0x118 build/tasks.o
                0x0000000008001ba8                xTaskIncrementTick
 .text.xTaskResumeAll
                0x0000000008001cc0       0xf8 build/tasks.o
                0x0000000008001cc0                xTaskResumeAll
 .text.vTaskDelay
                0x0000000008001db8       0x4c build/tasks.o
                0x0000000008001db8                vTaskDelay
 .text.vTaskSwitchContext
                0x0000000008001e04       0xa0 build/tasks.o
                0x0000000008001e04                vTaskSwitchContext
 .text.vTaskPlaceOnEventList
                0x0000000008001ea4       0x30 build/tasks.o
                0x0000000008001ea4                vTaskPlaceOnEventList
 .text.vTaskPlaceOnEventListRestricted
                0x0000000008001ed4       0x38 build/tasks.o
                0x0000000008001ed4                vTaskPlaceOnEventListRestricted
 .text.xTaskRemoveFromEventList
                0x0000000008001f0c       0x8c build/tasks.o
                0x0000000008001f0c                xTaskRemoveFromEventList
 .text.vTaskInternalSetTimeOutState
                0x0000000008001f98       0x18 build/tasks.o
                0x0000000008001f98                vTaskInternalSetTimeOutState
 .text.xTaskCheckForTimeOut
                0x0000000008001fb0       0x84 build/tasks.o
                0x0000000008001fb0                xTaskCheckForTimeOut
 .text.vTaskMissedYield
                0x0000000008002034        0xc build/tasks.o
                0x0000000008002034                vTaskMissedYield
 .text.xTaskGetSchedulerState
                0x0000000008002040       0x20 build/tasks.o
                0x0000000008002040                xTaskGetSchedulerState
 .text.xTaskPriorityDisinherit
                0x0000000008002060       0x90 build/tasks.o
                0x0000000008002060                xTaskPriorityDisinherit
 .text.prvGetNextExpireTime
                0x00000000080020f0       0x20 build/timers.o
 .text.prvInsertTimerInActiveList
                0x0000000008002110       0x48 build/timers.o
 .text.prvCheckForValidListAndQueue
                0x0000000008002158       0x70 build/timers.o
 .text.xTimerCreateTimerTask
                0x00000000080021c8       0x64 build/timers.o
                0x00000000080021c8                xTimerCreateTimerTask
 .text.xTimerGenericCommand
                0x000000000800222c       0x6c build/timers.o
                0x000000000800222c                xTimerGenericCommand
 .text.prvSwitchTimerLists
                0x0000000008002298       0x78 build/timers.o
 .text.prvSampleTimeNow
                0x0000000008002310       0x2c build/timers.o
 .text.prvProcessExpiredTimer
                0x000000000800233c       0x60 build/timers.o
 .text.prvProcessTimerOrBlockTask
                0x000000000800239c       0x74 build/timers.o
 .text.prvProcessReceivedCommands
                0x0000000008002410       0xf8 build/timers.o
 .text.prvTimerTask
                0x0000000008002508       0x16 build/timers.o
 *fill*         0x000000000800251e        0x2 
 .text.osThreadNew
                0x0000000008002520       0xf0 build/cmsis_os2.o
                0x0000000008002520                osThreadNew
 .text.osDelay  0x0000000008002610       0x44 build/cmsis_os2.o
                0x0000000008002610                osDelay
 .text.vApplicationGetIdleTaskMemory
                0x0000000008002654       0x18 build/cmsis_os2.o
                0x0000000008002654                vApplicationGetIdleTaskMemory
 .text.vApplicationGetTimerTaskMemory
                0x000000000800266c       0x18 build/cmsis_os2.o
                0x000000000800266c                vApplicationGetTimerTaskMemory
 .text.prvHeapInit
                0x0000000008002684       0x64 build/heap_4.o
 .text.prvInsertBlockIntoFreeList
                0x00000000080026e8       0x54 build/heap_4.o
 .text.pvPortMalloc
                0x000000000800273c       0xf0 build/heap_4.o
                0x000000000800273c                pvPortMalloc
 .text.vPortFree
                0x000000000800282c       0x70 build/heap_4.o
                0x000000000800282c                vPortFree
 .text.prvTaskExitError
                0x000000000800289c       0x40 build/port.o
 .text.prvPortStartFirstTask
                0x00000000080028dc       0x20 build/port.o
 .text.pxPortInitialiseStack
                0x00000000080028fc       0x24 build/port.o
                0x00000000080028fc                pxPortInitialiseStack
 .text.SVC_Handler
                0x0000000008002920       0x24 build/port.o
                0x0000000008002920                SVC_Handler
 .text.vPortEnterCritical
                0x0000000008002944       0x44 build/port.o
                0x0000000008002944                vPortEnterCritical
 .text.vPortExitCritical
                0x0000000008002988       0x2c build/port.o
                0x0000000008002988                vPortExitCritical
 *fill*         0x00000000080029b4        0xc 
 .text.PendSV_Handler
                0x00000000080029c0       0x44 build/port.o
                0x00000000080029c0                PendSV_Handler
 .text.SysTick_Handler
                0x0000000008002a04       0x2c build/port.o
                0x0000000008002a04                SysTick_Handler
 .text.vPortSetupTimerInterrupt
                0x0000000008002a30       0x38 build/port.o
                0x0000000008002a30                vPortSetupTimerInterrupt
 .text.xPortStartScheduler
                0x0000000008002a68       0xb8 build/port.o
                0x0000000008002a68                xPortStartScheduler
 .text.vPortValidateInterruptPriority
                0x0000000008002b20       0x5c build/port.o
                0x0000000008002b20                vPortValidateInterruptPriority
 .text.Reset_Handler
                0x0000000008002b7c       0x48 build/startup_stm32f103xb.o
                0x0000000008002b7c                Reset_Handler
 .text.Default_Handler
                0x0000000008002bc4        0x2 build/startup_stm32f103xb.o
                0x0000000008002bc4                USBWakeUp_IRQHandler
                0x0000000008002bc4                EXTI2_IRQHandler
                0x0000000008002bc4                TIM1_CC_IRQHandler
                0x0000000008002bc4                PVD_IRQHandler
                0x0000000008002bc4                EXTI3_IRQHandler
                0x0000000008002bc4                EXTI0_IRQHandler
                0x0000000008002bc4                I2C2_EV_IRQHandler
                0x0000000008002bc4                ADC1_2_IRQHandler
                0x0000000008002bc4                SPI1_IRQHandler
                0x0000000008002bc4                TAMPER_IRQHandler
                0x0000000008002bc4                DMA1_Channel4_IRQHandler
                0x0000000008002bc4                USART3_IRQHandler
                0x0000000008002bc4                RTC_IRQHandler
                0x0000000008002bc4                DMA1_Channel7_IRQHandler
                0x0000000008002bc4                CAN1_RX1_IRQHandler
                0x0000000008002bc4                TIM4_IRQHandler
                0x0000000008002bc4                I2C1_EV_IRQHandler
                0x0000000008002bc4                DMA1_Channel6_IRQHandler
                0x0000000008002bc4                TIM3_IRQHandler
                0x0000000008002bc4                RCC_IRQHandler
                0x0000000008002bc4                TIM1_TRG_COM_IRQHandler
                0x0000000008002bc4                DMA1_Channel1_IRQHandler
                0x0000000008002bc4                Default_Handler
                0x0000000008002bc4                EXTI15_10_IRQHandler
                0x0000000008002bc4                EXTI9_5_IRQHandler
                0x0000000008002bc4                SPI2_IRQHandler
                0x0000000008002bc4                DMA1_Channel5_IRQHandler
                0x0000000008002bc4                EXTI4_IRQHandler
                0x0000000008002bc4                USB_LP_CAN1_RX0_IRQHandler
                0x0000000008002bc4                USB_HP_CAN1_TX_IRQHandler
                0x0000000008002bc4                DMA1_Channel3_IRQHandler
                0x0000000008002bc4                TIM1_UP_IRQHandler
                0x0000000008002bc4                WWDG_IRQHandler
                0x0000000008002bc4                TIM1_BRK_IRQHandler
                0x0000000008002bc4                EXTI1_IRQHandler
                0x0000000008002bc4                USART2_IRQHandler
                0x0000000008002bc4                I2C2_ER_IRQHandler
                0x0000000008002bc4                DMA1_Channel2_IRQHandler
                0x0000000008002bc4                CAN1_SCE_IRQHandler
                0x0000000008002bc4                FLASH_IRQHandler
                0x0000000008002bc4                USART1_IRQHandler
                0x0000000008002bc4                I2C1_ER_IRQHandler
                0x0000000008002bc4                RTC_Alarm_IRQHandler
 *fill*         0x0000000008002bc6        0x2 
 .text.__libc_init_array
                0x0000000008002bc8       0x48 /usr/local/Caskroom/gcc-arm-embedded/9-2019-q4-major/gcc-arm-none-eabi-9-2019-q4-major/bin/../lib/gcc/arm-none-eabi/9.2.1/../../../../arm-none-eabi/lib/thumb/v7-m/nofp/libc_nano.a(lib_a-init.o)
                0x0000000008002bc8                __libc_init_array
 .text.memcpy   0x0000000008002c10       0x1c /usr/local/Caskroom/gcc-arm-embedded/9-2019-q4-major/gcc-arm-none-eabi-9-2019-q4-major/bin/../lib/gcc/arm-none-eabi/9.2.1/../../../../arm-none-eabi/lib/thumb/v7-m/nofp/libc_nano.a(lib_a-memcpy-stub.o)
                0x0000000008002c10                memcpy
 .text.memset   0x0000000008002c2c       0x10 /usr/local/Caskroom/gcc-arm-embedded/9-2019-q4-major/gcc-arm-none-eabi-9-2019-q4-major/bin/../lib/gcc/arm-none-eabi/9.2.1/../../../../arm-none-eabi/lib/thumb/v7-m/nofp/libc_nano.a(lib_a-memset.o)
                0x0000000008002c2c                memset
 .text.cleanup_glue
                0x0000000008002c3c       0x1a /usr/local/Caskroom/gcc-arm-embedded/9-2019-q4-major/gcc-arm-none-eabi-9-2019-q4-major/bin/../lib/gcc/arm-none-eabi/9.2.1/../../../../arm-none-eabi/lib/thumb/v7-m/nofp/libc_nano.a(lib_a-reent.o)
                0x0000000008002c3c                cleanup_glue
 *fill*         0x0000000008002c56        0x2 
 .text._reclaim_reent
                0x0000000008002c58       0xb8 /usr/local/Caskroom/gcc-arm-embedded/9-2019-q4-major/gcc-arm-none-eabi-9-2019-q4-major/bin/../lib/gcc/arm-none-eabi/9.2.1/../../../../arm-none-eabi/lib/thumb/v7-m/nofp/libc_nano.a(lib_a-reent.o)
                0x0000000008002c58                _reclaim_reent
 .text._free_r  0x0000000008002d10       0x98 /usr/local/Caskroom/gcc-arm-embedded/9-2019-q4-major/gcc-arm-none-eabi-9-2019-q4-major/bin/../lib/gcc/arm-none-eabi/9.2.1/../../../../arm-none-eabi/lib/thumb/v7-m/nofp/libc_nano.a(lib_a-nano-freer.o)
                0x0000000008002d10                _free_r
 .text.__malloc_lock
                0x0000000008002da8        0xc /usr/local/Caskroom/gcc-arm-embedded/9-2019-q4-major/gcc-arm-none-eabi-9-2019-q4-major/bin/../lib/gcc/arm-none-eabi/9.2.1/../../../../arm-none-eabi/lib/thumb/v7-m/nofp/libc_nano.a(lib_a-mlock.o)
                0x0000000008002da8                __malloc_lock
 .text.__malloc_unlock
                0x0000000008002db4        0xc /usr/local/Caskroom/gcc-arm-embedded/9-2019-q4-major/gcc-arm-none-eabi-9-2019-q4-major/bin/../lib/gcc/arm-none-eabi/9.2.1/../../../../arm-none-eabi/lib/thumb/v7-m/nofp/libc_nano.a(lib_a-mlock.o)
                0x0000000008002db4                __malloc_unlock
 .text.__retarget_lock_acquire_recursive
                0x0000000008002dc0        0x2 /usr/local/Caskroom/gcc-arm-embedded/9-2019-q4-major/gcc-arm-none-eabi-9-2019-q4-major/bin/../lib/gcc/arm-none-eabi/9.2.1/../../../../arm-none-eabi/lib/thumb/v7-m/nofp/libc_nano.a(lib_a-lock.o)
                0x0000000008002dc0                __retarget_lock_acquire_recursive
 .text.__retarget_lock_release_recursive
                0x0000000008002dc2        0x2 /usr/local/Caskroom/gcc-arm-embedded/9-2019-q4-major/gcc-arm-none-eabi-9-2019-q4-major/bin/../lib/gcc/arm-none-eabi/9.2.1/../../../../arm-none-eabi/lib/thumb/v7-m/nofp/libc_nano.a(lib_a-lock.o)
                0x0000000008002dc2                __retarget_lock_release_recursive
 *(.glue_7)
 .glue_7        0x0000000008002dc4        0x0 linker stubs
 *(.glue_7t)
 .glue_7t       0x0000000008002dc4        0x0 linker stubs
 *(.eh_frame)
 .eh_frame      0x0000000008002dc4        0x0 /usr/local/Caskroom/gcc-arm-embedded/9-2019-q4-major/gcc-arm-none-eabi-9-2019-q4-major/bin/../lib/gcc/arm-none-eabi/9.2.1/thumb/v7-m/nofp/crtbegin.o
 *(.init)
 .init          0x0000000008002dc4        0x4 /usr/local/Caskroom/gcc-arm-embedded/9-2019-q4-major/gcc-arm-none-eabi-9-2019-q4-major/bin/../lib/gcc/arm-none-eabi/9.2.1/thumb/v7-m/nofp/crti.o
                0x0000000008002dc4                _init
 .init          0x0000000008002dc8        0x8 /usr/local/Caskroom/gcc-arm-embedded/9-2019-q4-major/gcc-arm-none-eabi-9-2019-q4-major/bin/../lib/gcc/arm-none-eabi/9.2.1/thumb/v7-m/nofp/crtn.o
 *(.fini)
 .fini          0x0000000008002dd0        0x4 /usr/local/Caskroom/gcc-arm-embedded/9-2019-q4-major/gcc-arm-none-eabi-9-2019-q4-major/bin/../lib/gcc/arm-none-eabi/9.2.1/thumb/v7-m/nofp/crti.o
                0x0000000008002dd0                _fini
 .fini          0x0000000008002dd4        0x8 /usr/local/Caskroom/gcc-arm-embedded/9-2019-q4-major/gcc-arm-none-eabi-9-2019-q4-major/bin/../lib/gcc/arm-none-eabi/9.2.1/thumb/v7-m/nofp/crtn.o
                0x0000000008002ddc                . = ALIGN (0x4)
                0x0000000008002ddc                _etext = .

.vfp11_veneer   0x0000000008002ddc        0x0
 .vfp11_veneer  0x0000000008002ddc        0x0 linker stubs

.v4_bx          0x0000000008002ddc        0x0
 .v4_bx         0x0000000008002ddc        0x0 linker stubs

.iplt           0x0000000008002ddc        0x0
 .iplt          0x0000000008002ddc        0x0 /usr/local/Caskroom/gcc-arm-embedded/9-2019-q4-major/gcc-arm-none-eabi-9-2019-q4-major/bin/../lib/gcc/arm-none-eabi/9.2.1/thumb/v7-m/nofp/crtbegin.o

.rodata         0x0000000008002ddc       0x74
                0x0000000008002ddc                . = ALIGN (0x4)
 *(.rodata)
 *(.rodata*)
 .rodata.str1.4
                0x0000000008002ddc        0xc build/main.o
 .rodata.defaultTask_attributes
                0x0000000008002de8       0x24 build/main.o
                0x0000000008002de8                defaultTask_attributes
 .rodata.HAL_RCC_GetSysClockFreq.str1.4
                0x0000000008002e0c       0x11 build/stm32f1xx_hal_rcc.o
 *fill*         0x0000000008002e1d        0x3 
 .rodata.AHBPrescTable
                0x0000000008002e20       0x10 build/system_stm32f1xx.o
                0x0000000008002e20                AHBPrescTable
 .rodata.APBPrescTable
                0x0000000008002e30        0x8 build/system_stm32f1xx.o
                0x0000000008002e30                APBPrescTable
 .rodata.vTaskStartScheduler.str1.4
                0x0000000008002e38        0x5 build/tasks.o
 *fill*         0x0000000008002e3d        0x3 
 .rodata.prvCheckForValidListAndQueue.str1.4
                0x0000000008002e40        0x5 build/timers.o
 *fill*         0x0000000008002e45        0x3 
 .rodata.xTimerCreateTimerTask.str1.4
                0x0000000008002e48        0x8 build/timers.o
                0x0000000008002e50                . = ALIGN (0x4)

.rel.dyn        0x0000000008002e50        0x0
 .rel.iplt      0x0000000008002e50        0x0 /usr/local/Caskroom/gcc-arm-embedded/9-2019-q4-major/gcc-arm-none-eabi-9-2019-q4-major/bin/../lib/gcc/arm-none-eabi/9.2.1/thumb/v7-m/nofp/crtbegin.o

.ARM.extab
 *(.ARM.extab* .gnu.linkonce.armextab.*)

.ARM            0x0000000008002e50        0x0
                0x0000000008002e50                __exidx_start = .
 *(.ARM.exidx*)
                0x0000000008002e50                __exidx_end = .

.preinit_array  0x0000000008002e50        0x0
                0x0000000008002e50                PROVIDE (__preinit_array_start = .)
 *(.preinit_array*)
                0x0000000008002e50                PROVIDE (__preinit_array_end = .)

.init_array     0x0000000008002e50        0x4
                0x0000000008002e50                PROVIDE (__init_array_start = .)
 *(SORT_BY_NAME(.init_array.*))
 *(.init_array*)
 .init_array    0x0000000008002e50        0x4 /usr/local/Caskroom/gcc-arm-embedded/9-2019-q4-major/gcc-arm-none-eabi-9-2019-q4-major/bin/../lib/gcc/arm-none-eabi/9.2.1/thumb/v7-m/nofp/crtbegin.o
                0x0000000008002e54                PROVIDE (__init_array_end = .)

.fini_array     0x0000000008002e54        0x4
                [!provide]                        PROVIDE (__fini_array_start = .)
 *(SORT_BY_NAME(.fini_array.*))
 *(.fini_array*)
 .fini_array    0x0000000008002e54        0x4 /usr/local/Caskroom/gcc-arm-embedded/9-2019-q4-major/gcc-arm-none-eabi-9-2019-q4-major/bin/../lib/gcc/arm-none-eabi/9.2.1/thumb/v7-m/nofp/crtbegin.o
                [!provide]                        PROVIDE (__fini_array_end = .)
                0x0000000008002e58                _sidata = LOADADDR (.data)

.data           0x0000000020000000       0x74 load address 0x0000000008002e58
                0x0000000020000000                . = ALIGN (0x4)
                0x0000000020000000                _sdata = .
 *(.data)
 *(.data*)
 .data.uwTickFreq
                0x0000000020000000        0x1 build/stm32f1xx_hal.o
                0x0000000020000000                uwTickFreq
 *fill*         0x0000000020000001        0x3 
 .data.uwTickPrio
                0x0000000020000004        0x4 build/stm32f1xx_hal.o
                0x0000000020000004                uwTickPrio
 .data.SystemCoreClock
                0x0000000020000008        0x4 build/system_stm32f1xx.o
                0x0000000020000008                SystemCoreClock
 .data.uxCriticalNesting
                0x000000002000000c        0x4 build/port.o
 .data._impure_ptr
                0x0000000020000010        0x4 /usr/local/Caskroom/gcc-arm-embedded/9-2019-q4-major/gcc-arm-none-eabi-9-2019-q4-major/bin/../lib/gcc/arm-none-eabi/9.2.1/../../../../arm-none-eabi/lib/thumb/v7-m/nofp/libc_nano.a(lib_a-impure.o)
                0x0000000020000010                _impure_ptr
 .data.impure_data
                0x0000000020000014       0x60 /usr/local/Caskroom/gcc-arm-embedded/9-2019-q4-major/gcc-arm-none-eabi-9-2019-q4-major/bin/../lib/gcc/arm-none-eabi/9.2.1/../../../../arm-none-eabi/lib/thumb/v7-m/nofp/libc_nano.a(lib_a-impure.o)
                0x0000000020000074                . = ALIGN (0x4)
                0x0000000020000074                _edata = .

.igot.plt       0x0000000020000074        0x0 load address 0x0000000008002ecc
 .igot.plt      0x0000000020000074        0x0 /usr/local/Caskroom/gcc-arm-embedded/9-2019-q4-major/gcc-arm-none-eabi-9-2019-q4-major/bin/../lib/gcc/arm-none-eabi/9.2.1/thumb/v7-m/nofp/crtbegin.o
                0x0000000020000074                . = ALIGN (0x4)

.bss            0x0000000020000078     0x2258 load address 0x0000000008002ecc
                0x0000000020000078                _sbss = .
                0x0000000020000078                __bss_start__ = _sbss
 *(.bss)
 .bss           0x0000000020000078       0x1c /usr/local/Caskroom/gcc-arm-embedded/9-2019-q4-major/gcc-arm-none-eabi-9-2019-q4-major/bin/../lib/gcc/arm-none-eabi/9.2.1/thumb/v7-m/nofp/crtbegin.o
 *(.bss*)
 .bss.pxCurrentTCB
                0x0000000020000094        0x4 build/tasks.o
                0x0000000020000094                pxCurrentTCB
 .bss.pxDelayedTaskList
                0x0000000020000098        0x4 build/tasks.o
 .bss.pxOverflowDelayedTaskList
                0x000000002000009c        0x4 build/tasks.o
 .bss.pxReadyTasksLists
                0x00000000200000a0      0x460 build/tasks.o
 .bss.uxCurrentNumberOfTasks
                0x0000000020000500        0x4 build/tasks.o
 .bss.uxDeletedTasksWaitingCleanUp
                0x0000000020000504        0x4 build/tasks.o
 .bss.uxPendedTicks
                0x0000000020000508        0x4 build/tasks.o
 .bss.uxSchedulerSuspended
                0x000000002000050c        0x4 build/tasks.o
 .bss.uxTaskNumber
                0x0000000020000510        0x4 build/tasks.o
 .bss.uxTopReadyPriority
                0x0000000020000514        0x4 build/tasks.o
 .bss.xDelayedTaskList1
                0x0000000020000518       0x14 build/tasks.o
 .bss.xDelayedTaskList2
                0x000000002000052c       0x14 build/tasks.o
 .bss.xNextTaskUnblockTime
                0x0000000020000540        0x4 build/tasks.o
 .bss.xNumOfOverflows
                0x0000000020000544        0x4 build/tasks.o
 .bss.xPendingReadyList
                0x0000000020000548       0x14 build/tasks.o
 .bss.xSchedulerRunning
                0x000000002000055c        0x4 build/tasks.o
 .bss.xSuspendedTaskList
                0x0000000020000560       0x14 build/tasks.o
 .bss.xTasksWaitingTermination
                0x0000000020000574       0x14 build/tasks.o
 .bss.xTickCount
                0x0000000020000588        0x4 build/tasks.o
 .bss.xYieldPending
                0x000000002000058c        0x4 build/tasks.o
 .bss.pxCurrentTimerList
                0x0000000020000590        0x4 build/timers.o
 .bss.pxOverflowTimerList
                0x0000000020000594        0x4 build/timers.o
 .bss.ucStaticTimerQueueStorage.5644
                0x0000000020000598       0xa0 build/timers.o
 .bss.xActiveTimerList1
                0x0000000020000638       0x14 build/timers.o
 .bss.xActiveTimerList2
                0x000000002000064c       0x14 build/timers.o
 .bss.xLastTime.5593
                0x0000000020000660        0x4 build/timers.o
 .bss.xStaticTimerQueue.5643
                0x0000000020000664       0x50 build/timers.o
 .bss.xTimerQueue
                0x00000000200006b4        0x4 build/timers.o
 .bss.xTimerTaskHandle
                0x00000000200006b8        0x4 build/timers.o
 .bss.Idle_Stack
                0x00000000200006bc      0x200 build/cmsis_os2.o
 *fill*         0x00000000200008bc        0x4 
 .bss.Idle_TCB  0x00000000200008c0      0x488 build/cmsis_os2.o
 .bss.KernelState
                0x0000000020000d48        0x4 build/cmsis_os2.o
 .bss.Timer_Stack
                0x0000000020000d4c      0x400 build/cmsis_os2.o
 *fill*         0x000000002000114c        0x4 
 .bss.Timer_TCB
                0x0000000020001150      0x488 build/cmsis_os2.o
 .bss.pxEnd     0x00000000200015d8        0x4 build/heap_4.o
 .bss.ucHeap    0x00000000200015dc      0xc00 build/heap_4.o
 .bss.xBlockAllocatedBit
                0x00000000200021dc        0x4 build/heap_4.o
 .bss.xFreeBytesRemaining
                0x00000000200021e0        0x4 build/heap_4.o
 .bss.xMinimumEverFreeBytesRemaining
                0x00000000200021e4        0x4 build/heap_4.o
 .bss.xStart    0x00000000200021e8        0x8 build/heap_4.o
 .bss.ucMaxSysCallPriority
                0x00000000200021f0        0x1 build/port.o
 *fill*         0x00000000200021f1        0x3 
 .bss.ulMaxPRIGROUPValue
                0x00000000200021f4        0x4 build/port.o
 .bss.__malloc_free_list
                0x00000000200021f8        0x4 /usr/local/Caskroom/gcc-arm-embedded/9-2019-q4-major/gcc-arm-none-eabi-9-2019-q4-major/bin/../lib/gcc/arm-none-eabi/9.2.1/../../../../arm-none-eabi/lib/thumb/v7-m/nofp/libc_nano.a(lib_a-nano-mallocr.o)
                0x00000000200021f8                __malloc_free_list
 *(COMMON)
 COMMON         0x00000000200021fc       0x44 build/main.o
                0x00000000200021fc                defaultTaskHandle
                0x0000000020002200                htim3
 COMMON         0x0000000020002240       0x40 build/stm32f1xx_hal_timebase_tim.o
                0x0000000020002240                htim2
 COMMON         0x0000000020002280        0x4 build/stm32f1xx_hal.o
                0x0000000020002280                uwTick
 COMMON         0x0000000020002284       0x40 build/queue.o
                0x0000000020002284                xQueueRegistry
 COMMON         0x00000000200022c4        0x9 /usr/local/Caskroom/gcc-arm-embedded/9-2019-q4-major/gcc-arm-none-eabi-9-2019-q4-major/bin/../lib/gcc/arm-none-eabi/9.2.1/../../../../arm-none-eabi/lib/thumb/v7-m/nofp/libc_nano.a(lib_a-lock.o)
                0x00000000200022c4                __lock___atexit_recursive_mutex
                0x00000000200022c5                __lock___arc4random_mutex
                0x00000000200022c6                __lock___env_recursive_mutex
                0x00000000200022c7                __lock___sinit_recursive_mutex
                0x00000000200022c8                __lock___malloc_recursive_mutex
                0x00000000200022c9                __lock___at_quick_exit_mutex
                0x00000000200022ca                __lock___dd_hash_mutex
                0x00000000200022cb                __lock___tz_mutex
                0x00000000200022cc                __lock___sfp_recursive_mutex
                0x00000000200022d0                . = ALIGN (0x4)
 *fill*         0x00000000200022cd        0x3 
                0x00000000200022d0                _ebss = .
                0x00000000200022d0                __bss_end__ = _ebss

._user_heap_stack
                0x00000000200022d0      0x600 load address 0x0000000008002ecc
                0x00000000200022d0                . = ALIGN (0x8)
                0x00000000200022d0                PROVIDE (end = .)
                [!provide]                        PROVIDE (_end = .)
                0x00000000200024d0                . = (. + _Min_Heap_Size)
 *fill*         0x00000000200022d0      0x200 
                0x00000000200028d0                . = (. + _Min_Stack_Size)
 *fill*         0x00000000200024d0      0x400 
                0x00000000200028d0                . = ALIGN (0x8)

/DISCARD/
 libc.a(*)
 libm.a(*)
 libgcc.a(*)

.ARM.attributes
                0x0000000000000000       0x29
 *(.ARM.attributes)
 .ARM.attributes
                0x0000000000000000       0x1d /usr/local/Caskroom/gcc-arm-embedded/9-2019-q4-major/gcc-arm-none-eabi-9-2019-q4-major/bin/../lib/gcc/arm-none-eabi/9.2.1/thumb/v7-m/nofp/crti.o
 .ARM.attributes
                0x000000000000001d       0x2d /usr/local/Caskroom/gcc-arm-embedded/9-2019-q4-major/gcc-arm-none-eabi-9-2019-q4-major/bin/../lib/gcc/arm-none-eabi/9.2.1/thumb/v7-m/nofp/crtbegin.o
 .ARM.attributes
                0x000000000000004a       0x2d build/main.o
 .ARM.attributes
                0x0000000000000077       0x2d build/stm32f1xx_it.o
 .ARM.attributes
                0x00000000000000a4       0x2d build/stm32f1xx_hal_msp.o
 .ARM.attributes
                0x00000000000000d1       0x2d build/stm32f1xx_hal_timebase_tim.o
 .ARM.attributes
                0x00000000000000fe       0x2d build/stm32f1xx_hal.o
 .ARM.attributes
                0x000000000000012b       0x2d build/stm32f1xx_hal_rcc.o
 .ARM.attributes
                0x0000000000000158       0x2d build/stm32f1xx_hal_gpio.o
 .ARM.attributes
                0x0000000000000185       0x2d build/stm32f1xx_hal_cortex.o
 .ARM.attributes
                0x00000000000001b2       0x2d build/stm32f1xx_hal_tim.o
 .ARM.attributes
                0x00000000000001df       0x2d build/stm32f1xx_hal_tim_ex.o
 .ARM.attributes
                0x000000000000020c       0x2d build/system_stm32f1xx.o
 .ARM.attributes
                0x0000000000000239       0x2d build/list.o
 .ARM.attributes
                0x0000000000000266       0x2d build/queue.o
 .ARM.attributes
                0x0000000000000293       0x2d build/tasks.o
 .ARM.attributes
                0x00000000000002c0       0x2d build/timers.o
 .ARM.attributes
                0x00000000000002ed       0x2d build/cmsis_os2.o
 .ARM.attributes
                0x000000000000031a       0x2d build/heap_4.o
 .ARM.attributes
                0x0000000000000347       0x2d build/port.o
 .ARM.attributes
                0x0000000000000374       0x21 build/startup_stm32f103xb.o
 .ARM.attributes
                0x0000000000000395       0x2d /usr/local/Caskroom/gcc-arm-embedded/9-2019-q4-major/gcc-arm-none-eabi-9-2019-q4-major/bin/../lib/gcc/arm-none-eabi/9.2.1/../../../../arm-none-eabi/lib/thumb/v7-m/nofp/libc_nano.a(lib_a-impure.o)
 .ARM.attributes
                0x00000000000003c2       0x2d /usr/local/Caskroom/gcc-arm-embedded/9-2019-q4-major/gcc-arm-none-eabi-9-2019-q4-major/bin/../lib/gcc/arm-none-eabi/9.2.1/../../../../arm-none-eabi/lib/thumb/v7-m/nofp/libc_nano.a(lib_a-init.o)
 .ARM.attributes
                0x00000000000003ef       0x2d /usr/local/Caskroom/gcc-arm-embedded/9-2019-q4-major/gcc-arm-none-eabi-9-2019-q4-major/bin/../lib/gcc/arm-none-eabi/9.2.1/../../../../arm-none-eabi/lib/thumb/v7-m/nofp/libc_nano.a(lib_a-memcpy-stub.o)
 .ARM.attributes
                0x000000000000041c       0x2d /usr/local/Caskroom/gcc-arm-embedded/9-2019-q4-major/gcc-arm-none-eabi-9-2019-q4-major/bin/../lib/gcc/arm-none-eabi/9.2.1/../../../../arm-none-eabi/lib/thumb/v7-m/nofp/libc_nano.a(lib_a-memset.o)
 .ARM.attributes
                0x0000000000000449       0x2d /usr/local/Caskroom/gcc-arm-embedded/9-2019-q4-major/gcc-arm-none-eabi-9-2019-q4-major/bin/../lib/gcc/arm-none-eabi/9.2.1/../../../../arm-none-eabi/lib/thumb/v7-m/nofp/libc_nano.a(lib_a-reent.o)
 .ARM.attributes
                0x0000000000000476       0x2d /usr/local/Caskroom/gcc-arm-embedded/9-2019-q4-major/gcc-arm-none-eabi-9-2019-q4-major/bin/../lib/gcc/arm-none-eabi/9.2.1/../../../../arm-none-eabi/lib/thumb/v7-m/nofp/libc_nano.a(lib_a-nano-freer.o)
 .ARM.attributes
                0x00000000000004a3       0x2d /usr/local/Caskroom/gcc-arm-embedded/9-2019-q4-major/gcc-arm-none-eabi-9-2019-q4-major/bin/../lib/gcc/arm-none-eabi/9.2.1/../../../../arm-none-eabi/lib/thumb/v7-m/nofp/libc_nano.a(lib_a-nano-mallocr.o)
 .ARM.attributes
                0x00000000000004d0       0x2d /usr/local/Caskroom/gcc-arm-embedded/9-2019-q4-major/gcc-arm-none-eabi-9-2019-q4-major/bin/../lib/gcc/arm-none-eabi/9.2.1/../../../../arm-none-eabi/lib/thumb/v7-m/nofp/libc_nano.a(lib_a-mlock.o)
 .ARM.attributes
                0x00000000000004fd       0x2d /usr/local/Caskroom/gcc-arm-embedded/9-2019-q4-major/gcc-arm-none-eabi-9-2019-q4-major/bin/../lib/gcc/arm-none-eabi/9.2.1/../../../../arm-none-eabi/lib/thumb/v7-m/nofp/libc_nano.a(lib_a-lock.o)
 .ARM.attributes
                0x000000000000052a       0x1d /usr/local/Caskroom/gcc-arm-embedded/9-2019-q4-major/gcc-arm-none-eabi-9-2019-q4-major/bin/../lib/gcc/arm-none-eabi/9.2.1/thumb/v7-m/nofp/crtn.o
OUTPUT(build/test.elf elf32-littlearm)

.debug_info     0x0000000000000000    0x1d1f0
 .debug_info    0x0000000000000000     0x1851 build/main.o
 .debug_info    0x0000000000001851     0x1108 build/stm32f1xx_it.o
 .debug_info    0x0000000000002959      0xa50 build/stm32f1xx_hal_msp.o
 .debug_info    0x00000000000033a9      0xb03 build/stm32f1xx_hal_timebase_tim.o
 .debug_info    0x0000000000003eac      0x8c6 build/stm32f1xx_hal.o
 .debug_info    0x0000000000004772      0xb59 build/stm32f1xx_hal_rcc.o
 .debug_info    0x00000000000052cb      0x7a8 build/stm32f1xx_hal_gpio.o
 .debug_info    0x0000000000005a73      0xee9 build/stm32f1xx_hal_cortex.o
 .debug_info    0x000000000000695c     0x3948 build/stm32f1xx_hal_tim.o
 .debug_info    0x000000000000a2a4     0x1813 build/stm32f1xx_hal_tim_ex.o
 .debug_info    0x000000000000bab7      0x4cf build/system_stm32f1xx.o
 .debug_info    0x000000000000bf86      0xc9e build/list.o
 .debug_info    0x000000000000cc24     0x31e8 build/queue.o
 .debug_info    0x000000000000fe0c     0x3bac build/tasks.o
 .debug_info    0x00000000000139b8     0x2408 build/timers.o
 .debug_info    0x0000000000015dc0     0x56fc build/cmsis_os2.o
 .debug_info    0x000000000001b4bc      0xe30 build/heap_4.o
 .debug_info    0x000000000001c2ec      0xee2 build/port.o
 .debug_info    0x000000000001d1ce       0x22 build/startup_stm32f103xb.o

.debug_abbrev   0x0000000000000000     0x35f2
 .debug_abbrev  0x0000000000000000      0x32f build/main.o
 .debug_abbrev  0x000000000000032f      0x231 build/stm32f1xx_it.o
 .debug_abbrev  0x0000000000000560      0x1f7 build/stm32f1xx_hal_msp.o
 .debug_abbrev  0x0000000000000757      0x21c build/stm32f1xx_hal_timebase_tim.o
 .debug_abbrev  0x0000000000000973      0x22f build/stm32f1xx_hal.o
 .debug_abbrev  0x0000000000000ba2      0x2ad build/stm32f1xx_hal_rcc.o
 .debug_abbrev  0x0000000000000e4f      0x24f build/stm32f1xx_hal_gpio.o
 .debug_abbrev  0x000000000000109e      0x37f build/stm32f1xx_hal_cortex.o
 .debug_abbrev  0x000000000000141d      0x2c3 build/stm32f1xx_hal_tim.o
 .debug_abbrev  0x00000000000016e0      0x2ab build/stm32f1xx_hal_tim_ex.o
 .debug_abbrev  0x000000000000198b      0x153 build/system_stm32f1xx.o
 .debug_abbrev  0x0000000000001ade      0x245 build/list.o
 .debug_abbrev  0x0000000000001d23      0x478 build/queue.o
 .debug_abbrev  0x000000000000219b      0x476 build/tasks.o
 .debug_abbrev  0x0000000000002611      0x3de build/timers.o
 .debug_abbrev  0x00000000000029ef      0x4c7 build/cmsis_os2.o
 .debug_abbrev  0x0000000000002eb6      0x36d build/heap_4.o
 .debug_abbrev  0x0000000000003223      0x3bd build/port.o
 .debug_abbrev  0x00000000000035e0       0x12 build/startup_stm32f103xb.o

.debug_loc      0x0000000000000000    0x13992
 .debug_loc     0x0000000000000000      0x121 build/main.o
 .debug_loc     0x0000000000000121       0x20 build/stm32f1xx_it.o
 .debug_loc     0x0000000000000141       0x79 build/stm32f1xx_hal_msp.o
 .debug_loc     0x00000000000001ba       0xcd build/stm32f1xx_hal_timebase_tim.o
 .debug_loc     0x0000000000000287      0x1bb build/stm32f1xx_hal.o
 .debug_loc     0x0000000000000442      0x7c0 build/stm32f1xx_hal_rcc.o
 .debug_loc     0x0000000000000c02      0x50e build/stm32f1xx_hal_gpio.o
 .debug_loc     0x0000000000001110      0x7af build/stm32f1xx_hal_cortex.o
 .debug_loc     0x00000000000018bf     0x4619 build/stm32f1xx_hal_tim.o
 .debug_loc     0x0000000000005ed8     0x15ad build/stm32f1xx_hal_tim_ex.o
 .debug_loc     0x0000000000007485       0xff build/system_stm32f1xx.o
 .debug_loc     0x0000000000007584       0xe5 build/list.o
 .debug_loc     0x0000000000007669     0x1efb build/queue.o
 .debug_loc     0x0000000000009564     0x2a37 build/tasks.o
 .debug_loc     0x000000000000bf9b     0x12e3 build/timers.o
 .debug_loc     0x000000000000d27e     0x61f3 build/cmsis_os2.o
 .debug_loc     0x0000000000013471      0x3b5 build/heap_4.o
 .debug_loc     0x0000000000013826      0x16c build/port.o

.debug_aranges  0x0000000000000000      0xff0
 .debug_aranges
                0x0000000000000000       0x40 build/main.o
 .debug_aranges
                0x0000000000000040       0x50 build/stm32f1xx_it.o
 .debug_aranges
                0x0000000000000090       0x30 build/stm32f1xx_hal_msp.o
 .debug_aranges
                0x00000000000000c0       0x30 build/stm32f1xx_hal_timebase_tim.o
 .debug_aranges
                0x00000000000000f0       0xe0 build/stm32f1xx_hal.o
 .debug_aranges
                0x00000000000001d0       0x90 build/stm32f1xx_hal_rcc.o
 .debug_aranges
                0x0000000000000260       0x58 build/stm32f1xx_hal_gpio.o
 .debug_aranges
                0x00000000000002b8       0x90 build/stm32f1xx_hal_cortex.o
 .debug_aranges
                0x0000000000000348      0x3a8 build/stm32f1xx_hal_tim.o
 .debug_aranges
                0x00000000000006f0      0x150 build/stm32f1xx_hal_tim_ex.o
 .debug_aranges
                0x0000000000000840       0x28 build/system_stm32f1xx.o
 .debug_aranges
                0x0000000000000868       0x40 build/list.o
 .debug_aranges
                0x00000000000008a8      0x158 build/queue.o
 .debug_aranges
                0x0000000000000a00      0x1f8 build/tasks.o
 .debug_aranges
                0x0000000000000bf8       0xe0 build/timers.o
 .debug_aranges
                0x0000000000000cd8      0x228 build/cmsis_os2.o
 .debug_aranges
                0x0000000000000f00       0x50 build/heap_4.o
 .debug_aranges
                0x0000000000000f50       0x78 build/port.o
 .debug_aranges
                0x0000000000000fc8       0x28 build/startup_stm32f103xb.o

.debug_ranges   0x0000000000000000     0x1158
 .debug_ranges  0x0000000000000000       0x30 build/main.o
 .debug_ranges  0x0000000000000030       0x40 build/stm32f1xx_it.o
 .debug_ranges  0x0000000000000070       0x20 build/stm32f1xx_hal_msp.o
 .debug_ranges  0x0000000000000090       0x20 build/stm32f1xx_hal_timebase_tim.o
 .debug_ranges  0x00000000000000b0       0xd0 build/stm32f1xx_hal.o
 .debug_ranges  0x0000000000000180       0xa0 build/stm32f1xx_hal_rcc.o
 .debug_ranges  0x0000000000000220       0x48 build/stm32f1xx_hal_gpio.o
 .debug_ranges  0x0000000000000268       0xe0 build/stm32f1xx_hal_cortex.o
 .debug_ranges  0x0000000000000348      0x398 build/stm32f1xx_hal_tim.o
 .debug_ranges  0x00000000000006e0      0x140 build/stm32f1xx_hal_tim_ex.o
 .debug_ranges  0x0000000000000820       0x18 build/system_stm32f1xx.o
 .debug_ranges  0x0000000000000838       0x30 build/list.o
 .debug_ranges  0x0000000000000868      0x218 build/queue.o
 .debug_ranges  0x0000000000000a80      0x328 build/tasks.o
 .debug_ranges  0x0000000000000da8       0xd0 build/timers.o
 .debug_ranges  0x0000000000000e78      0x218 build/cmsis_os2.o
 .debug_ranges  0x0000000000001090       0x40 build/heap_4.o
 .debug_ranges  0x00000000000010d0       0x68 build/port.o
 .debug_ranges  0x0000000000001138       0x20 build/startup_stm32f103xb.o

.debug_line     0x0000000000000000    0x117b5
 .debug_line    0x0000000000000000      0x543 build/main.o
 .debug_line    0x0000000000000543      0x3a8 build/stm32f1xx_it.o
 .debug_line    0x00000000000008eb      0x2ce build/stm32f1xx_hal_msp.o
 .debug_line    0x0000000000000bb9      0x317 build/stm32f1xx_hal_timebase_tim.o
 .debug_line    0x0000000000000ed0      0x556 build/stm32f1xx_hal.o
 .debug_line    0x0000000000001426      0xc77 build/stm32f1xx_hal_rcc.o
 .debug_line    0x000000000000209d      0x65d build/stm32f1xx_hal_gpio.o
 .debug_line    0x00000000000026fa      0x6b0 build/stm32f1xx_hal_cortex.o
 .debug_line    0x0000000000002daa     0x369d build/stm32f1xx_hal_tim.o
 .debug_line    0x0000000000006447     0x120b build/stm32f1xx_hal_tim_ex.o
 .debug_line    0x0000000000007652      0x305 build/system_stm32f1xx.o
 .debug_line    0x0000000000007957      0x4de build/list.o
 .debug_line    0x0000000000007e35     0x2117 build/queue.o
 .debug_line    0x0000000000009f4c     0x2cec build/tasks.o
 .debug_line    0x000000000000cc38      0xeed build/timers.o
 .debug_line    0x000000000000db25     0x2dce build/cmsis_os2.o
 .debug_line    0x00000000000108f3      0x75c build/heap_4.o
 .debug_line    0x000000000001104f      0x6f4 build/port.o
 .debug_line    0x0000000000011743       0x72 build/startup_stm32f103xb.o

.debug_str      0x0000000000000000     0x5cb3
 .debug_str     0x0000000000000000     0x1078 build/main.o
                                       0x1155 (size before relaxing)
 .debug_str     0x0000000000001078       0xa6 build/stm32f1xx_it.o
                                        0xa79 (size before relaxing)
 .debug_str     0x000000000000111e      0x377 build/stm32f1xx_hal_msp.o
                                        0x9af (size before relaxing)
 .debug_str     0x0000000000001495      0x108 build/stm32f1xx_hal_timebase_tim.o
                                        0xaac (size before relaxing)
 .debug_str     0x000000000000159d      0x239 build/stm32f1xx_hal.o
                                        0x84b (size before relaxing)
 .debug_str     0x00000000000017d6      0x1bb build/stm32f1xx_hal_rcc.o
                                        0x6a0 (size before relaxing)
 .debug_str     0x0000000000001991      0x143 build/stm32f1xx_hal_gpio.o
                                        0x4be (size before relaxing)
 .debug_str     0x0000000000001ad4      0x39c build/stm32f1xx_hal_cortex.o
                                        0x96d (size before relaxing)
 .debug_str     0x0000000000001e70      0xdc7 build/stm32f1xx_hal_tim.o
                                       0x14ef (size before relaxing)
 .debug_str     0x0000000000002c37      0x545 build/stm32f1xx_hal_tim_ex.o
                                        0xd07 (size before relaxing)
 .debug_str     0x000000000000317c       0x4f build/system_stm32f1xx.o
                                        0x332 (size before relaxing)
 .debug_str     0x00000000000031cb      0x14c build/list.o
                                        0x6d2 (size before relaxing)
 .debug_str     0x0000000000003317      0x9b2 build/queue.o
                                       0x1050 (size before relaxing)
 .debug_str     0x0000000000003cc9      0xc5d build/tasks.o
                                       0x1683 (size before relaxing)
 .debug_str     0x0000000000004926      0x5a9 build/timers.o
                                        0xfcc (size before relaxing)
 .debug_str     0x0000000000004ecf      0xa6e build/cmsis_os2.o
                                       0x1cb7 (size before relaxing)
 .debug_str     0x000000000000593d      0x1d5 build/heap_4.o
                                        0x7bb (size before relaxing)
 .debug_str     0x0000000000005b12      0x17d build/port.o
                                        0x824 (size before relaxing)
 .debug_str     0x0000000000005c8f       0x24 build/startup_stm32f103xb.o
                                         0x38 (size before relaxing)

.comment        0x0000000000000000       0x79
 .comment       0x0000000000000000       0x79 build/main.o
                                         0x7a (size before relaxing)
 .comment       0x0000000000000079       0x7a build/stm32f1xx_it.o
 .comment       0x0000000000000079       0x7a build/stm32f1xx_hal_msp.o
 .comment       0x0000000000000079       0x7a build/stm32f1xx_hal_timebase_tim.o
 .comment       0x0000000000000079       0x7a build/stm32f1xx_hal.o
 .comment       0x0000000000000079       0x7a build/stm32f1xx_hal_rcc.o
 .comment       0x0000000000000079       0x7a build/stm32f1xx_hal_gpio.o
 .comment       0x0000000000000079       0x7a build/stm32f1xx_hal_cortex.o
 .comment       0x0000000000000079       0x7a build/stm32f1xx_hal_tim.o
 .comment       0x0000000000000079       0x7a build/stm32f1xx_hal_tim_ex.o
 .comment       0x0000000000000079       0x7a build/system_stm32f1xx.o
 .comment       0x0000000000000079       0x7a build/list.o
 .comment       0x0000000000000079       0x7a build/queue.o
 .comment       0x0000000000000079       0x7a build/tasks.o
 .comment       0x0000000000000079       0x7a build/timers.o
 .comment       0x0000000000000079       0x7a build/cmsis_os2.o
 .comment       0x0000000000000079       0x7a build/heap_4.o
 .comment       0x0000000000000079       0x7a build/port.o

.debug_frame    0x0000000000000000     0x3454
 .debug_frame   0x0000000000000000       0x94 build/main.o
 .debug_frame   0x0000000000000094       0x8c build/stm32f1xx_it.o
 .debug_frame   0x0000000000000120       0x54 build/stm32f1xx_hal_msp.o
 .debug_frame   0x0000000000000174       0x50 build/stm32f1xx_hal_timebase_tim.o
 .debug_frame   0x00000000000001c4      0x1e0 build/stm32f1xx_hal.o
 .debug_frame   0x00000000000003a4      0x1c0 build/stm32f1xx_hal_rcc.o
 .debug_frame   0x0000000000000564      0x104 build/stm32f1xx_hal_gpio.o
 .debug_frame   0x0000000000000668      0x13c build/stm32f1xx_hal_cortex.o
 .debug_frame   0x00000000000007a4      0xbe8 build/stm32f1xx_hal_tim.o
 .debug_frame   0x000000000000138c      0x430 build/stm32f1xx_hal_tim_ex.o
 .debug_frame   0x00000000000017bc       0x30 build/system_stm32f1xx.o
 .debug_frame   0x00000000000017ec       0x74 build/list.o
 .debug_frame   0x0000000000001860      0x4f8 build/queue.o
 .debug_frame   0x0000000000001d58      0x738 build/tasks.o
 .debug_frame   0x0000000000002490      0x318 build/timers.o
 .debug_frame   0x00000000000027a8      0x8e4 build/cmsis_os2.o
 .debug_frame   0x000000000000308c       0xbc build/heap_4.o
 .debug_frame   0x0000000000003148       0xf4 build/port.o
 .debug_frame   0x000000000000323c       0x2c /usr/local/Caskroom/gcc-arm-embedded/9-2019-q4-major/gcc-arm-none-eabi-9-2019-q4-major/bin/../lib/gcc/arm-none-eabi/9.2.1/../../../../arm-none-eabi/lib/thumb/v7-m/nofp/libc_nano.a(lib_a-init.o)
 .debug_frame   0x0000000000003268       0x28 /usr/local/Caskroom/gcc-arm-embedded/9-2019-q4-major/gcc-arm-none-eabi-9-2019-q4-major/bin/../lib/gcc/arm-none-eabi/9.2.1/../../../../arm-none-eabi/lib/thumb/v7-m/nofp/libc_nano.a(lib_a-memcpy-stub.o)
 .debug_frame   0x0000000000003290       0x20 /usr/local/Caskroom/gcc-arm-embedded/9-2019-q4-major/gcc-arm-none-eabi-9-2019-q4-major/bin/../lib/gcc/arm-none-eabi/9.2.1/../../../../arm-none-eabi/lib/thumb/v7-m/nofp/libc_nano.a(lib_a-memset.o)
 .debug_frame   0x00000000000032b0       0x5c /usr/local/Caskroom/gcc-arm-embedded/9-2019-q4-major/gcc-arm-none-eabi-9-2019-q4-major/bin/../lib/gcc/arm-none-eabi/9.2.1/../../../../arm-none-eabi/lib/thumb/v7-m/nofp/libc_nano.a(lib_a-reent.o)
 .debug_frame   0x000000000000330c       0x38 /usr/local/Caskroom/gcc-arm-embedded/9-2019-q4-major/gcc-arm-none-eabi-9-2019-q4-major/bin/../lib/gcc/arm-none-eabi/9.2.1/../../../../arm-none-eabi/lib/thumb/v7-m/nofp/libc_nano.a(lib_a-nano-freer.o)
 .debug_frame   0x0000000000003344       0x30 /usr/local/Caskroom/gcc-arm-embedded/9-2019-q4-major/gcc-arm-none-eabi-9-2019-q4-major/bin/../lib/gcc/arm-none-eabi/9.2.1/../../../../arm-none-eabi/lib/thumb/v7-m/nofp/libc_nano.a(lib_a-nano-mallocr.o)
 .debug_frame   0x0000000000003374       0x30 /usr/local/Caskroom/gcc-arm-embedded/9-2019-q4-major/gcc-arm-none-eabi-9-2019-q4-major/bin/../lib/gcc/arm-none-eabi/9.2.1/../../../../arm-none-eabi/lib/thumb/v7-m/nofp/libc_nano.a(lib_a-mlock.o)
 .debug_frame   0x00000000000033a4       0xb0 /usr/local/Caskroom/gcc-arm-embedded/9-2019-q4-major/gcc-arm-none-eabi-9-2019-q4-major/bin/../lib/gcc/arm-none-eabi/9.2.1/../../../../arm-none-eabi/lib/thumb/v7-m/nofp/libc_nano.a(lib_a-lock.o)

Cross Reference Table

Symbol                                            File
ADC1_2_IRQHandler                                 build/startup_stm32f103xb.o
AHBPrescTable                                     build/system_stm32f1xx.o
                                                  build/stm32f1xx_hal_rcc.o
APBPrescTable                                     build/system_stm32f1xx.o
                                                  build/stm32f1xx_hal_rcc.o
BusFault_Handler                                  build/stm32f1xx_it.o
CAN1_RX1_IRQHandler                               build/startup_stm32f103xb.o
CAN1_SCE_IRQHandler                               build/startup_stm32f103xb.o
DMA1_Channel1_IRQHandler                          build/startup_stm32f103xb.o
DMA1_Channel2_IRQHandler                          build/startup_stm32f103xb.o
DMA1_Channel3_IRQHandler                          build/startup_stm32f103xb.o
DMA1_Channel4_IRQHandler                          build/startup_stm32f103xb.o
DMA1_Channel5_IRQHandler                          build/startup_stm32f103xb.o
DMA1_Channel6_IRQHandler                          build/startup_stm32f103xb.o
DMA1_Channel7_IRQHandler                          build/startup_stm32f103xb.o
DebugMon_Handler                                  build/stm32f1xx_it.o
Default_Handler                                   build/startup_stm32f103xb.o
EXTI0_IRQHandler                                  build/startup_stm32f103xb.o
EXTI15_10_IRQHandler                              build/startup_stm32f103xb.o
EXTI1_IRQHandler                                  build/startup_stm32f103xb.o
EXTI2_IRQHandler                                  build/startup_stm32f103xb.o
EXTI3_IRQHandler                                  build/startup_stm32f103xb.o
EXTI4_IRQHandler                                  build/startup_stm32f103xb.o
EXTI9_5_IRQHandler                                build/startup_stm32f103xb.o
Error_Handler                                     build/main.o
FLASH_IRQHandler                                  build/startup_stm32f103xb.o
FLASH_PageErase                                   build/stm32f1xx_hal_flash_ex.o
                                                  build/stm32f1xx_hal_flash.o
FLASH_WaitForLastOperation                        build/stm32f1xx_hal_flash.o
                                                  build/stm32f1xx_hal_flash_ex.o
HAL_DBGMCU_DisableDBGSleepMode                    build/stm32f1xx_hal.o
HAL_DBGMCU_DisableDBGStandbyMode                  build/stm32f1xx_hal.o
HAL_DBGMCU_DisableDBGStopMode                     build/stm32f1xx_hal.o
HAL_DBGMCU_EnableDBGSleepMode                     build/stm32f1xx_hal.o
HAL_DBGMCU_EnableDBGStandbyMode                   build/stm32f1xx_hal.o
HAL_DBGMCU_EnableDBGStopMode                      build/stm32f1xx_hal.o
HAL_DMA_Abort                                     build/stm32f1xx_hal_dma.o
HAL_DMA_Abort_IT                                  build/stm32f1xx_hal_dma.o
                                                  build/stm32f1xx_hal_tim_ex.o
                                                  build/stm32f1xx_hal_tim.o
HAL_DMA_DeInit                                    build/stm32f1xx_hal_dma.o
HAL_DMA_GetError                                  build/stm32f1xx_hal_dma.o
HAL_DMA_GetState                                  build/stm32f1xx_hal_dma.o
HAL_DMA_IRQHandler                                build/stm32f1xx_hal_dma.o
HAL_DMA_Init                                      build/stm32f1xx_hal_dma.o
HAL_DMA_PollForTransfer                           build/stm32f1xx_hal_dma.o
HAL_DMA_RegisterCallback                          build/stm32f1xx_hal_dma.o
HAL_DMA_Start                                     build/stm32f1xx_hal_dma.o
HAL_DMA_Start_IT                                  build/stm32f1xx_hal_dma.o
                                                  build/stm32f1xx_hal_tim_ex.o
                                                  build/stm32f1xx_hal_tim.o
HAL_DMA_UnRegisterCallback                        build/stm32f1xx_hal_dma.o
HAL_DeInit                                        build/stm32f1xx_hal.o
HAL_Delay                                         build/stm32f1xx_hal.o
HAL_EXTI_ClearConfigLine                          build/stm32f1xx_hal_exti.o
HAL_EXTI_ClearPending                             build/stm32f1xx_hal_exti.o
HAL_EXTI_GenerateSWI                              build/stm32f1xx_hal_exti.o
HAL_EXTI_GetConfigLine                            build/stm32f1xx_hal_exti.o
HAL_EXTI_GetHandle                                build/stm32f1xx_hal_exti.o
HAL_EXTI_GetPending                               build/stm32f1xx_hal_exti.o
HAL_EXTI_IRQHandler                               build/stm32f1xx_hal_exti.o
HAL_EXTI_RegisterCallback                         build/stm32f1xx_hal_exti.o
HAL_EXTI_SetConfigLine                            build/stm32f1xx_hal_exti.o
HAL_FLASHEx_Erase                                 build/stm32f1xx_hal_flash_ex.o
HAL_FLASHEx_Erase_IT                              build/stm32f1xx_hal_flash_ex.o
HAL_FLASHEx_OBErase                               build/stm32f1xx_hal_flash_ex.o
HAL_FLASHEx_OBGetConfig                           build/stm32f1xx_hal_flash_ex.o
HAL_FLASHEx_OBGetUserData                         build/stm32f1xx_hal_flash_ex.o
HAL_FLASHEx_OBProgram                             build/stm32f1xx_hal_flash_ex.o
HAL_FLASH_EndOfOperationCallback                  build/stm32f1xx_hal_flash.o
HAL_FLASH_GetError                                build/stm32f1xx_hal_flash.o
HAL_FLASH_IRQHandler                              build/stm32f1xx_hal_flash.o
HAL_FLASH_Lock                                    build/stm32f1xx_hal_flash.o
HAL_FLASH_OB_Launch                               build/stm32f1xx_hal_flash.o
HAL_FLASH_OB_Lock                                 build/stm32f1xx_hal_flash.o
HAL_FLASH_OB_Unlock                               build/stm32f1xx_hal_flash.o
HAL_FLASH_OperationErrorCallback                  build/stm32f1xx_hal_flash.o
HAL_FLASH_Program                                 build/stm32f1xx_hal_flash.o
HAL_FLASH_Program_IT                              build/stm32f1xx_hal_flash.o
HAL_FLASH_Unlock                                  build/stm32f1xx_hal_flash.o
HAL_GPIOEx_ConfigEventout                         build/stm32f1xx_hal_gpio_ex.o
HAL_GPIOEx_DisableEventout                        build/stm32f1xx_hal_gpio_ex.o
HAL_GPIOEx_EnableEventout                         build/stm32f1xx_hal_gpio_ex.o
HAL_GPIO_DeInit                                   build/stm32f1xx_hal_gpio.o
HAL_GPIO_EXTI_Callback                            build/stm32f1xx_hal_gpio.o
HAL_GPIO_EXTI_IRQHandler                          build/stm32f1xx_hal_gpio.o
HAL_GPIO_Init                                     build/stm32f1xx_hal_gpio.o
                                                  build/stm32f1xx_hal_rcc.o
                                                  build/main.o
HAL_GPIO_LockPin                                  build/stm32f1xx_hal_gpio.o
HAL_GPIO_ReadPin                                  build/stm32f1xx_hal_gpio.o
HAL_GPIO_TogglePin                                build/stm32f1xx_hal_gpio.o
HAL_GPIO_WritePin                                 build/stm32f1xx_hal_gpio.o
                                                  build/main.o
HAL_GetDEVID                                      build/stm32f1xx_hal.o
HAL_GetHalVersion                                 build/stm32f1xx_hal.o
HAL_GetREVID                                      build/stm32f1xx_hal.o
HAL_GetTick                                       build/stm32f1xx_hal.o
                                                  build/stm32f1xx_hal_flash.o
                                                  build/stm32f1xx_hal_dma.o
                                                  build/stm32f1xx_hal_rcc_ex.o
                                                  build/stm32f1xx_hal_rcc.o
HAL_GetTickFreq                                   build/stm32f1xx_hal.o
HAL_GetTickPrio                                   build/stm32f1xx_hal.o
HAL_GetUIDw0                                      build/stm32f1xx_hal.o
HAL_GetUIDw1                                      build/stm32f1xx_hal.o
HAL_GetUIDw2                                      build/stm32f1xx_hal.o
HAL_IncTick                                       build/stm32f1xx_hal.o
                                                  build/main.o
HAL_Init                                          build/stm32f1xx_hal.o
                                                  build/main.o
HAL_InitTick                                      build/stm32f1xx_hal_timebase_tim.o
                                                  build/stm32f1xx_hal_rcc.o
HAL_MspDeInit                                     build/stm32f1xx_hal.o
HAL_MspInit                                       build/stm32f1xx_hal_msp.o
HAL_NVIC_ClearPendingIRQ                          build/stm32f1xx_hal_cortex.o
HAL_NVIC_DisableIRQ                               build/stm32f1xx_hal_cortex.o
HAL_NVIC_EnableIRQ                                build/stm32f1xx_hal_cortex.o
                                                  build/stm32f1xx_hal_timebase_tim.o
HAL_NVIC_GetActive                                build/stm32f1xx_hal_cortex.o
HAL_NVIC_GetPendingIRQ                            build/stm32f1xx_hal_cortex.o
HAL_NVIC_GetPriority                              build/stm32f1xx_hal_cortex.o
HAL_NVIC_GetPriorityGrouping                      build/stm32f1xx_hal_cortex.o
HAL_NVIC_SetPendingIRQ                            build/stm32f1xx_hal_cortex.o
HAL_NVIC_SetPriority                              build/stm32f1xx_hal_cortex.o
                                                  build/stm32f1xx_hal.o
                                                  build/stm32f1xx_hal_timebase_tim.o
                                                  build/stm32f1xx_hal_msp.o
HAL_NVIC_SetPriorityGrouping                      build/stm32f1xx_hal_cortex.o
                                                  build/stm32f1xx_hal.o
HAL_NVIC_SystemReset                              build/stm32f1xx_hal_cortex.o
                                                  build/stm32f1xx_hal_flash.o
HAL_PWR_ConfigPVD                                 build/stm32f1xx_hal_pwr.o
HAL_PWR_DeInit                                    build/stm32f1xx_hal_pwr.o
HAL_PWR_DisableBkUpAccess                         build/stm32f1xx_hal_pwr.o
HAL_PWR_DisablePVD                                build/stm32f1xx_hal_pwr.o
HAL_PWR_DisableSEVOnPend                          build/stm32f1xx_hal_pwr.o
HAL_PWR_DisableSleepOnExit                        build/stm32f1xx_hal_pwr.o
HAL_PWR_DisableWakeUpPin                          build/stm32f1xx_hal_pwr.o
HAL_PWR_EnableBkUpAccess                          build/stm32f1xx_hal_pwr.o
HAL_PWR_EnablePVD                                 build/stm32f1xx_hal_pwr.o
HAL_PWR_EnableSEVOnPend                           build/stm32f1xx_hal_pwr.o
HAL_PWR_EnableSleepOnExit                         build/stm32f1xx_hal_pwr.o
HAL_PWR_EnableWakeUpPin                           build/stm32f1xx_hal_pwr.o
HAL_PWR_EnterSLEEPMode                            build/stm32f1xx_hal_pwr.o
HAL_PWR_EnterSTANDBYMode                          build/stm32f1xx_hal_pwr.o
HAL_PWR_EnterSTOPMode                             build/stm32f1xx_hal_pwr.o
HAL_PWR_PVDCallback                               build/stm32f1xx_hal_pwr.o
HAL_PWR_PVD_IRQHandler                            build/stm32f1xx_hal_pwr.o
HAL_RCCEx_GetPeriphCLKConfig                      build/stm32f1xx_hal_rcc_ex.o
HAL_RCCEx_GetPeriphCLKFreq                        build/stm32f1xx_hal_rcc_ex.o
HAL_RCCEx_PeriphCLKConfig                         build/stm32f1xx_hal_rcc_ex.o
HAL_RCC_CSSCallback                               build/stm32f1xx_hal_rcc.o
HAL_RCC_ClockConfig                               build/stm32f1xx_hal_rcc.o
                                                  build/main.o
HAL_RCC_DeInit                                    build/stm32f1xx_hal_rcc.o
HAL_RCC_DisableCSS                                build/stm32f1xx_hal_rcc.o
HAL_RCC_EnableCSS                                 build/stm32f1xx_hal_rcc.o
HAL_RCC_GetClockConfig                            build/stm32f1xx_hal_rcc.o
                                                  build/stm32f1xx_hal_timebase_tim.o
HAL_RCC_GetHCLKFreq                               build/stm32f1xx_hal_rcc.o
HAL_RCC_GetOscConfig                              build/stm32f1xx_hal_rcc.o
HAL_RCC_GetPCLK1Freq                              build/stm32f1xx_hal_rcc.o
                                                  build/stm32f1xx_hal_timebase_tim.o
HAL_RCC_GetPCLK2Freq                              build/stm32f1xx_hal_rcc.o
                                                  build/stm32f1xx_hal_rcc_ex.o
HAL_RCC_GetSysClockFreq                           build/stm32f1xx_hal_rcc.o
HAL_RCC_MCOConfig                                 build/stm32f1xx_hal_rcc.o
HAL_RCC_NMI_IRQHandler                            build/stm32f1xx_hal_rcc.o
HAL_RCC_OscConfig                                 build/stm32f1xx_hal_rcc.o
                                                  build/main.o
HAL_ResumeTick                                    build/stm32f1xx_hal_timebase_tim.o
HAL_SYSTICK_CLKSourceConfig                       build/stm32f1xx_hal_cortex.o
HAL_SYSTICK_Callback                              build/stm32f1xx_hal_cortex.o
HAL_SYSTICK_Config                                build/stm32f1xx_hal_cortex.o
                                                  build/stm32f1xx_hal.o
HAL_SYSTICK_IRQHandler                            build/stm32f1xx_hal_cortex.o
HAL_SetTickFreq                                   build/stm32f1xx_hal.o
HAL_SuspendTick                                   build/stm32f1xx_hal_timebase_tim.o
HAL_TIMEx_BreakCallback                           build/stm32f1xx_hal_tim_ex.o
                                                  build/stm32f1xx_hal_tim.o
HAL_TIMEx_CommutCallback                          build/stm32f1xx_hal_tim_ex.o
                                                  build/stm32f1xx_hal_tim.o
HAL_TIMEx_CommutHalfCpltCallback                  build/stm32f1xx_hal_tim_ex.o
HAL_TIMEx_ConfigBreakDeadTime                     build/stm32f1xx_hal_tim_ex.o
HAL_TIMEx_ConfigCommutEvent                       build/stm32f1xx_hal_tim_ex.o
HAL_TIMEx_ConfigCommutEvent_DMA                   build/stm32f1xx_hal_tim_ex.o
HAL_TIMEx_ConfigCommutEvent_IT                    build/stm32f1xx_hal_tim_ex.o
HAL_TIMEx_HallSensor_DeInit                       build/stm32f1xx_hal_tim_ex.o
HAL_TIMEx_HallSensor_GetState                     build/stm32f1xx_hal_tim_ex.o
HAL_TIMEx_HallSensor_Init                         build/stm32f1xx_hal_tim_ex.o
HAL_TIMEx_HallSensor_MspDeInit                    build/stm32f1xx_hal_tim_ex.o
HAL_TIMEx_HallSensor_MspInit                      build/stm32f1xx_hal_tim_ex.o
HAL_TIMEx_HallSensor_Start                        build/stm32f1xx_hal_tim_ex.o
HAL_TIMEx_HallSensor_Start_DMA                    build/stm32f1xx_hal_tim_ex.o
HAL_TIMEx_HallSensor_Start_IT                     build/stm32f1xx_hal_tim_ex.o
HAL_TIMEx_HallSensor_Stop                         build/stm32f1xx_hal_tim_ex.o
HAL_TIMEx_HallSensor_Stop_DMA                     build/stm32f1xx_hal_tim_ex.o
HAL_TIMEx_HallSensor_Stop_IT                      build/stm32f1xx_hal_tim_ex.o
HAL_TIMEx_MasterConfigSynchronization             build/stm32f1xx_hal_tim_ex.o
HAL_TIMEx_OCN_Start                               build/stm32f1xx_hal_tim_ex.o
HAL_TIMEx_OCN_Start_DMA                           build/stm32f1xx_hal_tim_ex.o
HAL_TIMEx_OCN_Start_IT                            build/stm32f1xx_hal_tim_ex.o
HAL_TIMEx_OCN_Stop                                build/stm32f1xx_hal_tim_ex.o
HAL_TIMEx_OCN_Stop_DMA                            build/stm32f1xx_hal_tim_ex.o
HAL_TIMEx_OCN_Stop_IT                             build/stm32f1xx_hal_tim_ex.o
HAL_TIMEx_OnePulseN_Start                         build/stm32f1xx_hal_tim_ex.o
HAL_TIMEx_OnePulseN_Start_IT                      build/stm32f1xx_hal_tim_ex.o
HAL_TIMEx_OnePulseN_Stop                          build/stm32f1xx_hal_tim_ex.o
HAL_TIMEx_OnePulseN_Stop_IT                       build/stm32f1xx_hal_tim_ex.o
HAL_TIMEx_PWMN_Start                              build/stm32f1xx_hal_tim_ex.o
HAL_TIMEx_PWMN_Start_DMA                          build/stm32f1xx_hal_tim_ex.o
HAL_TIMEx_PWMN_Start_IT                           build/stm32f1xx_hal_tim_ex.o
HAL_TIMEx_PWMN_Stop                               build/stm32f1xx_hal_tim_ex.o
HAL_TIMEx_PWMN_Stop_DMA                           build/stm32f1xx_hal_tim_ex.o
HAL_TIMEx_PWMN_Stop_IT                            build/stm32f1xx_hal_tim_ex.o
HAL_TIMEx_RemapConfig                             build/stm32f1xx_hal_tim_ex.o
HAL_TIM_Base_DeInit                               build/stm32f1xx_hal_tim.o
HAL_TIM_Base_GetState                             build/stm32f1xx_hal_tim.o
HAL_TIM_Base_Init                                 build/stm32f1xx_hal_tim.o
                                                  build/stm32f1xx_hal_timebase_tim.o
HAL_TIM_Base_MspDeInit                            build/stm32f1xx_hal_msp.o
HAL_TIM_Base_MspInit                              build/stm32f1xx_hal_msp.o
HAL_TIM_Base_Start                                build/stm32f1xx_hal_tim.o
HAL_TIM_Base_Start_DMA                            build/stm32f1xx_hal_tim.o
HAL_TIM_Base_Start_IT                             build/stm32f1xx_hal_tim.o
                                                  build/stm32f1xx_hal_timebase_tim.o
HAL_TIM_Base_Stop                                 build/stm32f1xx_hal_tim.o
HAL_TIM_Base_Stop_DMA                             build/stm32f1xx_hal_tim.o
HAL_TIM_Base_Stop_IT                              build/stm32f1xx_hal_tim.o
HAL_TIM_ConfigClockSource                         build/stm32f1xx_hal_tim.o
HAL_TIM_ConfigOCrefClear                          build/stm32f1xx_hal_tim.o
HAL_TIM_ConfigTI1Input                            build/stm32f1xx_hal_tim.o
HAL_TIM_DMABurst_ReadStart                        build/stm32f1xx_hal_tim.o
HAL_TIM_DMABurst_ReadStop                         build/stm32f1xx_hal_tim.o
HAL_TIM_DMABurst_WriteStart                       build/stm32f1xx_hal_tim.o
HAL_TIM_DMABurst_WriteStop                        build/stm32f1xx_hal_tim.o
HAL_TIM_Encoder_DeInit                            build/stm32f1xx_hal_tim.o
HAL_TIM_Encoder_GetState                          build/stm32f1xx_hal_tim.o
HAL_TIM_Encoder_Init                              build/stm32f1xx_hal_tim.o
HAL_TIM_Encoder_MspDeInit                         build/stm32f1xx_hal_tim.o
HAL_TIM_Encoder_MspInit                           build/stm32f1xx_hal_tim.o
HAL_TIM_Encoder_Start                             build/stm32f1xx_hal_tim.o
HAL_TIM_Encoder_Start_DMA                         build/stm32f1xx_hal_tim.o
HAL_TIM_Encoder_Start_IT                          build/stm32f1xx_hal_tim.o
HAL_TIM_Encoder_Stop                              build/stm32f1xx_hal_tim.o
HAL_TIM_Encoder_Stop_DMA                          build/stm32f1xx_hal_tim.o
HAL_TIM_Encoder_Stop_IT                           build/stm32f1xx_hal_tim.o
HAL_TIM_ErrorCallback                             build/stm32f1xx_hal_tim.o
HAL_TIM_GenerateEvent                             build/stm32f1xx_hal_tim.o
HAL_TIM_IC_CaptureCallback                        build/stm32f1xx_hal_tim.o
HAL_TIM_IC_CaptureHalfCpltCallback                build/stm32f1xx_hal_tim.o
HAL_TIM_IC_ConfigChannel                          build/stm32f1xx_hal_tim.o
HAL_TIM_IC_DeInit                                 build/stm32f1xx_hal_tim.o
HAL_TIM_IC_GetState                               build/stm32f1xx_hal_tim.o
HAL_TIM_IC_Init                                   build/stm32f1xx_hal_tim.o
HAL_TIM_IC_MspDeInit                              build/stm32f1xx_hal_tim.o
HAL_TIM_IC_MspInit                                build/stm32f1xx_hal_tim.o
HAL_TIM_IC_Start                                  build/stm32f1xx_hal_tim.o
HAL_TIM_IC_Start_DMA                              build/stm32f1xx_hal_tim.o
HAL_TIM_IC_Start_IT                               build/stm32f1xx_hal_tim.o
HAL_TIM_IC_Stop                                   build/stm32f1xx_hal_tim.o
HAL_TIM_IC_Stop_DMA                               build/stm32f1xx_hal_tim.o
HAL_TIM_IC_Stop_IT                                build/stm32f1xx_hal_tim.o
HAL_TIM_IRQHandler                                build/stm32f1xx_hal_tim.o
                                                  build/stm32f1xx_it.o
HAL_TIM_OC_ConfigChannel                          build/stm32f1xx_hal_tim.o
HAL_TIM_OC_DeInit                                 build/stm32f1xx_hal_tim.o
HAL_TIM_OC_DelayElapsedCallback                   build/stm32f1xx_hal_tim.o
HAL_TIM_OC_GetState                               build/stm32f1xx_hal_tim.o
HAL_TIM_OC_Init                                   build/stm32f1xx_hal_tim.o
HAL_TIM_OC_MspDeInit                              build/stm32f1xx_hal_tim.o
HAL_TIM_OC_MspInit                                build/stm32f1xx_hal_tim.o
HAL_TIM_OC_Start                                  build/stm32f1xx_hal_tim.o
HAL_TIM_OC_Start_DMA                              build/stm32f1xx_hal_tim.o
HAL_TIM_OC_Start_IT                               build/stm32f1xx_hal_tim.o
HAL_TIM_OC_Stop                                   build/stm32f1xx_hal_tim.o
HAL_TIM_OC_Stop_DMA                               build/stm32f1xx_hal_tim.o
HAL_TIM_OC_Stop_IT                                build/stm32f1xx_hal_tim.o
HAL_TIM_OnePulse_ConfigChannel                    build/stm32f1xx_hal_tim.o
HAL_TIM_OnePulse_DeInit                           build/stm32f1xx_hal_tim.o
HAL_TIM_OnePulse_GetState                         build/stm32f1xx_hal_tim.o
HAL_TIM_OnePulse_Init                             build/stm32f1xx_hal_tim.o
HAL_TIM_OnePulse_MspDeInit                        build/stm32f1xx_hal_tim.o
HAL_TIM_OnePulse_MspInit                          build/stm32f1xx_hal_tim.o
HAL_TIM_OnePulse_Start                            build/stm32f1xx_hal_tim.o
HAL_TIM_OnePulse_Start_IT                         build/stm32f1xx_hal_tim.o
HAL_TIM_OnePulse_Stop                             build/stm32f1xx_hal_tim.o
HAL_TIM_OnePulse_Stop_IT                          build/stm32f1xx_hal_tim.o
HAL_TIM_PWM_ConfigChannel                         build/stm32f1xx_hal_tim.o
HAL_TIM_PWM_DeInit                                build/stm32f1xx_hal_tim.o
HAL_TIM_PWM_GetState                              build/stm32f1xx_hal_tim.o
HAL_TIM_PWM_Init                                  build/stm32f1xx_hal_tim.o
HAL_TIM_PWM_MspDeInit                             build/stm32f1xx_hal_tim.o
HAL_TIM_PWM_MspInit                               build/stm32f1xx_hal_tim.o
HAL_TIM_PWM_PulseFinishedCallback                 build/stm32f1xx_hal_tim.o
HAL_TIM_PWM_PulseFinishedHalfCpltCallback         build/stm32f1xx_hal_tim.o
HAL_TIM_PWM_Start                                 build/stm32f1xx_hal_tim.o
HAL_TIM_PWM_Start_DMA                             build/stm32f1xx_hal_tim.o
HAL_TIM_PWM_Start_IT                              build/stm32f1xx_hal_tim.o
HAL_TIM_PWM_Stop                                  build/stm32f1xx_hal_tim.o
HAL_TIM_PWM_Stop_DMA                              build/stm32f1xx_hal_tim.o
HAL_TIM_PWM_Stop_IT                               build/stm32f1xx_hal_tim.o
HAL_TIM_PeriodElapsedCallback                     build/main.o
HAL_TIM_PeriodElapsedHalfCpltCallback             build/stm32f1xx_hal_tim.o
HAL_TIM_ReadCapturedValue                         build/stm32f1xx_hal_tim.o
HAL_TIM_SlaveConfigSynchro                        build/stm32f1xx_hal_tim.o
HAL_TIM_SlaveConfigSynchro_IT                     build/stm32f1xx_hal_tim.o
HAL_TIM_TriggerCallback                           build/stm32f1xx_hal_tim.o
HAL_TIM_TriggerHalfCpltCallback                   build/stm32f1xx_hal_tim.o
HardFault_Handler                                 build/stm32f1xx_it.o
I2C1_ER_IRQHandler                                build/startup_stm32f103xb.o
I2C1_EV_IRQHandler                                build/startup_stm32f103xb.o
I2C2_ER_IRQHandler                                build/startup_stm32f103xb.o
I2C2_EV_IRQHandler                                build/startup_stm32f103xb.o
MemManage_Handler                                 build/stm32f1xx_it.o
NMI_Handler                                       build/stm32f1xx_it.o
PVD_IRQHandler                                    build/startup_stm32f103xb.o
PendSV_Handler                                    build/port.o
RCC_IRQHandler                                    build/startup_stm32f103xb.o
RTC_Alarm_IRQHandler                              build/startup_stm32f103xb.o
RTC_IRQHandler                                    build/startup_stm32f103xb.o
Reset_Handler                                     build/startup_stm32f103xb.o
SPI1_IRQHandler                                   build/startup_stm32f103xb.o
SPI2_IRQHandler                                   build/startup_stm32f103xb.o
SVC_Handler                                       build/port.o
StartDefaultTask                                  build/main.o
SysTick_Handler                                   build/port.o
SystemClock_Config                                build/main.o
SystemCoreClock                                   build/system_stm32f1xx.o
                                                  build/port.o
                                                  build/cmsis_os2.o
                                                  build/stm32f1xx_hal_rcc.o
                                                  build/stm32f1xx_hal.o
SystemCoreClockUpdate                             build/system_stm32f1xx.o
SystemInit                                        build/system_stm32f1xx.o
                                                  build/startup_stm32f103xb.o
TAMPER_IRQHandler                                 build/startup_stm32f103xb.o
TIM1_BRK_IRQHandler                               build/startup_stm32f103xb.o
TIM1_CC_IRQHandler                                build/startup_stm32f103xb.o
TIM1_TRG_COM_IRQHandler                           build/startup_stm32f103xb.o
TIM1_UP_IRQHandler                                build/startup_stm32f103xb.o
TIM2_IRQHandler                                   build/stm32f1xx_it.o
TIM3_IRQHandler                                   build/startup_stm32f103xb.o
TIM4_IRQHandler                                   build/startup_stm32f103xb.o
TIMEx_DMACommutationCplt                          build/stm32f1xx_hal_tim_ex.o
                                                  build/stm32f1xx_hal_tim.o
TIMEx_DMACommutationHalfCplt                      build/stm32f1xx_hal_tim_ex.o
                                                  build/stm32f1xx_hal_tim.o
TIM_Base_SetConfig                                build/stm32f1xx_hal_tim.o
                                                  build/stm32f1xx_hal_tim_ex.o
TIM_CCxChannelCmd                                 build/stm32f1xx_hal_tim.o
                                                  build/stm32f1xx_hal_tim_ex.o
TIM_DMACaptureCplt                                build/stm32f1xx_hal_tim.o
                                                  build/stm32f1xx_hal_tim_ex.o
TIM_DMACaptureHalfCplt                            build/stm32f1xx_hal_tim.o
                                                  build/stm32f1xx_hal_tim_ex.o
TIM_DMADelayPulseCplt                             build/stm32f1xx_hal_tim.o
                                                  build/stm32f1xx_hal_tim_ex.o
TIM_DMADelayPulseHalfCplt                         build/stm32f1xx_hal_tim.o
                                                  build/stm32f1xx_hal_tim_ex.o
TIM_DMAError                                      build/stm32f1xx_hal_tim.o
                                                  build/stm32f1xx_hal_tim_ex.o
TIM_ETR_SetConfig                                 build/stm32f1xx_hal_tim.o
TIM_OC2_SetConfig                                 build/stm32f1xx_hal_tim.o
                                                  build/stm32f1xx_hal_tim_ex.o
TIM_TI1_SetConfig                                 build/stm32f1xx_hal_tim.o
                                                  build/stm32f1xx_hal_tim_ex.o
USART1_IRQHandler                                 build/startup_stm32f103xb.o
USART2_IRQHandler                                 build/startup_stm32f103xb.o
USART3_IRQHandler                                 build/startup_stm32f103xb.o
USBWakeUp_IRQHandler                              build/startup_stm32f103xb.o
USB_HP_CAN1_TX_IRQHandler                         build/startup_stm32f103xb.o
USB_LP_CAN1_RX0_IRQHandler                        build/startup_stm32f103xb.o
UsageFault_Handler                                build/stm32f1xx_it.o
WWDG_IRQHandler                                   build/startup_stm32f103xb.o
__bss_end__                                       /usr/local/Caskroom/gcc-arm-embedded/9-2019-q4-major/gcc-arm-none-eabi-9-2019-q4-major/bin/../lib/gcc/arm-none-eabi/9.2.1/../../../../arm-none-eabi/lib/thumb/v7-m/nofp/crt0.o
__bss_start__                                     /usr/local/Caskroom/gcc-arm-embedded/9-2019-q4-major/gcc-arm-none-eabi-9-2019-q4-major/bin/../lib/gcc/arm-none-eabi/9.2.1/../../../../arm-none-eabi/lib/thumb/v7-m/nofp/crt0.o
__call_exitprocs                                  /usr/local/Caskroom/gcc-arm-embedded/9-2019-q4-major/gcc-arm-none-eabi-9-2019-q4-major/bin/../lib/gcc/arm-none-eabi/9.2.1/../../../../arm-none-eabi/lib/thumb/v7-m/nofp/libc_nano.a(lib_a-exit.o)
__deregister_frame_info                           /usr/local/Caskroom/gcc-arm-embedded/9-2019-q4-major/gcc-arm-none-eabi-9-2019-q4-major/bin/../lib/gcc/arm-none-eabi/9.2.1/thumb/v7-m/nofp/crtbegin.o
__dso_handle                                      /usr/local/Caskroom/gcc-arm-embedded/9-2019-q4-major/gcc-arm-none-eabi-9-2019-q4-major/bin/../lib/gcc/arm-none-eabi/9.2.1/thumb/v7-m/nofp/crtbegin.o
__init_array_end                                  /usr/local/Caskroom/gcc-arm-embedded/9-2019-q4-major/gcc-arm-none-eabi-9-2019-q4-major/bin/../lib/gcc/arm-none-eabi/9.2.1/../../../../arm-none-eabi/lib/thumb/v7-m/nofp/libc_nano.a(lib_a-init.o)
__init_array_start                                /usr/local/Caskroom/gcc-arm-embedded/9-2019-q4-major/gcc-arm-none-eabi-9-2019-q4-major/bin/../lib/gcc/arm-none-eabi/9.2.1/../../../../arm-none-eabi/lib/thumb/v7-m/nofp/libc_nano.a(lib_a-init.o)
__libc_fini_array                                 /usr/local/Caskroom/gcc-arm-embedded/9-2019-q4-major/gcc-arm-none-eabi-9-2019-q4-major/bin/../lib/gcc/arm-none-eabi/9.2.1/../../../../arm-none-eabi/lib/thumb/v7-m/nofp/crt0.o
__libc_init_array                                 /usr/local/Caskroom/gcc-arm-embedded/9-2019-q4-major/gcc-arm-none-eabi-9-2019-q4-major/bin/../lib/gcc/arm-none-eabi/9.2.1/../../../../arm-none-eabi/lib/thumb/v7-m/nofp/libc_nano.a(lib_a-init.o)
                                                  build/startup_stm32f103xb.o
                                                  /usr/local/Caskroom/gcc-arm-embedded/9-2019-q4-major/gcc-arm-none-eabi-9-2019-q4-major/bin/../lib/gcc/arm-none-eabi/9.2.1/../../../../arm-none-eabi/lib/thumb/v7-m/nofp/crt0.o
__lock___arc4random_mutex                         /usr/local/Caskroom/gcc-arm-embedded/9-2019-q4-major/gcc-arm-none-eabi-9-2019-q4-major/bin/../lib/gcc/arm-none-eabi/9.2.1/../../../../arm-none-eabi/lib/thumb/v7-m/nofp/libc_nano.a(lib_a-lock.o)
__lock___at_quick_exit_mutex                      /usr/local/Caskroom/gcc-arm-embedded/9-2019-q4-major/gcc-arm-none-eabi-9-2019-q4-major/bin/../lib/gcc/arm-none-eabi/9.2.1/../../../../arm-none-eabi/lib/thumb/v7-m/nofp/libc_nano.a(lib_a-lock.o)
__lock___atexit_recursive_mutex                   /usr/local/Caskroom/gcc-arm-embedded/9-2019-q4-major/gcc-arm-none-eabi-9-2019-q4-major/bin/../lib/gcc/arm-none-eabi/9.2.1/../../../../arm-none-eabi/lib/thumb/v7-m/nofp/libc_nano.a(lib_a-lock.o)
__lock___dd_hash_mutex                            /usr/local/Caskroom/gcc-arm-embedded/9-2019-q4-major/gcc-arm-none-eabi-9-2019-q4-major/bin/../lib/gcc/arm-none-eabi/9.2.1/../../../../arm-none-eabi/lib/thumb/v7-m/nofp/libc_nano.a(lib_a-lock.o)
__lock___env_recursive_mutex                      /usr/local/Caskroom/gcc-arm-embedded/9-2019-q4-major/gcc-arm-none-eabi-9-2019-q4-major/bin/../lib/gcc/arm-none-eabi/9.2.1/../../../../arm-none-eabi/lib/thumb/v7-m/nofp/libc_nano.a(lib_a-lock.o)
__lock___malloc_recursive_mutex                   /usr/local/Caskroom/gcc-arm-embedded/9-2019-q4-major/gcc-arm-none-eabi-9-2019-q4-major/bin/../lib/gcc/arm-none-eabi/9.2.1/../../../../arm-none-eabi/lib/thumb/v7-m/nofp/libc_nano.a(lib_a-lock.o)
                                                  /usr/local/Caskroom/gcc-arm-embedded/9-2019-q4-major/gcc-arm-none-eabi-9-2019-q4-major/bin/../lib/gcc/arm-none-eabi/9.2.1/../../../../arm-none-eabi/lib/thumb/v7-m/nofp/libc_nano.a(lib_a-mlock.o)
__lock___sfp_recursive_mutex                      /usr/local/Caskroom/gcc-arm-embedded/9-2019-q4-major/gcc-arm-none-eabi-9-2019-q4-major/bin/../lib/gcc/arm-none-eabi/9.2.1/../../../../arm-none-eabi/lib/thumb/v7-m/nofp/libc_nano.a(lib_a-lock.o)
__lock___sinit_recursive_mutex                    /usr/local/Caskroom/gcc-arm-embedded/9-2019-q4-major/gcc-arm-none-eabi-9-2019-q4-major/bin/../lib/gcc/arm-none-eabi/9.2.1/../../../../arm-none-eabi/lib/thumb/v7-m/nofp/libc_nano.a(lib_a-lock.o)
__lock___tz_mutex                                 /usr/local/Caskroom/gcc-arm-embedded/9-2019-q4-major/gcc-arm-none-eabi-9-2019-q4-major/bin/../lib/gcc/arm-none-eabi/9.2.1/../../../../arm-none-eabi/lib/thumb/v7-m/nofp/libc_nano.a(lib_a-lock.o)
__malloc_free_list                                /usr/local/Caskroom/gcc-arm-embedded/9-2019-q4-major/gcc-arm-none-eabi-9-2019-q4-major/bin/../lib/gcc/arm-none-eabi/9.2.1/../../../../arm-none-eabi/lib/thumb/v7-m/nofp/libc_nano.a(lib_a-nano-mallocr.o)
                                                  /usr/local/Caskroom/gcc-arm-embedded/9-2019-q4-major/gcc-arm-none-eabi-9-2019-q4-major/bin/../lib/gcc/arm-none-eabi/9.2.1/../../../../arm-none-eabi/lib/thumb/v7-m/nofp/libc_nano.a(lib_a-nano-freer.o)