Archive member included to satisfy reference by file (symbol)

/usr/local/Caskroom/gcc-arm-embedded/9-2019-q4-major/gcc-arm-none-eabi-9-2019-q4-major/bin/../lib/gcc/arm-none-eabi/9.2.1/../../../../arm-none-eabi/lib/thumb/v7-m/nofp/libc_nano.a(lib_a-exit.o)
                              /usr/local/Caskroom/gcc-arm-embedded/9-2019-q4-major/gcc-arm-none-eabi-9-2019-q4-major/bin/../lib/gcc/arm-none-eabi/9.2.1/../../../../arm-none-eabi/lib/thumb/v7-m/nofp/crt0.o (exit)
/usr/local/Caskroom/gcc-arm-embedded/9-2019-q4-major/gcc-arm-none-eabi-9-2019-q4-major/bin/../lib/gcc/arm-none-eabi/9.2.1/../../../../arm-none-eabi/lib/thumb/v7-m/nofp/libc_nano.a(lib_a-impure.o)
                              /usr/local/Caskroom/gcc-arm-embedded/9-2019-q4-major/gcc-arm-none-eabi-9-2019-q4-major/bin/../lib/gcc/arm-none-eabi/9.2.1/../../../../arm-none-eabi/lib/thumb/v7-m/nofp/libc_nano.a(lib_a-exit.o) (_global_impure_ptr)
/usr/local/Caskroom/gcc-arm-embedded/9-2019-q4-major/gcc-arm-none-eabi-9-2019-q4-major/bin/../lib/gcc/arm-none-eabi/9.2.1/../../../../arm-none-eabi/lib/thumb/v7-m/nofp/libc_nano.a(lib_a-init.o)
                              /usr/local/Caskroom/gcc-arm-embedded/9-2019-q4-major/gcc-arm-none-eabi-9-2019-q4-major/bin/../lib/gcc/arm-none-eabi/9.2.1/../../../../arm-none-eabi/lib/thumb/v7-m/nofp/crt0.o (__libc_init_array)
/usr/local/Caskroom/gcc-arm-embedded/9-2019-q4-major/gcc-arm-none-eabi-9-2019-q4-major/bin/../lib/gcc/arm-none-eabi/9.2.1/../../../../arm-none-eabi/lib/thumb/v7-m/nofp/libc_nano.a(lib_a-memcpy-stub.o)
                              build/queue.o (memcpy)
/usr/local/Caskroom/gcc-arm-embedded/9-2019-q4-major/gcc-arm-none-eabi-9-2019-q4-major/bin/../lib/gcc/arm-none-eabi/9.2.1/../../../../arm-none-eabi/lib/thumb/v7-m/nofp/libc_nano.a(lib_a-memset.o)
                              /usr/local/Caskroom/gcc-arm-embedded/9-2019-q4-major/gcc-arm-none-eabi-9-2019-q4-major/bin/../lib/gcc/arm-none-eabi/9.2.1/../../../../arm-none-eabi/lib/thumb/v7-m/nofp/crt0.o (memset)
/usr/local/Caskroom/gcc-arm-embedded/9-2019-q4-major/gcc-arm-none-eabi-9-2019-q4-major/bin/../lib/gcc/arm-none-eabi/9.2.1/../../../../arm-none-eabi/lib/thumb/v7-m/nofp/libc_nano.a(lib_a-vsnprintf.o)
                              build/main.o (vsnprintf)
/usr/local/Caskroom/gcc-arm-embedded/9-2019-q4-major/gcc-arm-none-eabi-9-2019-q4-major/bin/../lib/gcc/arm-none-eabi/9.2.1/../../../../arm-none-eabi/lib/thumb/v7-m/nofp/libc_nano.a(lib_a-nano-svfprintf.o)
                              /usr/local/Caskroom/gcc-arm-embedded/9-2019-q4-major/gcc-arm-none-eabi-9-2019-q4-major/bin/../lib/gcc/arm-none-eabi/9.2.1/../../../../arm-none-eabi/lib/thumb/v7-m/nofp/libc_nano.a(lib_a-vsnprintf.o) (_svfprintf_r)
/usr/local/Caskroom/gcc-arm-embedded/9-2019-q4-major/gcc-arm-none-eabi-9-2019-q4-major/bin/../lib/gcc/arm-none-eabi/9.2.1/../../../../arm-none-eabi/lib/thumb/v7-m/nofp/libc_nano.a(lib_a-nano-vfprintf_i.o)
                              /usr/local/Caskroom/gcc-arm-embedded/9-2019-q4-major/gcc-arm-none-eabi-9-2019-q4-major/bin/../lib/gcc/arm-none-eabi/9.2.1/../../../../arm-none-eabi/lib/thumb/v7-m/nofp/libc_nano.a(lib_a-nano-svfprintf.o) (_printf_i)
/usr/local/Caskroom/gcc-arm-embedded/9-2019-q4-major/gcc-arm-none-eabi-9-2019-q4-major/bin/../lib/gcc/arm-none-eabi/9.2.1/../../../../arm-none-eabi/lib/thumb/v7-m/nofp/libc_nano.a(lib_a-memchr-stub.o)
                              /usr/local/Caskroom/gcc-arm-embedded/9-2019-q4-major/gcc-arm-none-eabi-9-2019-q4-major/bin/../lib/gcc/arm-none-eabi/9.2.1/../../../../arm-none-eabi/lib/thumb/v7-m/nofp/libc_nano.a(lib_a-nano-svfprintf.o) (memchr)
/usr/local/Caskroom/gcc-arm-embedded/9-2019-q4-major/gcc-arm-none-eabi-9-2019-q4-major/bin/../lib/gcc/arm-none-eabi/9.2.1/../../../../arm-none-eabi/lib/thumb/v7-m/nofp/libc_nano.a(lib_a-memmove.o)
                              /usr/local/Caskroom/gcc-arm-embedded/9-2019-q4-major/gcc-arm-none-eabi-9-2019-q4-major/bin/../lib/gcc/arm-none-eabi/9.2.1/../../../../arm-none-eabi/lib/thumb/v7-m/nofp/libc_nano.a(lib_a-nano-svfprintf.o) (memmove)
/usr/local/Caskroom/gcc-arm-embedded/9-2019-q4-major/gcc-arm-none-eabi-9-2019-q4-major/bin/../lib/gcc/arm-none-eabi/9.2.1/../../../../arm-none-eabi/lib/thumb/v7-m/nofp/libc_nano.a(lib_a-nano-freer.o)
                              /usr/local/Caskroom/gcc-arm-embedded/9-2019-q4-major/gcc-arm-none-eabi-9-2019-q4-major/bin/../lib/gcc/arm-none-eabi/9.2.1/../../../../arm-none-eabi/lib/thumb/v7-m/nofp/libc_nano.a(lib_a-nano-svfprintf.o) (_free_r)
/usr/local/Caskroom/gcc-arm-embedded/9-2019-q4-major/gcc-arm-none-eabi-9-2019-q4-major/bin/../lib/gcc/arm-none-eabi/9.2.1/../../../../arm-none-eabi/lib/thumb/v7-m/nofp/libc_nano.a(lib_a-nano-mallocr.o)
                              /usr/local/Caskroom/gcc-arm-embedded/9-2019-q4-major/gcc-arm-none-eabi-9-2019-q4-major/bin/../lib/gcc/arm-none-eabi/9.2.1/../../../../arm-none-eabi/lib/thumb/v7-m/nofp/libc_nano.a(lib_a-nano-svfprintf.o) (_malloc_r)
[...]
Memory Configuration

Name             Origin             Length             Attributes
RAM              0x0000000020000000 0x0000000000005000 xrw
FLASH            0x0000000008000000 0x0000000000010000 xr
*default*        0x0000000000000000 0xffffffffffffffff

Linker script and memory map

LOAD /usr/local/Caskroom/gcc-arm-embedded/9-2019-q4-major/gcc-arm-none-eabi-9-2019-q4-major/bin/../lib/gcc/arm-none-eabi/9.2.1/thumb/v7-m/nofp/crti.o
LOAD /usr/local/Caskroom/gcc-arm-embedded/9-2019-q4-major/gcc-arm-none-eabi-9-2019-q4-major/bin/../lib/gcc/arm-none-eabi/9.2.1/thumb/v7-m/nofp/crtbegin.o
LOAD /usr/local/Caskroom/gcc-arm-embedded/9-2019-q4-major/gcc-arm-none-eabi-9-2019-q4-major/bin/../lib/gcc/arm-none-eabi/9.2.1/../../../../arm-none-eabi/lib/thumb/v7-m/nofp/crt0.o
LOAD build/main.o
LOAD build/stm32f1xx_it.o
LOAD build/stm32f1xx_hal_msp.o
LOAD build/stm32f1xx_hal_timebase_tim.o
LOAD build/stm32f1xx_hal_gpio_ex.o
LOAD build/stm32f1xx_hal_spi.o
LOAD build/stm32f1xx_hal.o
LOAD build/stm32f1xx_hal_rcc.o
LOAD build/stm32f1xx_hal_rcc_ex.o
LOAD build/stm32f1xx_hal_gpio.o
LOAD build/stm32f1xx_hal_dma.o
LOAD build/stm32f1xx_hal_cortex.o
LOAD build/stm32f1xx_hal_pwr.o
LOAD build/stm32f1xx_hal_flash.o
LOAD build/stm32f1xx_hal_flash_ex.o
LOAD build/stm32f1xx_hal_exti.o
LOAD build/stm32f1xx_hal_tim.o
LOAD build/stm32f1xx_hal_tim_ex.o
LOAD build/stm32f1xx_hal_uart.o
LOAD build/system_stm32f1xx.o
LOAD build/freertos.o
LOAD build/croutine.o
LOAD build/event_groups.o
LOAD build/list.o
LOAD build/queue.o
LOAD build/stream_buffer.o
LOAD build/tasks.o
LOAD build/timers.o
LOAD build/cmsis_os2.o
LOAD build/heap_4.o
LOAD build/port.o
LOAD build/startup_stm32f103xb.o
LOAD /usr/local/Caskroom/gcc-arm-embedded/9-2019-q4-major/gcc-arm-none-eabi-9-2019-q4-major/bin/../lib/gcc/arm-none-eabi/9.2.1/../../../../arm-none-eabi/lib/thumb/v7-m/nofp/libc_nano.a
LOAD /usr/local/Caskroom/gcc-arm-embedded/9-2019-q4-major/gcc-arm-none-eabi-9-2019-q4-major/bin/../lib/gcc/arm-none-eabi/9.2.1/../../../../arm-none-eabi/lib/thumb/v7-m/nofp/libm.a
LOAD /usr/local/Caskroom/gcc-arm-embedded/9-2019-q4-major/gcc-arm-none-eabi-9-2019-q4-major/bin/../lib/gcc/arm-none-eabi/9.2.1/../../../../arm-none-eabi/lib/thumb/v7-m/nofp/libnosys.a
START GROUP
LOAD /usr/local/Caskroom/gcc-arm-embedded/9-2019-q4-major/gcc-arm-none-eabi-9-2019-q4-major/bin/../lib/gcc/arm-none-eabi/9.2.1/thumb/v7-m/nofp/libgcc.a
LOAD /usr/local/Caskroom/gcc-arm-embedded/9-2019-q4-major/gcc-arm-none-eabi-9-2019-q4-major/bin/../lib/gcc/arm-none-eabi/9.2.1/../../../../arm-none-eabi/lib/thumb/v7-m/nofp/libc_nano.a
END GROUP
START GROUP
LOAD /usr/local/Caskroom/gcc-arm-embedded/9-2019-q4-major/gcc-arm-none-eabi-9-2019-q4-major/bin/../lib/gcc/arm-none-eabi/9.2.1/thumb/v7-m/nofp/libgcc.a
LOAD /usr/local/Caskroom/gcc-arm-embedded/9-2019-q4-major/gcc-arm-none-eabi-9-2019-q4-major/bin/../lib/gcc/arm-none-eabi/9.2.1/../../../../arm-none-eabi/lib/thumb/v7-m/nofp/libc_nano.a
END GROUP
LOAD /usr/local/Caskroom/gcc-arm-embedded/9-2019-q4-major/gcc-arm-none-eabi-9-2019-q4-major/bin/../lib/gcc/arm-none-eabi/9.2.1/thumb/v7-m/nofp/crtend.o
LOAD /usr/local/Caskroom/gcc-arm-embedded/9-2019-q4-major/gcc-arm-none-eabi-9-2019-q4-major/bin/../lib/gcc/arm-none-eabi/9.2.1/thumb/v7-m/nofp/crtn.o
                0x0000000020005000                _estack = 0x20005000
                0x0000000000000200                _Min_Heap_Size = 0x200
                0x0000000000000400                _Min_Stack_Size = 0x400

.isr_vector     0x0000000008000000      0x10c
                0x0000000008000000                . = ALIGN (0x4)
 *(.isr_vector)
 .isr_vector    0x0000000008000000      0x10c build/startup_stm32f103xb.o
                0x0000000008000000                g_pfnVectors
                0x000000000800010c                . = ALIGN (0x4)

.text           0x0000000008000110     0x401c
                0x0000000008000110                . = ALIGN (0x4)
 *(.text)
 .text          0x0000000008000110       0x40 /usr/local/Caskroom/gcc-arm-embedded/9-2019-q4-major/gcc-arm-none-eabi-9-2019-q4-major/bin/../lib/gcc/arm-none-eabi/9.2.1/thumb/v7-m/nofp/crtbegin.o
 *(.text*)
 .text.MX_GPIO_Init
                0x0000000008000150       0x78 build/main.o
 .text.MX_SPI1_Init
                0x00000000080001c8       0x3c build/main.o
 .text.MX_SPI2_Init
                0x0000000008000204       0x38 build/main.o
 .text.MX_USART1_UART_Init
                0x000000000800023c       0x2c build/main.o
 .text.Println  0x0000000008000268       0x44 build/main.o
 .text.StartDefaultTask
                0x00000000080002ac       0x68 build/main.o
                0x00000000080002ac                StartDefaultTask
 .text.SystemClock_Config
                0x0000000008000314       0x52 build/main.o
                0x0000000008000314                SystemClock_Config
 *fill*         0x0000000008000366        0x2 
 .text.main     0x0000000008000368       0x4c build/main.o
                0x0000000008000368                main
 .text.HAL_GPIO_EXTI_Callback
                0x00000000080003b4       0x1c build/main.o
                0x00000000080003b4                HAL_GPIO_EXTI_Callback
 .text.HAL_TIM_PeriodElapsedCallback
                0x00000000080003d0       0x18 build/main.o
                0x00000000080003d0                HAL_TIM_PeriodElapsedCallback
 .text.NMI_Handler
                0x00000000080003e8        0x2 build/stm32f1xx_it.o
                0x00000000080003e8                NMI_Handler
 .text.HardFault_Handler
                0x00000000080003ea        0x2 build/stm32f1xx_it.o
                0x00000000080003ea                HardFault_Handler
 .text.MemManage_Handler
                0x00000000080003ec        0x2 build/stm32f1xx_it.o
                0x00000000080003ec                MemManage_Handler
 .text.BusFault_Handler
                0x00000000080003ee        0x2 build/stm32f1xx_it.o
                0x00000000080003ee                BusFault_Handler
 .text.UsageFault_Handler
                0x00000000080003f0        0x2 build/stm32f1xx_it.o
                0x00000000080003f0                UsageFault_Handler
 .text.DebugMon_Handler
                0x00000000080003f2        0x2 build/stm32f1xx_it.o
                0x00000000080003f2                DebugMon_Handler
 .text.RCC_IRQHandler
                0x00000000080003f4        0x2 build/stm32f1xx_it.o
                0x00000000080003f4                RCC_IRQHandler
 .text.EXTI9_5_IRQHandler
                0x00000000080003f6        0xc build/stm32f1xx_it.o
                0x00000000080003f6                EXTI9_5_IRQHandler
 *fill*         0x0000000008000402        0x2 
 .text.TIM4_IRQHandler
                0x0000000008000404       0x10 build/stm32f1xx_it.o
                0x0000000008000404                TIM4_IRQHandler
 .text.SPI1_IRQHandler
                0x0000000008000414       0x10 build/stm32f1xx_it.o
                0x0000000008000414                SPI1_IRQHandler
 .text.SPI2_IRQHandler
                0x0000000008000424       0x10 build/stm32f1xx_it.o
                0x0000000008000424                SPI2_IRQHandler
 .text.USART1_IRQHandler
                0x0000000008000434       0x10 build/stm32f1xx_it.o
                0x0000000008000434                USART1_IRQHandler
 .text.HAL_MspInit
                0x0000000008000444       0x64 build/stm32f1xx_hal_msp.o
                0x0000000008000444                HAL_MspInit
 .text.HAL_SPI_MspInit
                0x00000000080004a8       0xf8 build/stm32f1xx_hal_msp.o
                0x00000000080004a8                HAL_SPI_MspInit
 .text.HAL_UART_MspInit
                0x00000000080005a0       0x88 build/stm32f1xx_hal_msp.o
                0x00000000080005a0                HAL_UART_MspInit
 .text.HAL_InitTick
                0x0000000008000628       0x7c build/stm32f1xx_hal_timebase_tim.o
                0x0000000008000628                HAL_InitTick
 .text.HAL_SPI_Init
                0x00000000080006a4       0x7c build/stm32f1xx_hal_spi.o
                0x00000000080006a4                HAL_SPI_Init
 .text.HAL_SPI_ErrorCallback
                0x0000000008000720        0x2 build/stm32f1xx_hal_spi.o
                0x0000000008000720                HAL_SPI_ErrorCallback
 *fill*         0x0000000008000722        0x2 
 .text.HAL_SPI_IRQHandler
                0x0000000008000724      0x108 build/stm32f1xx_hal_spi.o
                0x0000000008000724                HAL_SPI_IRQHandler
 .text.SPI_DMAAbortOnError
                0x000000000800082c       0x10 build/stm32f1xx_hal_spi.o
 .text.HAL_Init
                0x000000000800083c       0x24 build/stm32f1xx_hal.o
                0x000000000800083c                HAL_Init
 .text.HAL_IncTick
                0x0000000008000860       0x18 build/stm32f1xx_hal.o
                0x0000000008000860                HAL_IncTick
 .text.HAL_GetTick
                0x0000000008000878        0xc build/stm32f1xx_hal.o
                0x0000000008000878                HAL_GetTick
 .text.RCC_Delay
                0x0000000008000884       0x2c build/stm32f1xx_hal_rcc.o
 .text.HAL_RCC_OscConfig
                0x00000000080008b0      0x410 build/stm32f1xx_hal_rcc.o
                0x00000000080008b0                HAL_RCC_OscConfig
 .text.HAL_RCC_GetSysClockFreq
                0x0000000008000cc0       0x6c build/stm32f1xx_hal_rcc.o
                0x0000000008000cc0                HAL_RCC_GetSysClockFreq
 .text.HAL_RCC_ClockConfig
                0x0000000008000d2c      0x16c build/stm32f1xx_hal_rcc.o
                0x0000000008000d2c                HAL_RCC_ClockConfig
 .text.HAL_RCC_GetHCLKFreq
                0x0000000008000e98        0xc build/stm32f1xx_hal_rcc.o
                0x0000000008000e98                HAL_RCC_GetHCLKFreq
 .text.HAL_RCC_GetPCLK1Freq
                0x0000000008000ea4       0x20 build/stm32f1xx_hal_rcc.o
                0x0000000008000ea4                HAL_RCC_GetPCLK1Freq
 .text.HAL_RCC_GetPCLK2Freq
                0x0000000008000ec4       0x20 build/stm32f1xx_hal_rcc.o
                0x0000000008000ec4                HAL_RCC_GetPCLK2Freq
 .text.HAL_RCC_GetClockConfig
                0x0000000008000ee4       0x3c build/stm32f1xx_hal_rcc.o
                0x0000000008000ee4                HAL_RCC_GetClockConfig
 .text.HAL_GPIO_Init
                0x0000000008000f20      0x220 build/stm32f1xx_hal_gpio.o
                0x0000000008000f20                HAL_GPIO_Init
 .text.HAL_GPIO_EXTI_IRQHandler
                0x0000000008001140       0x1c build/stm32f1xx_hal_gpio.o
                0x0000000008001140                HAL_GPIO_EXTI_IRQHandler
 .text.HAL_DMA_Abort_IT
                0x000000000800115c       0x98 build/stm32f1xx_hal_dma.o
                0x000000000800115c                HAL_DMA_Abort_IT
 .text.HAL_NVIC_SetPriorityGrouping
                0x00000000080011f4       0x24 build/stm32f1xx_hal_cortex.o
                0x00000000080011f4                HAL_NVIC_SetPriorityGrouping
 .text.HAL_NVIC_SetPriority
                0x0000000008001218       0x68 build/stm32f1xx_hal_cortex.o
                0x0000000008001218                HAL_NVIC_SetPriority
 .text.HAL_NVIC_EnableIRQ
                0x0000000008001280       0x1c build/stm32f1xx_hal_cortex.o
                0x0000000008001280                HAL_NVIC_EnableIRQ
 .text.HAL_TIM_Base_MspInit
                0x000000000800129c        0x2 build/stm32f1xx_hal_tim.o
                0x000000000800129c                HAL_TIM_Base_MspInit
 .text.HAL_TIM_Base_Start_IT
                0x000000000800129e       0x22 build/stm32f1xx_hal_tim.o
                0x000000000800129e                HAL_TIM_Base_Start_IT
 .text.HAL_TIM_OC_DelayElapsedCallback
                0x00000000080012c0        0x2 build/stm32f1xx_hal_tim.o
                0x00000000080012c0                HAL_TIM_OC_DelayElapsedCallback
 .text.HAL_TIM_IC_CaptureCallback
                0x00000000080012c2        0x2 build/stm32f1xx_hal_tim.o
                0x00000000080012c2                HAL_TIM_IC_CaptureCallback
 .text.HAL_TIM_PWM_PulseFinishedCallback
                0x00000000080012c4        0x2 build/stm32f1xx_hal_tim.o
                0x00000000080012c4                HAL_TIM_PWM_PulseFinishedCallback
 .text.HAL_TIM_TriggerCallback
                0x00000000080012c6        0x2 build/stm32f1xx_hal_tim.o
                0x00000000080012c6                HAL_TIM_TriggerCallback
 .text.HAL_TIM_IRQHandler
                0x00000000080012c8      0x17a build/stm32f1xx_hal_tim.o
                0x00000000080012c8                HAL_TIM_IRQHandler
 *fill*         0x0000000008001442        0x2 
 .text.TIM_Base_SetConfig
                0x0000000008001444       0x74 build/stm32f1xx_hal_tim.o
                0x0000000008001444                TIM_Base_SetConfig
 .text.HAL_TIM_Base_Init
                0x00000000080014b8       0x34 build/stm32f1xx_hal_tim.o
                0x00000000080014b8                HAL_TIM_Base_Init
 .text.HAL_TIMEx_CommutCallback
                0x00000000080014ec        0x2 build/stm32f1xx_hal_tim_ex.o
                0x00000000080014ec                HAL_TIMEx_CommutCallback
 .text.HAL_TIMEx_BreakCallback
                0x00000000080014ee        0x2 build/stm32f1xx_hal_tim_ex.o
                0x00000000080014ee                HAL_TIMEx_BreakCallback
 .text.UART_EndRxTransfer
                0x00000000080014f0       0x1c build/stm32f1xx_hal_uart.o
 .text.UART_Transmit_IT
                0x000000000800150c       0x66 build/stm32f1xx_hal_uart.o
 *fill*         0x0000000008001572        0x2 
 .text.UART_SetConfig
                0x0000000008001574       0xcc build/stm32f1xx_hal_uart.o
 .text.HAL_UART_Init
                0x0000000008001640       0x5e build/stm32f1xx_hal_uart.o
                0x0000000008001640                HAL_UART_Init
 .text.HAL_UART_Transmit_IT
                0x000000000800169e       0x48 build/stm32f1xx_hal_uart.o
                0x000000000800169e                HAL_UART_Transmit_IT
 .text.HAL_UART_TxCpltCallback
                0x00000000080016e6        0x2 build/stm32f1xx_hal_uart.o
                0x00000000080016e6                HAL_UART_TxCpltCallback
 .text.UART_EndTransmit_IT
                0x00000000080016e8       0x1a build/stm32f1xx_hal_uart.o
 .text.HAL_UART_RxCpltCallback
                0x0000000008001702        0x2 build/stm32f1xx_hal_uart.o
                0x0000000008001702                HAL_UART_RxCpltCallback
 .text.UART_Receive_IT
                0x0000000008001704       0x9e build/stm32f1xx_hal_uart.o
 .text.HAL_UART_ErrorCallback
                0x00000000080017a2        0x2 build/stm32f1xx_hal_uart.o
                0x00000000080017a2                HAL_UART_ErrorCallback
 .text.HAL_UART_IRQHandler
                0x00000000080017a4      0x120 build/stm32f1xx_hal_uart.o
                0x00000000080017a4                HAL_UART_IRQHandler
 .text.UART_DMAAbortOnError
                0x00000000080018c4       0x10 build/stm32f1xx_hal_uart.o
 .text.SystemInit
                0x00000000080018d4       0x4c build/system_stm32f1xx.o
                0x00000000080018d4                SystemInit
 .text.prvTestWaitCondition
                0x0000000008001920       0x1c build/event_groups.o
 .text.xEventGroupCreate
                0x000000000800193c       0x1c build/event_groups.o
                0x000000000800193c                xEventGroupCreate
 .text.xEventGroupWaitBits
                0x0000000008001958      0x10c build/event_groups.o
                0x0000000008001958                xEventGroupWaitBits
 .text.xEventGroupSetBits
                0x0000000008001a64       0x8c build/event_groups.o
                0x0000000008001a64                xEventGroupSetBits
 .text.vEventGroupSetBitsCallback
                0x0000000008001af0        0x8 build/event_groups.o
                0x0000000008001af0                vEventGroupSetBitsCallback
 .text.xEventGroupSetBitsFromISR
                0x0000000008001af8       0x14 build/event_groups.o
                0x0000000008001af8                xEventGroupSetBitsFromISR
 .text.vListInitialise
                0x0000000008001b0c       0x16 build/list.o
                0x0000000008001b0c                vListInitialise
 .text.vListInitialiseItem
                0x0000000008001b22        0x6 build/list.o
                0x0000000008001b22                vListInitialiseItem
 .text.vListInsertEnd
                0x0000000008001b28       0x16 build/list.o
                0x0000000008001b28                vListInsertEnd
 .text.vListInsert
                0x0000000008001b3e       0x32 build/list.o
                0x0000000008001b3e                vListInsert
 .text.uxListRemove
                0x0000000008001b70       0x26 build/list.o
                0x0000000008001b70                uxListRemove
 .text.prvIsQueueFull
                0x0000000008001b96       0x1e build/queue.o
 .text.prvIsQueueEmpty
                0x0000000008001bb4       0x1a build/queue.o
 .text.prvCopyDataToQueue
                0x0000000008001bce       0x76 build/queue.o
 .text.prvCopyDataFromQueue
                0x0000000008001c44       0x24 build/queue.o
 .text.prvUnlockQueue
                0x0000000008001c68       0x6e build/queue.o
 *fill*         0x0000000008001cd6        0x2 
 .text.xQueueGenericReset
                0x0000000008001cd8       0x84 build/queue.o
                0x0000000008001cd8                xQueueGenericReset
 .text.prvInitialiseNewQueue
                0x0000000008001d5c       0x22 build/queue.o
 .text.xQueueGenericCreateStatic
                0x0000000008001d7e       0x92 build/queue.o
                0x0000000008001d7e                xQueueGenericCreateStatic
 .text.xQueueGenericSend
                0x0000000008001e10      0x180 build/queue.o
                0x0000000008001e10                xQueueGenericSend
 .text.xQueueGenericSendFromISR
                0x0000000008001f90       0xce build/queue.o
                0x0000000008001f90                xQueueGenericSendFromISR
 *fill*         0x000000000800205e        0x2 
 .text.xQueueReceive
                0x0000000008002060      0x15c build/queue.o
                0x0000000008002060                xQueueReceive
 .text.vQueueAddToRegistry
                0x00000000080021bc       0x28 build/queue.o
                0x00000000080021bc                vQueueAddToRegistry
 .text.vQueueWaitForMessageRestricted
                0x00000000080021e4       0x52 build/queue.o
                0x00000000080021e4                vQueueWaitForMessageRestricted
 *fill*         0x0000000008002236        0x2 
 .text.prvResetNextTaskUnblockTime
                0x0000000008002238       0x2c build/tasks.o
 .text.prvInitialiseNewTask
                0x0000000008002264       0x90 build/tasks.o
 .text.prvInitialiseTaskLists
                0x00000000080022f4       0x68 build/tasks.o
 .text.prvAddNewTaskToReadyList
                0x000000000800235c       0xac build/tasks.o
 .text.prvDeleteTCB
                0x0000000008002408       0x38 build/tasks.o
 .text.prvCheckTasksWaitingTermination
                0x0000000008002440       0x4c build/tasks.o
 .text.prvIdleTask
                0x000000000800248c       0x28 build/tasks.o
 .text.prvAddCurrentTaskToDelayedList
                0x00000000080024b4       0x7c build/tasks.o
 .text.xTaskCreateStatic
                0x0000000008002530       0x72 build/tasks.o
                0x0000000008002530                xTaskCreateStatic
 .text.xTaskCreate
                0x00000000080025a2       0x68 build/tasks.o
                0x00000000080025a2                xTaskCreate
 *fill*         0x000000000800260a        0x2 
 .text.vTaskStartScheduler
                0x000000000800260c       0x94 build/tasks.o
                0x000000000800260c                vTaskStartScheduler
 .text.vTaskSuspendAll
                0x00000000080026a0       0x10 build/tasks.o
                0x00000000080026a0                vTaskSuspendAll
 .text.xTaskGetTickCount
                0x00000000080026b0        0xc build/tasks.o
                0x00000000080026b0                xTaskGetTickCount
 .text.xTaskIncrementTick
                0x00000000080026bc      0x118 build/tasks.o
                0x00000000080026bc                xTaskIncrementTick
 .text.xTaskResumeAll
                0x00000000080027d4       0xf8 build/tasks.o
                0x00000000080027d4                xTaskResumeAll
 .text.vTaskSwitchContext
                0x00000000080028cc       0x94 build/tasks.o
                0x00000000080028cc                vTaskSwitchContext
 .text.vTaskPlaceOnEventList
                0x0000000008002960       0x30 build/tasks.o
                0x0000000008002960                vTaskPlaceOnEventList
 .text.vTaskPlaceOnUnorderedEventList
                0x0000000008002990       0x58 build/tasks.o
                0x0000000008002990                vTaskPlaceOnUnorderedEventList
 .text.vTaskPlaceOnEventListRestricted
                0x00000000080029e8       0x38 build/tasks.o
                0x00000000080029e8                vTaskPlaceOnEventListRestricted
 .text.xTaskRemoveFromEventList
                0x0000000008002a20       0x8c build/tasks.o
                0x0000000008002a20                xTaskRemoveFromEventList
 .text.vTaskRemoveFromUnorderedEventList
                0x0000000008002aac       0x88 build/tasks.o
                0x0000000008002aac                vTaskRemoveFromUnorderedEventList
 .text.vTaskInternalSetTimeOutState
                0x0000000008002b34       0x18 build/tasks.o
                0x0000000008002b34                vTaskInternalSetTimeOutState
 .text.xTaskCheckForTimeOut
                0x0000000008002b4c       0x84 build/tasks.o
                0x0000000008002b4c                xTaskCheckForTimeOut
 .text.vTaskMissedYield
                0x0000000008002bd0        0xc build/tasks.o
                0x0000000008002bd0                vTaskMissedYield
 .text.xTaskGetSchedulerState
                0x0000000008002bdc       0x20 build/tasks.o
                0x0000000008002bdc                xTaskGetSchedulerState
 .text.xTaskPriorityDisinherit
                0x0000000008002bfc       0x90 build/tasks.o
                0x0000000008002bfc                xTaskPriorityDisinherit
 .text.uxTaskResetEventItemValue
                0x0000000008002c8c       0x18 build/tasks.o
                0x0000000008002c8c                uxTaskResetEventItemValue
 .text.prvGetNextExpireTime
                0x0000000008002ca4       0x20 build/timers.o
 .text.prvInsertTimerInActiveList
                0x0000000008002cc4       0x48 build/timers.o
 .text.prvCheckForValidListAndQueue
                0x0000000008002d0c       0x70 build/timers.o
 .text.xTimerCreateTimerTask
                0x0000000008002d7c       0x64 build/timers.o
                0x0000000008002d7c                xTimerCreateTimerTask
 .text.xTimerGenericCommand
                0x0000000008002de0       0x6c build/timers.o
                0x0000000008002de0                xTimerGenericCommand
 .text.prvSwitchTimerLists
                0x0000000008002e4c       0x78 build/timers.o
 .text.prvSampleTimeNow
                0x0000000008002ec4       0x2c build/timers.o
 .text.prvProcessExpiredTimer
                0x0000000008002ef0       0x60 build/timers.o
 .text.prvProcessTimerOrBlockTask
                0x0000000008002f50       0x74 build/timers.o
 .text.prvProcessReceivedCommands
                0x0000000008002fc4       0xf8 build/timers.o
 .text.prvTimerTask
                0x00000000080030bc       0x16 build/timers.o
 *fill*         0x00000000080030d2        0x2 
 .text.xTimerPendFunctionCallFromISR
                0x00000000080030d4       0x28 build/timers.o
                0x00000000080030d4                xTimerPendFunctionCallFromISR
 .text.osKernelInitialize
                0x00000000080030fc       0x44 build/cmsis_os2.o
                0x00000000080030fc                osKernelInitialize
 .text.osKernelStart
                0x0000000008003140       0x4c build/cmsis_os2.o
                0x0000000008003140                osKernelStart
 .text.osThreadNew
                0x000000000800318c       0xec build/cmsis_os2.o
                0x000000000800318c                osThreadNew
 .text.vApplicationGetIdleTaskMemory
                0x0000000008003278       0x18 build/cmsis_os2.o
                0x0000000008003278                vApplicationGetIdleTaskMemory
 .text.vApplicationGetTimerTaskMemory
                0x0000000008003290       0x18 build/cmsis_os2.o
                0x0000000008003290                vApplicationGetTimerTaskMemory
 .text.prvHeapInit
                0x00000000080032a8       0x64 build/heap_4.o
 .text.prvInsertBlockIntoFreeList
                0x000000000800330c       0x54 build/heap_4.o
 .text.pvPortMalloc
                0x0000000008003360       0xf0 build/heap_4.o
                0x0000000008003360                pvPortMalloc
 .text.vPortFree
                0x0000000008003450       0x70 build/heap_4.o
                0x0000000008003450                vPortFree
 .text.prvTaskExitError
                0x00000000080034c0       0x40 build/port.o
 .text.prvPortStartFirstTask
                0x0000000008003500       0x20 build/port.o
 .text.pxPortInitialiseStack
                0x0000000008003520       0x24 build/port.o
                0x0000000008003520                pxPortInitialiseStack
 *fill*         0x0000000008003544        0xc 
 .text.SVC_Handler
                0x0000000008003550       0x24 build/port.o
                0x0000000008003550                SVC_Handler
 .text.vPortEnterCritical
                0x0000000008003574       0x44 build/port.o
                0x0000000008003574                vPortEnterCritical
 .text.vPortExitCritical
                0x00000000080035b8       0x2c build/port.o
                0x00000000080035b8                vPortExitCritical
 *fill*         0x00000000080035e4        0xc 
 .text.PendSV_Handler
                0x00000000080035f0       0x44 build/port.o
                0x00000000080035f0                PendSV_Handler
 .text.SysTick_Handler
                0x0000000008003634       0x2c build/port.o
                0x0000000008003634                SysTick_Handler
 .text.vPortSetupTimerInterrupt
                0x0000000008003660       0x38 build/port.o
                0x0000000008003660                vPortSetupTimerInterrupt
 .text.xPortStartScheduler
                0x0000000008003698       0xb8 build/port.o
                0x0000000008003698                xPortStartScheduler
 .text.vPortValidateInterruptPriority
                0x0000000008003750       0x5c build/port.o
                0x0000000008003750                vPortValidateInterruptPriority
 .text.Reset_Handler
                0x00000000080037ac       0x48 build/startup_stm32f103xb.o
                0x00000000080037ac                Reset_Handler
 .text.Default_Handler
                0x00000000080037f4        0x2 build/startup_stm32f103xb.o
                0x00000000080037f4                USBWakeUp_IRQHandler
                0x00000000080037f4                EXTI2_IRQHandler
                0x00000000080037f4                TIM1_CC_IRQHandler
                0x00000000080037f4                PVD_IRQHandler
                0x00000000080037f4                EXTI3_IRQHandler
                0x00000000080037f4                EXTI0_IRQHandler
                0x00000000080037f4                I2C2_EV_IRQHandler
                0x00000000080037f4                ADC1_2_IRQHandler
                0x00000000080037f4                TAMPER_IRQHandler
                0x00000000080037f4                DMA1_Channel4_IRQHandler
                0x00000000080037f4                USART3_IRQHandler
                0x00000000080037f4                RTC_IRQHandler
                0x00000000080037f4                DMA1_Channel7_IRQHandler
                0x00000000080037f4                CAN1_RX1_IRQHandler
                0x00000000080037f4                I2C1_EV_IRQHandler
                0x00000000080037f4                DMA1_Channel6_IRQHandler
                0x00000000080037f4                TIM3_IRQHandler
                0x00000000080037f4                TIM1_TRG_COM_IRQHandler
                0x00000000080037f4                DMA1_Channel1_IRQHandler
                0x00000000080037f4                Default_Handler
                0x00000000080037f4                EXTI15_10_IRQHandler
                0x00000000080037f4                DMA1_Channel5_IRQHandler
                0x00000000080037f4                EXTI4_IRQHandler
                0x00000000080037f4                USB_LP_CAN1_RX0_IRQHandler
                0x00000000080037f4                USB_HP_CAN1_TX_IRQHandler
                0x00000000080037f4                DMA1_Channel3_IRQHandler
                0x00000000080037f4                TIM1_UP_IRQHandler
                0x00000000080037f4                WWDG_IRQHandler
                0x00000000080037f4                TIM2_IRQHandler
                0x00000000080037f4                TIM1_BRK_IRQHandler
                0x00000000080037f4                EXTI1_IRQHandler
                0x00000000080037f4                USART2_IRQHandler
                0x00000000080037f4                I2C2_ER_IRQHandler
                0x00000000080037f4                DMA1_Channel2_IRQHandler
                0x00000000080037f4                CAN1_SCE_IRQHandler
                0x00000000080037f4                FLASH_IRQHandler
                0x00000000080037f4                I2C1_ER_IRQHandler
                0x00000000080037f4                RTC_Alarm_IRQHandler
 *fill*         0x00000000080037f6        0x2 
 .text.__libc_init_array
                0x00000000080037f8       0x48 /usr/local/Caskroom/gcc-arm-embedded/9-2019-q4-major/gcc-arm-none-eabi-9-2019-q4-major/bin/../lib/gcc/arm-none-eabi/9.2.1/../../../../arm-none-eabi/lib/thumb/v7-m/nofp/libc_nano.a(lib_a-init.o)
                0x00000000080037f8                __libc_init_array
 .text.memcpy   0x0000000008003840       0x1c /usr/local/Caskroom/gcc-arm-embedded/9-2019-q4-major/gcc-arm-none-eabi-9-2019-q4-major/bin/../lib/gcc/arm-none-eabi/9.2.1/../../../../arm-none-eabi/lib/thumb/v7-m/nofp/libc_nano.a(lib_a-memcpy-stub.o)
                0x0000000008003840                memcpy
 .text.memset   0x000000000800385c       0x10 /usr/local/Caskroom/gcc-arm-embedded/9-2019-q4-major/gcc-arm-none-eabi-9-2019-q4-major/bin/../lib/gcc/arm-none-eabi/9.2.1/../../../../arm-none-eabi/lib/thumb/v7-m/nofp/libc_nano.a(lib_a-memset.o)
                0x000000000800385c                memset
 .text._vsnprintf_r
                0x000000000800386c       0x58 /usr/local/Caskroom/gcc-arm-embedded/9-2019-q4-major/gcc-arm-none-eabi-9-2019-q4-major/bin/../lib/gcc/arm-none-eabi/9.2.1/../../../../arm-none-eabi/lib/thumb/v7-m/nofp/libc_nano.a(lib_a-vsnprintf.o)
                0x000000000800386c                _vsnprintf_r
                0x000000000800386c                _vsniprintf_r
 .text.vsnprintf
                0x00000000080038c4       0x1c /usr/local/Caskroom/gcc-arm-embedded/9-2019-q4-major/gcc-arm-none-eabi-9-2019-q4-major/bin/../lib/gcc/arm-none-eabi/9.2.1/../../../../arm-none-eabi/lib/thumb/v7-m/nofp/libc_nano.a(lib_a-vsnprintf.o)
                0x00000000080038c4                vsnprintf
                0x00000000080038c4                vsniprintf
 .text.__ssputs_r
                0x00000000080038e0       0xb6 /usr/local/Caskroom/gcc-arm-embedded/9-2019-q4-major/gcc-arm-none-eabi-9-2019-q4-major/bin/../lib/gcc/arm-none-eabi/9.2.1/../../../../arm-none-eabi/lib/thumb/v7-m/nofp/libc_nano.a(lib_a-nano-svfprintf.o)
                0x00000000080038e0                __ssputs_r
 *fill*         0x0000000008003996        0x2 
 .text._svfprintf_r
                0x0000000008003998      0x200 /usr/local/Caskroom/gcc-arm-embedded/9-2019-q4-major/gcc-arm-none-eabi-9-2019-q4-major/bin/../lib/gcc/arm-none-eabi/9.2.1/../../../../arm-none-eabi/lib/thumb/v7-m/nofp/libc_nano.a(lib_a-nano-svfprintf.o)
                0x0000000008003998                _svfprintf_r
                0x0000000008003998                _svfiprintf_r
 .text._printf_common
                0x0000000008003b98       0xde /usr/local/Caskroom/gcc-arm-embedded/9-2019-q4-major/gcc-arm-none-eabi-9-2019-q4-major/bin/../lib/gcc/arm-none-eabi/9.2.1/../../../../arm-none-eabi/lib/thumb/v7-m/nofp/libc_nano.a(lib_a-nano-vfprintf_i.o)
                0x0000000008003b98                _printf_common
 *fill*         0x0000000008003c76        0x2 
 .text._printf_i
                0x0000000008003c78      0x24c /usr/local/Caskroom/gcc-arm-embedded/9-2019-q4-major/gcc-arm-none-eabi-9-2019-q4-major/bin/../lib/gcc/arm-none-eabi/9.2.1/../../../../arm-none-eabi/lib/thumb/v7-m/nofp/libc_nano.a(lib_a-nano-vfprintf_i.o)
                0x0000000008003c78                _printf_i
 .text.memchr   0x0000000008003ec4       0x1c /usr/local/Caskroom/gcc-arm-embedded/9-2019-q4-major/gcc-arm-none-eabi-9-2019-q4-major/bin/../lib/gcc/arm-none-eabi/9.2.1/../../../../arm-none-eabi/lib/thumb/v7-m/nofp/libc_nano.a(lib_a-memchr-stub.o)
                0x0000000008003ec4                memchr
 .text.memmove  0x0000000008003ee0       0x34 /usr/local/Caskroom/gcc-arm-embedded/9-2019-q4-major/gcc-arm-none-eabi-9-2019-q4-major/bin/../lib/gcc/arm-none-eabi/9.2.1/../../../../arm-none-eabi/lib/thumb/v7-m/nofp/libc_nano.a(lib_a-memmove.o)
                0x0000000008003ee0                memmove
 .text._free_r  0x0000000008003f14       0x98 /usr/local/Caskroom/gcc-arm-embedded/9-2019-q4-major/gcc-arm-none-eabi-9-2019-q4-major/bin/../lib/gcc/arm-none-eabi/9.2.1/../../../../arm-none-eabi/lib/thumb/v7-m/nofp/libc_nano.a(lib_a-nano-freer.o)
                0x0000000008003f14                _free_r
 .text._malloc_r
                0x0000000008003fac       0xb4 /usr/local/Caskroom/gcc-arm-embedded/9-2019-q4-major/gcc-arm-none-eabi-9-2019-q4-major/bin/../lib/gcc/arm-none-eabi/9.2.1/../../../../arm-none-eabi/lib/thumb/v7-m/nofp/libc_nano.a(lib_a-nano-mallocr.o)
                0x0000000008003fac                _malloc_r
 .text._realloc_r
                0x0000000008004060       0x4c /usr/local/Caskroom/gcc-arm-embedded/9-2019-q4-major/gcc-arm-none-eabi-9-2019-q4-major/bin/../lib/gcc/arm-none-eabi/9.2.1/../../../../arm-none-eabi/lib/thumb/v7-m/nofp/libc_nano.a(lib_a-nano-reallocr.o)
                0x0000000008004060                _realloc_r
 .text._sbrk_r  0x00000000080040ac       0x20 /usr/local/Caskroom/gcc-arm-embedded/9-2019-q4-major/gcc-arm-none-eabi-9-2019-q4-major/bin/../lib/gcc/arm-none-eabi/9.2.1/../../../../arm-none-eabi/lib/thumb/v7-m/nofp/libc_nano.a(lib_a-sbrkr.o)
                0x00000000080040ac                _sbrk_r
 .text.__malloc_lock
                0x00000000080040cc        0xc /usr/local/Caskroom/gcc-arm-embedded/9-2019-q4-major/gcc-arm-none-eabi-9-2019-q4-major/bin/../lib/gcc/arm-none-eabi/9.2.1/../../../../arm-none-eabi/lib/thumb/v7-m/nofp/libc_nano.a(lib_a-mlock.o)
                0x00000000080040cc                __malloc_lock
 .text.__malloc_unlock
                0x00000000080040d8        0xc /usr/local/Caskroom/gcc-arm-embedded/9-2019-q4-major/gcc-arm-none-eabi-9-2019-q4-major/bin/../lib/gcc/arm-none-eabi/9.2.1/../../../../arm-none-eabi/lib/thumb/v7-m/nofp/libc_nano.a(lib_a-mlock.o)
                0x00000000080040d8                __malloc_unlock
 .text._malloc_usable_size_r
                0x00000000080040e4       0x10 /usr/local/Caskroom/gcc-arm-embedded/9-2019-q4-major/gcc-arm-none-eabi-9-2019-q4-major/bin/../lib/gcc/arm-none-eabi/9.2.1/../../../../arm-none-eabi/lib/thumb/v7-m/nofp/libc_nano.a(lib_a-nano-msizer.o)
                0x00000000080040e4                _malloc_usable_size_r
 .text.__retarget_lock_acquire_recursive
                0x00000000080040f4        0x2 /usr/local/Caskroom/gcc-arm-embedded/9-2019-q4-major/gcc-arm-none-eabi-9-2019-q4-major/bin/../lib/gcc/arm-none-eabi/9.2.1/../../../../arm-none-eabi/lib/thumb/v7-m/nofp/libc_nano.a(lib_a-lock.o)
                0x00000000080040f4                __retarget_lock_acquire_recursive
 .text.__retarget_lock_release_recursive
                0x00000000080040f6        0x2 /usr/local/Caskroom/gcc-arm-embedded/9-2019-q4-major/gcc-arm-none-eabi-9-2019-q4-major/bin/../lib/gcc/arm-none-eabi/9.2.1/../../../../arm-none-eabi/lib/thumb/v7-m/nofp/libc_nano.a(lib_a-lock.o)
                0x00000000080040f6                __retarget_lock_release_recursive
 .text._sbrk    0x00000000080040f8       0x1c /usr/local/Caskroom/gcc-arm-embedded/9-2019-q4-major/gcc-arm-none-eabi-9-2019-q4-major/bin/../lib/gcc/arm-none-eabi/9.2.1/../../../../arm-none-eabi/lib/thumb/v7-m/nofp/libnosys.a(sbrk.o)
                0x00000000080040f8                _sbrk
 *(.glue_7)
 .glue_7        0x0000000008004114        0x0 linker stubs
 *(.glue_7t)
 .glue_7t       0x0000000008004114        0x0 linker stubs
 *(.eh_frame)
 .eh_frame      0x0000000008004114        0x0 /usr/local/Caskroom/gcc-arm-embedded/9-2019-q4-major/gcc-arm-none-eabi-9-2019-q4-major/bin/../lib/gcc/arm-none-eabi/9.2.1/thumb/v7-m/nofp/crtbegin.o
 *(.init)
 .init          0x0000000008004114        0x4 /usr/local/Caskroom/gcc-arm-embedded/9-2019-q4-major/gcc-arm-none-eabi-9-2019-q4-major/bin/../lib/gcc/arm-none-eabi/9.2.1/thumb/v7-m/nofp/crti.o
                0x0000000008004114                _init
 .init          0x0000000008004118        0x8 /usr/local/Caskroom/gcc-arm-embedded/9-2019-q4-major/gcc-arm-none-eabi-9-2019-q4-major/bin/../lib/gcc/arm-none-eabi/9.2.1/thumb/v7-m/nofp/crtn.o
 *(.fini)
 .fini          0x0000000008004120        0x4 /usr/local/Caskroom/gcc-arm-embedded/9-2019-q4-major/gcc-arm-none-eabi-9-2019-q4-major/bin/../lib/gcc/arm-none-eabi/9.2.1/thumb/v7-m/nofp/crti.o
                0x0000000008004120                _fini
 .fini          0x0000000008004124        0x8 /usr/local/Caskroom/gcc-arm-embedded/9-2019-q4-major/gcc-arm-none-eabi-9-2019-q4-major/bin/../lib/gcc/arm-none-eabi/9.2.1/thumb/v7-m/nofp/crtn.o
                0x000000000800412c                . = ALIGN (0x4)
                0x000000000800412c                _etext = .

.vfp11_veneer   0x000000000800412c        0x0
 .vfp11_veneer  0x000000000800412c        0x0 linker stubs

.v4_bx          0x000000000800412c        0x0
 .v4_bx         0x000000000800412c        0x0 linker stubs

.iplt           0x000000000800412c        0x0
 .iplt          0x000000000800412c        0x0 /usr/local/Caskroom/gcc-arm-embedded/9-2019-q4-major/gcc-arm-none-eabi-9-2019-q4-major/bin/../lib/gcc/arm-none-eabi/9.2.1/thumb/v7-m/nofp/crtbegin.o

.rodata         0x000000000800412c       0xe8
                0x000000000800412c                . = ALIGN (0x4)
 *(.rodata)
 *(.rodata*)
 .rodata.StartDefaultTask.str1.4
                0x000000000800412c       0x3f build/main.o
 *fill*         0x000000000800416b        0x1 
 .rodata.str1.4
                0x000000000800416c        0xc build/main.o
 .rodata.defaultTask_attributes
                0x0000000008004178       0x24 build/main.o
                0x0000000008004178                defaultTask_attributes
 .rodata.HAL_RCC_GetSysClockFreq.str1.4
                0x000000000800419c       0x11 build/stm32f1xx_hal_rcc.o
 *fill*         0x00000000080041ad        0x3 
 .rodata.AHBPrescTable
                0x00000000080041b0       0x10 build/system_stm32f1xx.o
                0x00000000080041b0                AHBPrescTable
 .rodata.APBPrescTable
                0x00000000080041c0        0x8 build/system_stm32f1xx.o
                0x00000000080041c0                APBPrescTable
 .rodata.vTaskStartScheduler.str1.4
                0x00000000080041c8        0x5 build/tasks.o
 *fill*         0x00000000080041cd        0x3 
 .rodata.prvCheckForValidListAndQueue.str1.4
                0x00000000080041d0        0x5 build/timers.o
 *fill*         0x00000000080041d5        0x3 
 .rodata.xTimerCreateTimerTask.str1.4
                0x00000000080041d8        0x8 build/timers.o
 .rodata._svfprintf_r.str1.1
                0x00000000080041e0       0x11 /usr/local/Caskroom/gcc-arm-embedded/9-2019-q4-major/gcc-arm-none-eabi-9-2019-q4-major/bin/../lib/gcc/arm-none-eabi/9.2.1/../../../../arm-none-eabi/lib/thumb/v7-m/nofp/libc_nano.a(lib_a-nano-svfprintf.o)
 .rodata._printf_i.str1.1
                0x00000000080041f1       0x22 /usr/local/Caskroom/gcc-arm-embedded/9-2019-q4-major/gcc-arm-none-eabi-9-2019-q4-major/bin/../lib/gcc/arm-none-eabi/9.2.1/../../../../arm-none-eabi/lib/thumb/v7-m/nofp/libc_nano.a(lib_a-nano-vfprintf_i.o)
                0x0000000008004214                . = ALIGN (0x4)
 *fill*         0x0000000008004213        0x1 

.rel.dyn        0x0000000008004214        0x0
 .rel.iplt      0x0000000008004214        0x0 /usr/local/Caskroom/gcc-arm-embedded/9-2019-q4-major/gcc-arm-none-eabi-9-2019-q4-major/bin/../lib/gcc/arm-none-eabi/9.2.1/thumb/v7-m/nofp/crtbegin.o

.ARM.extab
 *(.ARM.extab* .gnu.linkonce.armextab.*)

.ARM            0x0000000008004214        0x0
                0x0000000008004214                __exidx_start = .
 *(.ARM.exidx*)
                0x0000000008004214                __exidx_end = .

.preinit_array  0x0000000008004214        0x0
                0x0000000008004214                PROVIDE (__preinit_array_start = .)
 *(.preinit_array*)
                0x0000000008004214                PROVIDE (__preinit_array_end = .)

.init_array     0x0000000008004214        0x4
                0x0000000008004214                PROVIDE (__init_array_start = .)
 *(SORT_BY_NAME(.init_array.*))
 *(.init_array*)
 .init_array    0x0000000008004214        0x4 /usr/local/Caskroom/gcc-arm-embedded/9-2019-q4-major/gcc-arm-none-eabi-9-2019-q4-major/bin/../lib/gcc/arm-none-eabi/9.2.1/thumb/v7-m/nofp/crtbegin.o
                0x0000000008004218                PROVIDE (__init_array_end = .)

.fini_array     0x0000000008004218        0x4
                [!provide]                        PROVIDE (__fini_array_start = .)
 *(SORT_BY_NAME(.fini_array.*))
 *(.fini_array*)
 .fini_array    0x0000000008004218        0x4 /usr/local/Caskroom/gcc-arm-embedded/9-2019-q4-major/gcc-arm-none-eabi-9-2019-q4-major/bin/../lib/gcc/arm-none-eabi/9.2.1/thumb/v7-m/nofp/crtbegin.o
                [!provide]                        PROVIDE (__fini_array_end = .)
                0x000000000800421c                _sidata = LOADADDR (.data)

.data           0x0000000020000000       0x74 load address 0x000000000800421c
                0x0000000020000000                . = ALIGN (0x4)
                0x0000000020000000                _sdata = .
 *(.data)
 *(.data*)
 .data.uwTickFreq
                0x0000000020000000        0x1 build/stm32f1xx_hal.o
                0x0000000020000000                uwTickFreq
 *fill*         0x0000000020000001        0x3 
 .data.uwTickPrio
                0x0000000020000004        0x4 build/stm32f1xx_hal.o
                0x0000000020000004                uwTickPrio
 .data.SystemCoreClock
                0x0000000020000008        0x4 build/system_stm32f1xx.o
                0x0000000020000008                SystemCoreClock
 .data.uxCriticalNesting
                0x000000002000000c        0x4 build/port.o
 .data._impure_ptr
                0x0000000020000010        0x4 /usr/local/Caskroom/gcc-arm-embedded/9-2019-q4-major/gcc-arm-none-eabi-9-2019-q4-major/bin/../lib/gcc/arm-none-eabi/9.2.1/../../../../arm-none-eabi/lib/thumb/v7-m/nofp/libc_nano.a(lib_a-impure.o)
                0x0000000020000010                _impure_ptr
 .data.impure_data
                0x0000000020000014       0x60 /usr/local/Caskroom/gcc-arm-embedded/9-2019-q4-major/gcc-arm-none-eabi-9-2019-q4-major/bin/../lib/gcc/arm-none-eabi/9.2.1/../../../../arm-none-eabi/lib/thumb/v7-m/nofp/libc_nano.a(lib_a-impure.o)
                0x0000000020000074                . = ALIGN (0x4)
                0x0000000020000074                _edata = .

.igot.plt       0x0000000020000074        0x0 load address 0x0000000008004290
 .igot.plt      0x0000000020000074        0x0 /usr/local/Caskroom/gcc-arm-embedded/9-2019-q4-major/gcc-arm-none-eabi-9-2019-q4-major/bin/../lib/gcc/arm-none-eabi/9.2.1/thumb/v7-m/nofp/crtbegin.o
                0x0000000020000074                . = ALIGN (0x4)

.bss            0x0000000020000074     0x1b38 load address 0x0000000008004290
                0x0000000020000074                _sbss = .
                0x0000000020000074                __bss_start__ = _sbss
 *(.bss)
 .bss           0x0000000020000074       0x1c /usr/local/Caskroom/gcc-arm-embedded/9-2019-q4-major/gcc-arm-none-eabi-9-2019-q4-major/bin/../lib/gcc/arm-none-eabi/9.2.1/thumb/v7-m/nofp/crtbegin.o
 *(.bss*)
 .bss.tx_buff   0x0000000020000090       0x80 build/main.o
                0x0000000020000090                tx_buff
 .bss.xEvtGrpGPIOInt
                0x0000000020000110        0x4 build/main.o
 .bss.pxCurrentTCB
                0x0000000020000114        0x4 build/tasks.o
                0x0000000020000114                pxCurrentTCB
 .bss.pxDelayedTaskList
                0x0000000020000118        0x4 build/tasks.o
 .bss.pxOverflowDelayedTaskList
                0x000000002000011c        0x4 build/tasks.o
 .bss.pxReadyTasksLists
                0x0000000020000120      0x460 build/tasks.o
 .bss.uxCurrentNumberOfTasks
                0x0000000020000580        0x4 build/tasks.o
 .bss.uxDeletedTasksWaitingCleanUp
                0x0000000020000584        0x4 build/tasks.o
 .bss.uxPendedTicks
                0x0000000020000588        0x4 build/tasks.o
 .bss.uxSchedulerSuspended
                0x000000002000058c        0x4 build/tasks.o
 .bss.uxTaskNumber
                0x0000000020000590        0x4 build/tasks.o
 .bss.uxTopReadyPriority
                0x0000000020000594        0x4 build/tasks.o
 .bss.xDelayedTaskList1
                0x0000000020000598       0x14 build/tasks.o
 .bss.xDelayedTaskList2
                0x00000000200005ac       0x14 build/tasks.o
 .bss.xNextTaskUnblockTime
                0x00000000200005c0        0x4 build/tasks.o
 .bss.xNumOfOverflows
                0x00000000200005c4        0x4 build/tasks.o
 .bss.xPendingReadyList
                0x00000000200005c8       0x14 build/tasks.o
 .bss.xSchedulerRunning
                0x00000000200005dc        0x4 build/tasks.o
 .bss.xSuspendedTaskList
                0x00000000200005e0       0x14 build/tasks.o
 .bss.xTasksWaitingTermination
                0x00000000200005f4       0x14 build/tasks.o
 .bss.xTickCount
                0x0000000020000608        0x4 build/tasks.o
 .bss.xYieldPending
                0x000000002000060c        0x4 build/tasks.o
 .bss.pxCurrentTimerList
                0x0000000020000610        0x4 build/timers.o
 .bss.pxOverflowTimerList
                0x0000000020000614        0x4 build/timers.o
 .bss.ucStaticTimerQueueStorage.5559
                0x0000000020000618       0xa0 build/timers.o
 .bss.xActiveTimerList1
                0x00000000200006b8       0x14 build/timers.o
 .bss.xActiveTimerList2
                0x00000000200006cc       0x14 build/timers.o
 .bss.xLastTime.5508
                0x00000000200006e0        0x4 build/timers.o
 .bss.xStaticTimerQueue.5558
                0x00000000200006e4       0x50 build/timers.o
 .bss.xTimerQueue
                0x0000000020000734        0x4 build/timers.o
 .bss.xTimerTaskHandle
                0x0000000020000738        0x4 build/timers.o
 .bss.Idle_Stack
                0x000000002000073c      0x200 build/cmsis_os2.o
 .bss.Idle_TCB  0x000000002000093c       0x5c build/cmsis_os2.o
 .bss.KernelState
                0x0000000020000998        0x4 build/cmsis_os2.o
 .bss.Timer_Stack
                0x000000002000099c      0x400 build/cmsis_os2.o
 .bss.Timer_TCB
                0x0000000020000d9c       0x5c build/cmsis_os2.o
 .bss.pxEnd     0x0000000020000df8        0x4 build/heap_4.o
 .bss.ucHeap    0x0000000020000dfc      0xc00 build/heap_4.o
 .bss.xBlockAllocatedBit
                0x00000000200019fc        0x4 build/heap_4.o
 .bss.xFreeBytesRemaining
                0x0000000020001a00        0x4 build/heap_4.o
 .bss.xMinimumEverFreeBytesRemaining
                0x0000000020001a04        0x4 build/heap_4.o
 .bss.xStart    0x0000000020001a08        0x8 build/heap_4.o
 .bss.ucMaxSysCallPriority
                0x0000000020001a10        0x1 build/port.o
 *fill*         0x0000000020001a11        0x3 
 .bss.ulMaxPRIGROUPValue
                0x0000000020001a14        0x4 build/port.o
 .bss.__malloc_free_list
                0x0000000020001a18        0x4 /usr/local/Caskroom/gcc-arm-embedded/9-2019-q4-major/gcc-arm-none-eabi-9-2019-q4-major/bin/../lib/gcc/arm-none-eabi/9.2.1/../../../../arm-none-eabi/lib/thumb/v7-m/nofp/libc_nano.a(lib_a-nano-mallocr.o)
                0x0000000020001a18                __malloc_free_list
 .bss.__malloc_sbrk_start
                0x0000000020001a1c        0x4 /usr/local/Caskroom/gcc-arm-embedded/9-2019-q4-major/gcc-arm-none-eabi-9-2019-q4-major/bin/../lib/gcc/arm-none-eabi/9.2.1/../../../../arm-none-eabi/lib/thumb/v7-m/nofp/libc_nano.a(lib_a-nano-mallocr.o)
                0x0000000020001a1c                __malloc_sbrk_start
 .bss.heap_end.4144
                0x0000000020001a20        0x4 /usr/local/Caskroom/gcc-arm-embedded/9-2019-q4-major/gcc-arm-none-eabi-9-2019-q4-major/bin/../lib/gcc/arm-none-eabi/9.2.1/../../../../arm-none-eabi/lib/thumb/v7-m/nofp/libnosys.a(sbrk.o)
 *(COMMON)
 COMMON         0x0000000020001a24       0xf4 build/main.o
                0x0000000020001a24                defaultTaskHandle
                0x0000000020001a28                hspi2
                0x0000000020001a80                huart1
                0x0000000020001ac0                hspi1
 COMMON         0x0000000020001b18       0x40 build/stm32f1xx_hal_timebase_tim.o
                0x0000000020001b18                htim4
 COMMON         0x0000000020001b58        0x4 build/stm32f1xx_hal.o
                0x0000000020001b58                uwTick
 COMMON         0x0000000020001b5c       0x40 build/queue.o
                0x0000000020001b5c                xQueueRegistry
 COMMON         0x0000000020001b9c        0x4 /usr/local/Caskroom/gcc-arm-embedded/9-2019-q4-major/gcc-arm-none-eabi-9-2019-q4-major/bin/../lib/gcc/arm-none-eabi/9.2.1/../../../../arm-none-eabi/lib/thumb/v7-m/nofp/libc_nano.a(lib_a-reent.o)
                0x0000000020001b9c                errno
 COMMON         0x0000000020001ba0        0x9 /usr/local/Caskroom/gcc-arm-embedded/9-2019-q4-major/gcc-arm-none-eabi-9-2019-q4-major/bin/../lib/gcc/arm-none-eabi/9.2.1/../../../../arm-none-eabi/lib/thumb/v7-m/nofp/libc_nano.a(lib_a-lock.o)
                0x0000000020001ba0                __lock___atexit_recursive_mutex
                0x0000000020001ba1                __lock___arc4random_mutex
                0x0000000020001ba2                __lock___env_recursive_mutex
                0x0000000020001ba3                __lock___sinit_recursive_mutex
                0x0000000020001ba4                __lock___malloc_recursive_mutex
                0x0000000020001ba5                __lock___at_quick_exit_mutex
                0x0000000020001ba6                __lock___dd_hash_mutex
                0x0000000020001ba7                __lock___tz_mutex
                0x0000000020001ba8                __lock___sfp_recursive_mutex
                0x0000000020001bac                . = ALIGN (0x4)
 *fill*         0x0000000020001ba9        0x3 
                0x0000000020001bac                _ebss = .
                0x0000000020001bac                __bss_end__ = _ebss

._user_heap_stack
                0x0000000020001bac      0x604 load address 0x0000000008004290
                0x0000000020001bb0                . = ALIGN (0x8)
 *fill*         0x0000000020001bac        0x4 
                0x0000000020001bb0                PROVIDE (end = .)
                [!provide]                        PROVIDE (_end = .)
                0x0000000020001db0                . = (. + _Min_Heap_Size)
 *fill*         0x0000000020001bb0      0x200 
                0x00000000200021b0                . = (. + _Min_Stack_Size)
 *fill*         0x0000000020001db0      0x400 
                0x00000000200021b0                . = ALIGN (0x8)

/DISCARD/
 libc.a(*)
 libm.a(*)
 libgcc.a(*)

.ARM.attributes
                0x0000000000000000       0x29
 *(.ARM.attributes)
 .ARM.attributes
                0x0000000000000000       0x1d /usr/local/Caskroom/gcc-arm-embedded/9-2019-q4-major/gcc-arm-none-eabi-9-2019-q4-major/bin/../lib/gcc/arm-none-eabi/9.2.1/thumb/v7-m/nofp/crti.o
 .ARM.attributes
                0x000000000000001d       0x2d /usr/local/Caskroom/gcc-arm-embedded/9-2019-q4-major/gcc-arm-none-eabi-9-2019-q4-major/bin/../lib/gcc/arm-none-eabi/9.2.1/thumb/v7-m/nofp/crtbegin.o
 .ARM.attributes
                0x000000000000004a       0x2d build/main.o
 .ARM.attributes
                0x0000000000000077       0x2d build/stm32f1xx_it.o
 .ARM.attributes
                0x00000000000000a4       0x2d build/stm32f1xx_hal_msp.o
 .ARM.attributes
                0x00000000000000d1       0x2d build/stm32f1xx_hal_timebase_tim.o
 .ARM.attributes
                0x00000000000000fe       0x2d build/stm32f1xx_hal_spi.o
 .ARM.attributes
                0x000000000000012b       0x2d build/stm32f1xx_hal.o
 .ARM.attributes
                0x0000000000000158       0x2d build/stm32f1xx_hal_rcc.o
 .ARM.attributes
                0x0000000000000185       0x2d build/stm32f1xx_hal_gpio.o
 .ARM.attributes
                0x00000000000001b2       0x2d build/stm32f1xx_hal_dma.o
 .ARM.attributes
                0x00000000000001df       0x2d build/stm32f1xx_hal_cortex.o
 .ARM.attributes
                0x000000000000020c       0x2d build/stm32f1xx_hal_tim.o
 .ARM.attributes
                0x0000000000000239       0x2d build/stm32f1xx_hal_tim_ex.o
 .ARM.attributes
                0x0000000000000266       0x2d build/stm32f1xx_hal_uart.o
 .ARM.attributes
                0x0000000000000293       0x2d build/system_stm32f1xx.o
 .ARM.attributes
                0x00000000000002c0       0x2d build/event_groups.o
 .ARM.attributes
                0x00000000000002ed       0x2d build/list.o
 .ARM.attributes
                0x000000000000031a       0x2d build/queue.o
 .ARM.attributes
                0x0000000000000347       0x2d build/tasks.o
 .ARM.attributes
                0x0000000000000374       0x2d build/timers.o
 .ARM.attributes
                0x00000000000003a1       0x2d build/cmsis_os2.o
 .ARM.attributes
                0x00000000000003ce       0x2d build/heap_4.o
 .ARM.attributes
                0x00000000000003fb       0x2d build/port.o
 .ARM.attributes
                0x0000000000000428       0x21 build/startup_stm32f103xb.o
 .ARM.attributes
                0x0000000000000449       0x2d /usr/local/Caskroom/gcc-arm-embedded/9-2019-q4-major/gcc-arm-none-eabi-9-2019-q4-major/bin/../lib/gcc/arm-none-eabi/9.2.1/../../../../arm-none-eabi/lib/thumb/v7-m/nofp/libc_nano.a(lib_a-impure.o)
 .ARM.attributes
                0x0000000000000476       0x2d /usr/local/Caskroom/gcc-arm-embedded/9-2019-q4-major/gcc-arm-none-eabi-9-2019-q4-major/bin/../lib/gcc/arm-none-eabi/9.2.1/../../../../arm-none-eabi/lib/thumb/v7-m/nofp/libc_nano.a(lib_a-init.o)
 .ARM.attributes
                0x00000000000004a3       0x2d /usr/local/Caskroom/gcc-arm-embedded/9-2019-q4-major/gcc-arm-none-eabi-9-2019-q4-major/bin/../lib/gcc/arm-none-eabi/9.2.1/../../../../arm-none-eabi/lib/thumb/v7-m/nofp/libc_nano.a(lib_a-memcpy-stub.o)
 .ARM.attributes
                0x00000000000004d0       0x2d /usr/local/Caskroom/gcc-arm-embedded/9-2019-q4-major/gcc-arm-none-eabi-9-2019-q4-major/bin/../lib/gcc/arm-none-eabi/9.2.1/../../../../arm-none-eabi/lib/thumb/v7-m/nofp/libc_nano.a(lib_a-memset.o)
 .ARM.attributes
                0x00000000000004fd       0x2d /usr/local/Caskroom/gcc-arm-embedded/9-2019-q4-major/gcc-arm-none-eabi-9-2019-q4-major/bin/../lib/gcc/arm-none-eabi/9.2.1/../../../../arm-none-eabi/lib/thumb/v7-m/nofp/libc_nano.a(lib_a-vsnprintf.o)
 .ARM.attributes
                0x000000000000052a       0x2d /usr/local/Caskroom/gcc-arm-embedded/9-2019-q4-major/gcc-arm-none-eabi-9-2019-q4-major/bin/../lib/gcc/arm-none-eabi/9.2.1/../../../../arm-none-eabi/lib/thumb/v7-m/nofp/libc_nano.a(lib_a-nano-svfprintf.o)
 .ARM.attributes
                0x0000000000000557       0x2d /usr/local/Caskroom/gcc-arm-embedded/9-2019-q4-major/gcc-arm-none-eabi-9-2019-q4-major/bin/../lib/gcc/arm-none-eabi/9.2.1/../../../../arm-none-eabi/lib/thumb/v7-m/nofp/libc_nano.a(lib_a-nano-vfprintf_i.o)
 .ARM.attributes
                0x0000000000000584       0x2d /usr/local/Caskroom/gcc-arm-embedded/9-2019-q4-major/gcc-arm-none-eabi-9-2019-q4-major/bin/../lib/gcc/arm-none-eabi/9.2.1/../../../../arm-none-eabi/lib/thumb/v7-m/nofp/libc_nano.a(lib_a-memchr-stub.o)
 .ARM.attributes
                0x00000000000005b1       0x2d /usr/local/Caskroom/gcc-arm-embedded/9-2019-q4-major/gcc-arm-none-eabi-9-2019-q4-major/bin/../lib/gcc/arm-none-eabi/9.2.1/../../../../arm-none-eabi/lib/thumb/v7-m/nofp/libc_nano.a(lib_a-memmove.o)
 .ARM.attributes
                0x00000000000005de       0x2d /usr/local/Caskroom/gcc-arm-embedded/9-2019-q4-major/gcc-arm-none-eabi-9-2019-q4-major/bin/../lib/gcc/arm-none-eabi/9.2.1/../../../../arm-none-eabi/lib/thumb/v7-m/nofp/libc_nano.a(lib_a-nano-freer.o)
 .ARM.attributes
                0x000000000000060b       0x2d /usr/local/Caskroom/gcc-arm-embedded/9-2019-q4-major/gcc-arm-none-eabi-9-2019-q4-major/bin/../lib/gcc/arm-none-eabi/9.2.1/../../../../arm-none-eabi/lib/thumb/v7-m/nofp/libc_nano.a(lib_a-nano-mallocr.o)
 .ARM.attributes
                0x0000000000000638       0x2d /usr/local/Caskroom/gcc-arm-embedded/9-2019-q4-major/gcc-arm-none-eabi-9-2019-q4-major/bin/../lib/gcc/arm-none-eabi/9.2.1/../../../../arm-none-eabi/lib/thumb/v7-m/nofp/libc_nano.a(lib_a-nano-reallocr.o)
 .ARM.attributes
                0x0000000000000665       0x2d /usr/local/Caskroom/gcc-arm-embedded/9-2019-q4-major/gcc-arm-none-eabi-9-2019-q4-major/bin/../lib/gcc/arm-none-eabi/9.2.1/../../../../arm-none-eabi/lib/thumb/v7-m/nofp/libc_nano.a(lib_a-sbrkr.o)
 .ARM.attributes
                0x0000000000000692       0x2d /usr/local/Caskroom/gcc-arm-embedded/9-2019-q4-major/gcc-arm-none-eabi-9-2019-q4-major/bin/../lib/gcc/arm-none-eabi/9.2.1/../../../../arm-none-eabi/lib/thumb/v7-m/nofp/libc_nano.a(lib_a-mlock.o)
 .ARM.attributes
                0x00000000000006bf       0x2d /usr/local/Caskroom/gcc-arm-embedded/9-2019-q4-major/gcc-arm-none-eabi-9-2019-q4-major/bin/../lib/gcc/arm-none-eabi/9.2.1/../../../../arm-none-eabi/lib/thumb/v7-m/nofp/libc_nano.a(lib_a-nano-msizer.o)
 .ARM.attributes
                0x00000000000006ec       0x2d /usr/local/Caskroom/gcc-arm-embedded/9-2019-q4-major/gcc-arm-none-eabi-9-2019-q4-major/bin/../lib/gcc/arm-none-eabi/9.2.1/../../../../arm-none-eabi/lib/thumb/v7-m/nofp/libc_nano.a(lib_a-reent.o)
 .ARM.attributes
                0x0000000000000719       0x2d /usr/local/Caskroom/gcc-arm-embedded/9-2019-q4-major/gcc-arm-none-eabi-9-2019-q4-major/bin/../lib/gcc/arm-none-eabi/9.2.1/../../../../arm-none-eabi/lib/thumb/v7-m/nofp/libc_nano.a(lib_a-lock.o)
 .ARM.attributes
                0x0000000000000746       0x2d /usr/local/Caskroom/gcc-arm-embedded/9-2019-q4-major/gcc-arm-none-eabi-9-2019-q4-major/bin/../lib/gcc/arm-none-eabi/9.2.1/../../../../arm-none-eabi/lib/thumb/v7-m/nofp/libnosys.a(sbrk.o)
 .ARM.attributes
                0x0000000000000773       0x1d /usr/local/Caskroom/gcc-arm-embedded/9-2019-q4-major/gcc-arm-none-eabi-9-2019-q4-major/bin/../lib/gcc/arm-none-eabi/9.2.1/thumb/v7-m/nofp/crtn.o
OUTPUT(build/spi-uart-esp32-rcwl.elf elf32-littlearm)

.debug_info     0x0000000000000000    0x23265
 .debug_info    0x0000000000000000     0x22bc build/main.o
 .debug_info    0x00000000000022bc      0xdbb build/stm32f1xx_it.o
 .debug_info    0x0000000000003077     0x10bb build/stm32f1xx_hal_msp.o
 .debug_info    0x0000000000004132      0xb03 build/stm32f1xx_hal_timebase_tim.o
 .debug_info    0x0000000000004c35     0x1f43 build/stm32f1xx_hal_spi.o
 .debug_info    0x0000000000006b78      0x8c6 build/stm32f1xx_hal.o
 .debug_info    0x000000000000743e      0xb59 build/stm32f1xx_hal_rcc.o
 .debug_info    0x0000000000007f97      0x7a8 build/stm32f1xx_hal_gpio.o
 .debug_info    0x000000000000873f      0x9a7 build/stm32f1xx_hal_dma.o
 .debug_info    0x00000000000090e6      0xee9 build/stm32f1xx_hal_cortex.o
 .debug_info    0x0000000000009fcf     0x3948 build/stm32f1xx_hal_tim.o
 .debug_info    0x000000000000d917     0x1813 build/stm32f1xx_hal_tim_ex.o
 .debug_info    0x000000000000f12a     0x1a9a build/stm32f1xx_hal_uart.o
 .debug_info    0x0000000000010bc4      0x4cf build/system_stm32f1xx.o
 .debug_info    0x0000000000011093     0x198c build/event_groups.o
 .debug_info    0x0000000000012a1f      0xc9e build/list.o
 .debug_info    0x00000000000136bd     0x31e8 build/queue.o
 .debug_info    0x00000000000168a5     0x3b29 build/tasks.o
 .debug_info    0x000000000001a3ce     0x23f4 build/timers.o
 .debug_info    0x000000000001c7c2     0x56e8 build/cmsis_os2.o
 .debug_info    0x0000000000021eaa      0xe30 build/heap_4.o
 .debug_info    0x0000000000022cda      0x569 build/port.o
 .debug_info    0x0000000000023243       0x22 build/startup_stm32f103xb.o

.debug_abbrev   0x0000000000000000     0x4139
 .debug_abbrev  0x0000000000000000      0x3d2 build/main.o
 .debug_abbrev  0x00000000000003d2      0x1d2 build/stm32f1xx_it.o
 .debug_abbrev  0x00000000000005a4      0x224 build/stm32f1xx_hal_msp.o
 .debug_abbrev  0x00000000000007c8      0x21c build/stm32f1xx_hal_timebase_tim.o
 .debug_abbrev  0x00000000000009e4      0x2be build/stm32f1xx_hal_spi.o
 .debug_abbrev  0x0000000000000ca2      0x22f build/stm32f1xx_hal.o
 .debug_abbrev  0x0000000000000ed1      0x2ad build/stm32f1xx_hal_rcc.o
 .debug_abbrev  0x000000000000117e      0x24f build/stm32f1xx_hal_gpio.o
 .debug_abbrev  0x00000000000013cd      0x283 build/stm32f1xx_hal_dma.o
 .debug_abbrev  0x0000000000001650      0x37f build/stm32f1xx_hal_cortex.o
 .debug_abbrev  0x00000000000019cf      0x2c3 build/stm32f1xx_hal_tim.o
 .debug_abbrev  0x0000000000001c92      0x2ab build/stm32f1xx_hal_tim_ex.o
 .debug_abbrev  0x0000000000001f3d      0x2ea build/stm32f1xx_hal_uart.o
 .debug_abbrev  0x0000000000002227      0x153 build/system_stm32f1xx.o
 .debug_abbrev  0x000000000000237a      0x3dd build/event_groups.o
 .debug_abbrev  0x0000000000002757      0x245 build/list.o
 .debug_abbrev  0x000000000000299c      0x478 build/queue.o
 .debug_abbrev  0x0000000000002e14      0x464 build/tasks.o
 .debug_abbrev  0x0000000000003278      0x3de build/timers.o
 .debug_abbrev  0x0000000000003656      0x4c7 build/cmsis_os2.o
 .debug_abbrev  0x0000000000003b1d      0x36d build/heap_4.o
 .debug_abbrev  0x0000000000003e8a      0x29d build/port.o
 .debug_abbrev  0x0000000000004127       0x12 build/startup_stm32f103xb.o

.debug_loc      0x0000000000000000    0x194fd
 .debug_loc     0x0000000000000000      0x3c0 build/main.o
 .debug_loc     0x00000000000003c0       0xa0 build/stm32f1xx_it.o
 .debug_loc     0x0000000000000460      0x257 build/stm32f1xx_hal_msp.o
 .debug_loc     0x00000000000006b7       0xcd build/stm32f1xx_hal_timebase_tim.o
 .debug_loc     0x0000000000000784     0x2388 build/stm32f1xx_hal_spi.o
 .debug_loc     0x0000000000002b0c      0x1bb build/stm32f1xx_hal.o
 .debug_loc     0x0000000000002cc7      0x7c0 build/stm32f1xx_hal_rcc.o
 .debug_loc     0x0000000000003487      0x50e build/stm32f1xx_hal_gpio.o
 .debug_loc     0x0000000000003995      0x901 build/stm32f1xx_hal_dma.o
 .debug_loc     0x0000000000004296      0x7af build/stm32f1xx_hal_cortex.o
 .debug_loc     0x0000000000004a45     0x4619 build/stm32f1xx_hal_tim.o
 .debug_loc     0x000000000000905e     0x15ad build/stm32f1xx_hal_tim_ex.o
 .debug_loc     0x000000000000a60b     0x1d1b build/stm32f1xx_hal_uart.o
 .debug_loc     0x000000000000c326       0xff build/system_stm32f1xx.o
 .debug_loc     0x000000000000c425      0xd00 build/event_groups.o
 .debug_loc     0x000000000000d125       0xe5 build/list.o
 .debug_loc     0x000000000000d20a     0x1efb build/queue.o
 .debug_loc     0x000000000000f105     0x2a01 build/tasks.o
 .debug_loc     0x0000000000011b06     0x12e3 build/timers.o
 .debug_loc     0x0000000000012de9     0x61f3 build/cmsis_os2.o
 .debug_loc     0x0000000000018fdc      0x3b5 build/heap_4.o
 .debug_loc     0x0000000000019391      0x16c build/port.o

.debug_aranges  0x0000000000000000     0x1508
 .debug_aranges
                0x0000000000000000       0x70 build/main.o
 .debug_aranges
                0x0000000000000070       0x78 build/stm32f1xx_it.o
 .debug_aranges
                0x00000000000000e8       0x40 build/stm32f1xx_hal_msp.o
 .debug_aranges
                0x0000000000000128       0x30 build/stm32f1xx_hal_timebase_tim.o
 .debug_aranges
                0x0000000000000158      0x1d0 build/stm32f1xx_hal_spi.o
 .debug_aranges
                0x0000000000000328       0xe0 build/stm32f1xx_hal.o
 .debug_aranges
                0x0000000000000408       0x90 build/stm32f1xx_hal_rcc.o
 .debug_aranges
                0x0000000000000498       0x58 build/stm32f1xx_hal_gpio.o
 .debug_aranges
                0x00000000000004f0       0x80 build/stm32f1xx_hal_dma.o
 .debug_aranges
                0x0000000000000570       0x90 build/stm32f1xx_hal_cortex.o
 .debug_aranges
                0x0000000000000600      0x3a8 build/stm32f1xx_hal_tim.o
 .debug_aranges
                0x00000000000009a8      0x150 build/stm32f1xx_hal_tim_ex.o
 .debug_aranges
                0x0000000000000af8      0x1d0 build/stm32f1xx_hal_uart.o
 .debug_aranges
                0x0000000000000cc8       0x28 build/system_stm32f1xx.o
 .debug_aranges
                0x0000000000000cf0       0x90 build/event_groups.o
 .debug_aranges
                0x0000000000000d80       0x40 build/list.o
 .debug_aranges
                0x0000000000000dc0      0x158 build/queue.o
 .debug_aranges
                0x0000000000000f18      0x1f8 build/tasks.o
 .debug_aranges
                0x0000000000001110       0xe0 build/timers.o
 .debug_aranges
                0x00000000000011f0      0x228 build/cmsis_os2.o
 .debug_aranges
                0x0000000000001418       0x50 build/heap_4.o
 .debug_aranges
                0x0000000000001468       0x78 build/port.o
 .debug_aranges
                0x00000000000014e0       0x28 build/startup_stm32f103xb.o

.debug_ranges   0x0000000000000000     0x1680
 .debug_ranges  0x0000000000000000       0x78 build/main.o
 .debug_ranges  0x0000000000000078       0x68 build/stm32f1xx_it.o
 .debug_ranges  0x00000000000000e0       0x30 build/stm32f1xx_hal_msp.o
 .debug_ranges  0x0000000000000110       0x20 build/stm32f1xx_hal_timebase_tim.o
 .debug_ranges  0x0000000000000130      0x1c0 build/stm32f1xx_hal_spi.o
 .debug_ranges  0x00000000000002f0       0xd0 build/stm32f1xx_hal.o
 .debug_ranges  0x00000000000003c0       0xa0 build/stm32f1xx_hal_rcc.o
 .debug_ranges  0x0000000000000460       0x48 build/stm32f1xx_hal_gpio.o
 .debug_ranges  0x00000000000004a8       0x70 build/stm32f1xx_hal_dma.o
 .debug_ranges  0x0000000000000518       0xe0 build/stm32f1xx_hal_cortex.o
 .debug_ranges  0x00000000000005f8      0x398 build/stm32f1xx_hal_tim.o
 .debug_ranges  0x0000000000000990      0x140 build/stm32f1xx_hal_tim_ex.o
 .debug_ranges  0x0000000000000ad0      0x1c0 build/stm32f1xx_hal_uart.o
 .debug_ranges  0x0000000000000c90       0x18 build/system_stm32f1xx.o
 .debug_ranges  0x0000000000000ca8       0xb8 build/event_groups.o
 .debug_ranges  0x0000000000000d60       0x30 build/list.o
 .debug_ranges  0x0000000000000d90      0x218 build/queue.o
 .debug_ranges  0x0000000000000fa8      0x328 build/tasks.o
 .debug_ranges  0x00000000000012d0       0xd0 build/timers.o
 .debug_ranges  0x00000000000013a0      0x218 build/cmsis_os2.o
 .debug_ranges  0x00000000000015b8       0x40 build/heap_4.o
 .debug_ranges  0x00000000000015f8       0x68 build/port.o
 .debug_ranges  0x0000000000001660       0x20 build/startup_stm32f103xb.o

.debug_line     0x0000000000000000    0x1728d
 .debug_line    0x0000000000000000      0x893 build/main.o
 .debug_line    0x0000000000000893      0x3b9 build/stm32f1xx_it.o
 .debug_line    0x0000000000000c4c      0x45b build/stm32f1xx_hal_msp.o
 .debug_line    0x00000000000010a7      0x315 build/stm32f1xx_hal_timebase_tim.o
 .debug_line    0x00000000000013bc     0x23ff build/stm32f1xx_hal_spi.o
 .debug_line    0x00000000000037bb      0x556 build/stm32f1xx_hal.o
 .debug_line    0x0000000000003d11      0xc77 build/stm32f1xx_hal_rcc.o
 .debug_line    0x0000000000004988      0x65d build/stm32f1xx_hal_gpio.o
 .debug_line    0x0000000000004fe5      0xacf build/stm32f1xx_hal_dma.o
 .debug_line    0x0000000000005ab4      0x6b0 build/stm32f1xx_hal_cortex.o
 .debug_line    0x0000000000006164     0x369d build/stm32f1xx_hal_tim.o
 .debug_line    0x0000000000009801     0x120b build/stm32f1xx_hal_tim_ex.o
 .debug_line    0x000000000000aa0c     0x1c19 build/stm32f1xx_hal_uart.o
 .debug_line    0x000000000000c625      0x300 build/system_stm32f1xx.o
 .debug_line    0x000000000000c925      0xc1c build/event_groups.o
 .debug_line    0x000000000000d541      0x4d9 build/list.o
 .debug_line    0x000000000000da1a     0x2112 build/queue.o
 .debug_line    0x000000000000fb2c     0x2ca0 build/tasks.o
 .debug_line    0x00000000000127cc      0xee8 build/timers.o
 .debug_line    0x00000000000136b4     0x2dc9 build/cmsis_os2.o
 .debug_line    0x000000000001647d      0x757 build/heap_4.o
 .debug_line    0x0000000000016bd4      0x647 build/port.o
 .debug_line    0x000000000001721b       0x72 build/startup_stm32f103xb.o

.debug_str      0x0000000000000000     0x6f66
 .debug_str     0x0000000000000000     0x17f9 build/main.o
                                       0x1916 (size before relaxing)
 .debug_str     0x00000000000017f9      0x135 build/stm32f1xx_it.o
                                        0xa99 (size before relaxing)
 .debug_str     0x000000000000192e       0xc7 build/stm32f1xx_hal_msp.o
                                        0xbcc (size before relaxing)
 .debug_str     0x00000000000019f5       0xf0 build/stm32f1xx_hal_timebase_tim.o
                                        0xab9 (size before relaxing)
 .debug_str     0x0000000000001ae5      0x544 build/stm32f1xx_hal_spi.o
                                        0xbf4 (size before relaxing)
 .debug_str     0x0000000000002029      0x223 build/stm32f1xx_hal.o
                                        0x85d (size before relaxing)
 .debug_str     0x000000000000224c      0x1b0 build/stm32f1xx_hal_rcc.o
                                        0x6b2 (size before relaxing)
 .debug_str     0x00000000000023fc      0x115 build/stm32f1xx_hal_gpio.o
                                        0x4d0 (size before relaxing)
 .debug_str     0x0000000000002511      0x207 build/stm32f1xx_hal_dma.o
                                        0x6cd (size before relaxing)
 .debug_str     0x0000000000002718      0x388 build/stm32f1xx_hal_cortex.o
                                        0x97f (size before relaxing)
 .debug_str     0x0000000000002aa0      0xdcb build/stm32f1xx_hal_tim.o
                                       0x1501 (size before relaxing)
 .debug_str     0x000000000000386b      0x545 build/stm32f1xx_hal_tim_ex.o
                                        0xd19 (size before relaxing)
 .debug_str     0x0000000000003db0      0x4cd build/stm32f1xx_hal_uart.o
                                        0xc49 (size before relaxing)
 .debug_str     0x000000000000427d       0x4a build/system_stm32f1xx.o
                                        0x33f (size before relaxing)
 .debug_str     0x00000000000042c7      0x590 build/event_groups.o
                                        0xc02 (size before relaxing)
 .debug_str     0x0000000000004857       0xac build/list.o
                                        0x6e4 (size before relaxing)
 .debug_str     0x0000000000004903      0x826 build/queue.o
                                       0x1062 (size before relaxing)
 .debug_str     0x0000000000005129      0xbd5 build/tasks.o
                                       0x165e (size before relaxing)
 .debug_str     0x0000000000005cfe      0x58b build/timers.o
                                        0xfd5 (size before relaxing)
 .debug_str     0x0000000000006289      0x967 build/cmsis_os2.o
                                       0x1cc0 (size before relaxing)
 .debug_str     0x0000000000006bf0      0x1d5 build/heap_4.o
                                        0x7cd (size before relaxing)
 .debug_str     0x0000000000006dc5      0x17d build/port.o
                                        0x45a (size before relaxing)
 .debug_str     0x0000000000006f42       0x24 build/startup_stm32f103xb.o
                                         0x4a (size before relaxing)

.comment        0x0000000000000000       0x79
 .comment       0x0000000000000000       0x79 build/main.o
                                         0x7a (size before relaxing)
 .comment       0x0000000000000079       0x7a build/stm32f1xx_it.o
 .comment       0x0000000000000079       0x7a build/stm32f1xx_hal_msp.o
 .comment       0x0000000000000079       0x7a build/stm32f1xx_hal_timebase_tim.o
 .comment       0x0000000000000079       0x7a build/stm32f1xx_hal_spi.o
 .comment       0x0000000000000079       0x7a build/stm32f1xx_hal.o
 .comment       0x0000000000000079       0x7a build/stm32f1xx_hal_rcc.o
 .comment       0x0000000000000079       0x7a build/stm32f1xx_hal_gpio.o
 .comment       0x0000000000000079       0x7a build/stm32f1xx_hal_dma.o
 .comment       0x0000000000000079       0x7a build/stm32f1xx_hal_cortex.o
 .comment       0x0000000000000079       0x7a build/stm32f1xx_hal_tim.o
 .comment       0x0000000000000079       0x7a build/stm32f1xx_hal_tim_ex.o
 .comment       0x0000000000000079       0x7a build/stm32f1xx_hal_uart.o
 .comment       0x0000000000000079       0x7a build/system_stm32f1xx.o
 .comment       0x0000000000000079       0x7a build/event_groups.o
 .comment       0x0000000000000079       0x7a build/list.o
 .comment       0x0000000000000079       0x7a build/queue.o
 .comment       0x0000000000000079       0x7a build/tasks.o
 .comment       0x0000000000000079       0x7a build/timers.o
 .comment       0x0000000000000079       0x7a build/cmsis_os2.o
 .comment       0x0000000000000079       0x7a build/heap_4.o
 .comment       0x0000000000000079       0x7a build/port.o

.debug_frame    0x0000000000000000     0x4738
 .debug_frame   0x0000000000000000      0x174 build/main.o
 .debug_frame   0x0000000000000174      0x10c build/stm32f1xx_it.o
 .debug_frame   0x0000000000000280       0xb4 build/stm32f1xx_hal_msp.o
 .debug_frame   0x0000000000000334       0x50 build/stm32f1xx_hal_timebase_tim.o
 .debug_frame   0x0000000000000384      0x62c build/stm32f1xx_hal_spi.o
 .debug_frame   0x00000000000009b0      0x1e0 build/stm32f1xx_hal.o
 .debug_frame   0x0000000000000b90      0x1c0 build/stm32f1xx_hal_rcc.o
 .debug_frame   0x0000000000000d50      0x104 build/stm32f1xx_hal_gpio.o
 .debug_frame   0x0000000000000e54      0x168 build/stm32f1xx_hal_dma.o
 .debug_frame   0x0000000000000fbc      0x13c build/stm32f1xx_hal_cortex.o
 .debug_frame   0x00000000000010f8      0xbe8 build/stm32f1xx_hal_tim.o
 .debug_frame   0x0000000000001ce0      0x430 build/stm32f1xx_hal_tim_ex.o
 .debug_frame   0x0000000000002110      0x574 build/stm32f1xx_hal_uart.o
 .debug_frame   0x0000000000002684       0x30 build/system_stm32f1xx.o
 .debug_frame   0x00000000000026b4      0x1e8 build/event_groups.o
 .debug_frame   0x000000000000289c       0x74 build/list.o
 .debug_frame   0x0000000000002910      0x4f8 build/queue.o
 .debug_frame   0x0000000000002e08      0x738 build/tasks.o
 .debug_frame   0x0000000000003540      0x318 build/timers.o
 .debug_frame   0x0000000000003858      0x8e4 build/cmsis_os2.o
 .debug_frame   0x000000000000413c       0xbc build/heap_4.o
 .debug_frame   0x00000000000041f8       0xf4 build/port.o
 .debug_frame   0x00000000000042ec       0x2c /usr/local/Caskroom/gcc-arm-embedded/9-2019-q4-major/gcc-arm-none-eabi-9-2019-q4-major/bin/../lib/gcc/arm-none-eabi/9.2.1/../../../../arm-none-eabi/lib/thumb/v7-m/nofp/libc_nano.a(lib_a-init.o)
 .debug_frame   0x0000000000004318       0x28 /usr/local/Caskroom/gcc-arm-embedded/9-2019-q4-major/gcc-arm-none-eabi-9-2019-q4-major/bin/../lib/gcc/arm-none-eabi/9.2.1/../../../../arm-none-eabi/lib/thumb/v7-m/nofp/libc_nano.a(lib_a-memcpy-stub.o)
 .debug_frame   0x0000000000004340       0x20 /usr/local/Caskroom/gcc-arm-embedded/9-2019-q4-major/gcc-arm-none-eabi-9-2019-q4-major/bin/../lib/gcc/arm-none-eabi/9.2.1/../../../../arm-none-eabi/lib/thumb/v7-m/nofp/libc_nano.a(lib_a-memset.o)
 .debug_frame   0x0000000000004360       0x4c /usr/local/Caskroom/gcc-arm-embedded/9-2019-q4-major/gcc-arm-none-eabi-9-2019-q4-major/bin/../lib/gcc/arm-none-eabi/9.2.1/../../../../arm-none-eabi/lib/thumb/v7-m/nofp/libc_nano.a(lib_a-vsnprintf.o)
 .debug_frame   0x00000000000043ac       0x90 /usr/local/Caskroom/gcc-arm-embedded/9-2019-q4-major/gcc-arm-none-eabi-9-2019-q4-major/bin/../lib/gcc/arm-none-eabi/9.2.1/../../../../arm-none-eabi/lib/thumb/v7-m/nofp/libc_nano.a(lib_a-nano-svfprintf.o)
 .debug_frame   0x000000000000443c       0x60 /usr/local/Caskroom/gcc-arm-embedded/9-2019-q4-major/gcc-arm-none-eabi-9-2019-q4-major/bin/../lib/gcc/arm-none-eabi/9.2.1/../../../../arm-none-eabi/lib/thumb/v7-m/nofp/libc_nano.a(lib_a-nano-vfprintf_i.o)
 .debug_frame   0x000000000000449c       0x28 /usr/local/Caskroom/gcc-arm-embedded/9-2019-q4-major/gcc-arm-none-eabi-9-2019-q4-major/bin/../lib/gcc/arm-none-eabi/9.2.1/../../../../arm-none-eabi/lib/thumb/v7-m/nofp/libc_nano.a(lib_a-memchr-stub.o)
 .debug_frame   0x00000000000044c4       0x28 /usr/local/Caskroom/gcc-arm-embedded/9-2019-q4-major/gcc-arm-none-eabi-9-2019-q4-major/bin/../lib/gcc/arm-none-eabi/9.2.1/../../../../arm-none-eabi/lib/thumb/v7-m/nofp/libc_nano.a(lib_a-memmove.o)
 .debug_frame   0x00000000000044ec       0x38 /usr/local/Caskroom/gcc-arm-embedded/9-2019-q4-major/gcc-arm-none-eabi-9-2019-q4-major/bin/../lib/gcc/arm-none-eabi/9.2.1/../../../../arm-none-eabi/lib/thumb/v7-m/nofp/libc_nano.a(lib_a-nano-freer.o)
 .debug_frame   0x0000000000004524       0x30 /usr/local/Caskroom/gcc-arm-embedded/9-2019-q4-major/gcc-arm-none-eabi-9-2019-q4-major/bin/../lib/gcc/arm-none-eabi/9.2.1/../../../../arm-none-eabi/lib/thumb/v7-m/nofp/libc_nano.a(lib_a-nano-mallocr.o)
 .debug_frame   0x0000000000004554       0x3c /usr/local/Caskroom/gcc-arm-embedded/9-2019-q4-major/gcc-arm-none-eabi-9-2019-q4-major/bin/../lib/gcc/arm-none-eabi/9.2.1/../../../../arm-none-eabi/lib/thumb/v7-m/nofp/libc_nano.a(lib_a-nano-reallocr.o)
 .debug_frame   0x0000000000004590       0x2c /usr/local/Caskroom/gcc-arm-embedded/9-2019-q4-major/gcc-arm-none-eabi-9-2019-q4-major/bin/../lib/gcc/arm-none-eabi/9.2.1/../../../../arm-none-eabi/lib/thumb/v7-m/nofp/libc_nano.a(lib_a-sbrkr.o)
 .debug_frame   0x00000000000045bc       0x30 /usr/local/Caskroom/gcc-arm-embedded/9-2019-q4-major/gcc-arm-none-eabi-9-2019-q4-major/bin/../lib/gcc/arm-none-eabi/9.2.1/../../../../arm-none-eabi/lib/thumb/v7-m/nofp/libc_nano.a(lib_a-mlock.o)
 .debug_frame   0x00000000000045ec       0x20 /usr/local/Caskroom/gcc-arm-embedded/9-2019-q4-major/gcc-arm-none-eabi-9-2019-q4-major/bin/../lib/gcc/arm-none-eabi/9.2.1/../../../../arm-none-eabi/lib/thumb/v7-m/nofp/libc_nano.a(lib_a-nano-msizer.o)
 .debug_frame   0x000000000000460c       0x5c /usr/local/Caskroom/gcc-arm-embedded/9-2019-q4-major/gcc-arm-none-eabi-9-2019-q4-major/bin/../lib/gcc/arm-none-eabi/9.2.1/../../../../arm-none-eabi/lib/thumb/v7-m/nofp/libc_nano.a(lib_a-reent.o)
 .debug_frame   0x0000000000004668       0xb0 /usr/local/Caskroom/gcc-arm-embedded/9-2019-q4-major/gcc-arm-none-eabi-9-2019-q4-major/bin/../lib/gcc/arm-none-eabi/9.2.1/../../../../arm-none-eabi/lib/thumb/v7-m/nofp/libc_nano.a(lib_a-lock.o)
 .debug_frame   0x0000000000004718       0x20 /usr/local/Caskroom/gcc-arm-embedded/9-2019-q4-major/gcc-arm-none-eabi-9-2019-q4-major/bin/../lib/gcc/arm-none-eabi/9.2.1/../../../../arm-none-eabi/lib/thumb/v7-m/nofp/libnosys.a(sbrk.o)

Cross Reference Table

Symbol                                            File
ADC1_2_IRQHandler                                 build/startup_stm32f103xb.o
AHBPrescTable                                     build/system_stm32f1xx.o
                                                  build/stm32f1xx_hal_rcc.o
APBPrescTable                                     build/system_stm32f1xx.o
                                                  build/stm32f1xx_hal_rcc.o
BusFault_Handler                                  build/stm32f1xx_it.o
CAN1_RX1_IRQHandler                               build/startup_stm32f103xb.o
CAN1_SCE_IRQHandler                               build/startup_stm32f103xb.o
DMA1_Channel1_IRQHandler                          build/startup_stm32f103xb.o
DMA1_Channel2_IRQHandler                          build/startup_stm32f103xb.o
DMA1_Channel3_IRQHandler                          build/startup_stm32f103xb.o
DMA1_Channel4_IRQHandler                          build/startup_stm32f103xb.o
DMA1_Channel5_IRQHandler                          build/startup_stm32f103xb.o
DMA1_Channel6_IRQHandler                          build/startup_stm32f103xb.o
DMA1_Channel7_IRQHandler                          build/startup_stm32f103xb.o
DebugMon_Handler                                  build/stm32f1xx_it.o
Default_Handler                                   build/startup_stm32f103xb.o
EXTI0_IRQHandler                                  build/startup_stm32f103xb.o
EXTI15_10_IRQHandler                              build/startup_stm32f103xb.o
EXTI1_IRQHandler                                  build/startup_stm32f103xb.o
EXTI2_IRQHandler                                  build/startup_stm32f103xb.o
EXTI3_IRQHandler                                  build/startup_stm32f103xb.o
EXTI4_IRQHandler                                  build/startup_stm32f103xb.o
EXTI9_5_IRQHandler                                build/stm32f1xx_it.o
Error_Handler                                     build/main.o
FLASH_IRQHandler                                  build/startup_stm32f103xb.o
FLASH_PageErase                                   build/stm32f1xx_hal_flash_ex.o
                                                  build/stm32f1xx_hal_flash.o
FLASH_WaitForLastOperation                        build/stm32f1xx_hal_flash.o
                                                  build/stm32f1xx_hal_flash_ex.o
HAL_DBGMCU_DisableDBGSleepMode                    build/stm32f1xx_hal.o
HAL_DBGMCU_DisableDBGStandbyMode                  build/stm32f1xx_hal.o
HAL_DBGMCU_DisableDBGStopMode                     build/stm32f1xx_hal.o
HAL_DBGMCU_EnableDBGSleepMode                     build/stm32f1xx_hal.o
HAL_DBGMCU_EnableDBGStandbyMode                   build/stm32f1xx_hal.o
HAL_DBGMCU_EnableDBGStopMode                      build/stm32f1xx_hal.o
HAL_DMA_Abort                                     build/stm32f1xx_hal_dma.o
                                                  build/stm32f1xx_hal_uart.o
                                                  build/stm32f1xx_hal_spi.o
HAL_DMA_Abort_IT                                  build/stm32f1xx_hal_dma.o
                                                  build/stm32f1xx_hal_uart.o
                                                  build/stm32f1xx_hal_tim_ex.o
                                                  build/stm32f1xx_hal_tim.o
                                                  build/stm32f1xx_hal_spi.o
HAL_DMA_DeInit                                    build/stm32f1xx_hal_dma.o
HAL_DMA_GetError                                  build/stm32f1xx_hal_dma.o
                                                  build/stm32f1xx_hal_uart.o
HAL_DMA_GetState                                  build/stm32f1xx_hal_dma.o
HAL_DMA_IRQHandler                                build/stm32f1xx_hal_dma.o
HAL_DMA_Init                                      build/stm32f1xx_hal_dma.o
HAL_DMA_PollForTransfer                           build/stm32f1xx_hal_dma.o
HAL_DMA_RegisterCallback                          build/stm32f1xx_hal_dma.o
HAL_DMA_Start                                     build/stm32f1xx_hal_dma.o
HAL_DMA_Start_IT                                  build/stm32f1xx_hal_dma.o
                                                  build/stm32f1xx_hal_uart.o
                                                  build/stm32f1xx_hal_tim_ex.o
                                                  build/stm32f1xx_hal_tim.o
                                                  build/stm32f1xx_hal_spi.o
HAL_DMA_UnRegisterCallback                        build/stm32f1xx_hal_dma.o
HAL_DeInit                                        build/stm32f1xx_hal.o
HAL_Delay                                         build/stm32f1xx_hal.o
HAL_EXTI_ClearConfigLine                          build/stm32f1xx_hal_exti.o
HAL_EXTI_ClearPending                             build/stm32f1xx_hal_exti.o
HAL_EXTI_GenerateSWI                              build/stm32f1xx_hal_exti.o
HAL_EXTI_GetConfigLine                            build/stm32f1xx_hal_exti.o
HAL_EXTI_GetHandle                                build/stm32f1xx_hal_exti.o
HAL_EXTI_GetPending                               build/stm32f1xx_hal_exti.o
HAL_EXTI_IRQHandler                               build/stm32f1xx_hal_exti.o
HAL_EXTI_RegisterCallback                         build/stm32f1xx_hal_exti.o
HAL_EXTI_SetConfigLine                            build/stm32f1xx_hal_exti.o
HAL_FLASHEx_Erase                                 build/stm32f1xx_hal_flash_ex.o
HAL_FLASHEx_Erase_IT                              build/stm32f1xx_hal_flash_ex.o
HAL_FLASHEx_OBErase                               build/stm32f1xx_hal_flash_ex.o
HAL_FLASHEx_OBGetConfig                           build/stm32f1xx_hal_flash_ex.o
HAL_FLASHEx_OBGetUserData                         build/stm32f1xx_hal_flash_ex.o
HAL_FLASHEx_OBProgram                             build/stm32f1xx_hal_flash_ex.o
HAL_FLASH_EndOfOperationCallback                  build/stm32f1xx_hal_flash.o
HAL_FLASH_GetError                                build/stm32f1xx_hal_flash.o
HAL_FLASH_IRQHandler                              build/stm32f1xx_hal_flash.o
HAL_FLASH_Lock                                    build/stm32f1xx_hal_flash.o
HAL_FLASH_OB_Launch                               build/stm32f1xx_hal_flash.o
HAL_FLASH_OB_Lock                                 build/stm32f1xx_hal_flash.o
HAL_FLASH_OB_Unlock                               build/stm32f1xx_hal_flash.o
HAL_FLASH_OperationErrorCallback                  build/stm32f1xx_hal_flash.o
HAL_FLASH_Program                                 build/stm32f1xx_hal_flash.o
HAL_FLASH_Program_IT                              build/stm32f1xx_hal_flash.o
HAL_FLASH_Unlock                                  build/stm32f1xx_hal_flash.o
HAL_GPIOEx_ConfigEventout                         build/stm32f1xx_hal_gpio_ex.o
HAL_GPIOEx_DisableEventout                        build/stm32f1xx_hal_gpio_ex.o
HAL_GPIOEx_EnableEventout                         build/stm32f1xx_hal_gpio_ex.o
HAL_GPIO_DeInit                                   build/stm32f1xx_hal_gpio.o
                                                  build/stm32f1xx_hal_msp.o
HAL_GPIO_EXTI_Callback                            build/main.o
HAL_GPIO_EXTI_IRQHandler                          build/stm32f1xx_hal_gpio.o
                                                  build/stm32f1xx_it.o
HAL_GPIO_Init                                     build/stm32f1xx_hal_gpio.o
                                                  build/stm32f1xx_hal_rcc.o
                                                  build/stm32f1xx_hal_msp.o
                                                  build/main.o
HAL_GPIO_LockPin                                  build/stm32f1xx_hal_gpio.o
HAL_GPIO_ReadPin                                  build/stm32f1xx_hal_gpio.o
HAL_GPIO_TogglePin                                build/stm32f1xx_hal_gpio.o
HAL_GPIO_WritePin                                 build/stm32f1xx_hal_gpio.o
HAL_GetDEVID                                      build/stm32f1xx_hal.o
HAL_GetHalVersion                                 build/stm32f1xx_hal.o
HAL_GetREVID                                      build/stm32f1xx_hal.o
HAL_GetTick                                       build/stm32f1xx_hal.o
                                                  build/stm32f1xx_hal_uart.o
                                                  build/stm32f1xx_hal_flash.o
                                                  build/stm32f1xx_hal_dma.o
                                                  build/stm32f1xx_hal_rcc_ex.o
                                                  build/stm32f1xx_hal_rcc.o
                                                  build/stm32f1xx_hal_spi.o
HAL_GetTickFreq                                   build/stm32f1xx_hal.o
HAL_GetTickPrio                                   build/stm32f1xx_hal.o
HAL_GetUIDw0                                      build/stm32f1xx_hal.o
HAL_GetUIDw1                                      build/stm32f1xx_hal.o
HAL_GetUIDw2                                      build/stm32f1xx_hal.o
HAL_HalfDuplex_EnableReceiver                     build/stm32f1xx_hal_uart.o
HAL_HalfDuplex_EnableTransmitter                  build/stm32f1xx_hal_uart.o
HAL_HalfDuplex_Init                               build/stm32f1xx_hal_uart.o
HAL_IncTick                                       build/stm32f1xx_hal.o
                                                  build/main.o
HAL_Init                                          build/stm32f1xx_hal.o
                                                  build/main.o
HAL_InitTick                                      build/stm32f1xx_hal_timebase_tim.o
                                                  build/stm32f1xx_hal_rcc.o
HAL_LIN_Init                                      build/stm32f1xx_hal_uart.o
HAL_LIN_SendBreak                                 build/stm32f1xx_hal_uart.o
HAL_MspDeInit                                     build/stm32f1xx_hal.o
HAL_MspInit                                       build/stm32f1xx_hal_msp.o
HAL_MultiProcessor_EnterMuteMode                  build/stm32f1xx_hal_uart.o
HAL_MultiProcessor_ExitMuteMode                   build/stm32f1xx_hal_uart.o
HAL_MultiProcessor_Init                           build/stm32f1xx_hal_uart.o
HAL_NVIC_ClearPendingIRQ                          build/stm32f1xx_hal_cortex.o
HAL_NVIC_DisableIRQ                               build/stm32f1xx_hal_cortex.o
                                                  build/stm32f1xx_hal_msp.o
HAL_NVIC_EnableIRQ                                build/stm32f1xx_hal_cortex.o
                                                  build/stm32f1xx_hal_timebase_tim.o
                                                  build/stm32f1xx_hal_msp.o
                                                  build/main.o
HAL_NVIC_GetActive                                build/stm32f1xx_hal_cortex.o
HAL_NVIC_GetPendingIRQ                            build/stm32f1xx_hal_cortex.o
HAL_NVIC_GetPriority                              build/stm32f1xx_hal_cortex.o
HAL_NVIC_GetPriorityGrouping                      build/stm32f1xx_hal_cortex.o
HAL_NVIC_SetPendingIRQ                            build/stm32f1xx_hal_cortex.o
HAL_NVIC_SetPriority                              build/stm32f1xx_hal_cortex.o
                                                  build/stm32f1xx_hal.o
                                                  build/stm32f1xx_hal_timebase_tim.o
                                                  build/stm32f1xx_hal_msp.o
                                                  build/main.o
HAL_NVIC_SetPriorityGrouping                      build/stm32f1xx_hal_cortex.o
                                                  build/stm32f1xx_hal.o
HAL_NVIC_SystemReset                              build/stm32f1xx_hal_cortex.o
                                                  build/stm32f1xx_hal_flash.o
HAL_PWR_ConfigPVD                                 build/stm32f1xx_hal_pwr.o
HAL_PWR_DeInit                                    build/stm32f1xx_hal_pwr.o
HAL_PWR_DisableBkUpAccess                         build/stm32f1xx_hal_pwr.o
HAL_PWR_DisablePVD                                build/stm32f1xx_hal_pwr.o
HAL_PWR_DisableSEVOnPend                          build/stm32f1xx_hal_pwr.o
HAL_PWR_DisableSleepOnExit                        build/stm32f1xx_hal_pwr.o
HAL_PWR_DisableWakeUpPin                          build/stm32f1xx_hal_pwr.o
HAL_PWR_EnableBkUpAccess                          build/stm32f1xx_hal_pwr.o
HAL_PWR_EnablePVD                                 build/stm32f1xx_hal_pwr.o
HAL_PWR_EnableSEVOnPend                           build/stm32f1xx_hal_pwr.o
HAL_PWR_EnableSleepOnExit                         build/stm32f1xx_hal_pwr.o
HAL_PWR_EnableWakeUpPin                           build/stm32f1xx_hal_pwr.o
HAL_PWR_EnterSLEEPMode                            build/stm32f1xx_hal_pwr.o
HAL_PWR_EnterSTANDBYMode                          build/stm32f1xx_hal_pwr.o
HAL_PWR_EnterSTOPMode                             build/stm32f1xx_hal_pwr.o
HAL_PWR_PVDCallback                               build/stm32f1xx_hal_pwr.o
HAL_PWR_PVD_IRQHandler                            build/stm32f1xx_hal_pwr.o
HAL_RCCEx_GetPeriphCLKConfig                      build/stm32f1xx_hal_rcc_ex.o
HAL_RCCEx_GetPeriphCLKFreq                        build/stm32f1xx_hal_rcc_ex.o
HAL_RCCEx_PeriphCLKConfig                         build/stm32f1xx_hal_rcc_ex.o
HAL_RCC_CSSCallback                               build/stm32f1xx_hal_rcc.o
HAL_RCC_ClockConfig                               build/stm32f1xx_hal_rcc.o
                                                  build/main.o
HAL_RCC_DeInit                                    build/stm32f1xx_hal_rcc.o
HAL_RCC_DisableCSS                                build/stm32f1xx_hal_rcc.o
HAL_RCC_EnableCSS                                 build/stm32f1xx_hal_rcc.o
HAL_RCC_GetClockConfig                            build/stm32f1xx_hal_rcc.o
                                                  build/stm32f1xx_hal_timebase_tim.o
HAL_RCC_GetHCLKFreq                               build/stm32f1xx_hal_rcc.o
HAL_RCC_GetOscConfig                              build/stm32f1xx_hal_rcc.o
HAL_RCC_GetPCLK1Freq                              build/stm32f1xx_hal_rcc.o
                                                  build/stm32f1xx_hal_uart.o
                                                  build/stm32f1xx_hal_timebase_tim.o
HAL_RCC_GetPCLK2Freq                              build/stm32f1xx_hal_rcc.o
                                                  build/stm32f1xx_hal_uart.o
                                                  build/stm32f1xx_hal_rcc_ex.o
HAL_RCC_GetSysClockFreq                           build/stm32f1xx_hal_rcc.o
HAL_RCC_MCOConfig                                 build/stm32f1xx_hal_rcc.o
HAL_RCC_NMI_IRQHandler                            build/stm32f1xx_hal_rcc.o